Archive member included to satisfy reference by file (symbol)

.\CortexM3\ARM_GCC_541\Debug\PSOC_MATLAB_CFAR.a(WaveDAC8.o)
                              .\CortexM3\ARM_GCC_541\Debug\main.o (WaveDAC8_Enable)
.\CortexM3\ARM_GCC_541\Debug\PSOC_MATLAB_CFAR.a(LED_yellow.o)
                              .\CortexM3\ARM_GCC_541\Debug\led.o (LED_yellow_Write)
.\CortexM3\ARM_GCC_541\Debug\PSOC_MATLAB_CFAR.a(LED_red.o)
                              .\CortexM3\ARM_GCC_541\Debug\led.o (LED_red_Write)
.\CortexM3\ARM_GCC_541\Debug\PSOC_MATLAB_CFAR.a(LED_green.o)
                              .\CortexM3\ARM_GCC_541\Debug\led.o (LED_green_Write)
.\CortexM3\ARM_GCC_541\Debug\PSOC_MATLAB_CFAR.a(isr_button.o)
                              .\CortexM3\ARM_GCC_541\Debug\main.o (isr_button_StartEx)
.\CortexM3\ARM_GCC_541\Debug\PSOC_MATLAB_CFAR.a(UART_LOG.o)
                              .\CortexM3\ARM_GCC_541\Debug\logging.o (UART_LOG_Start)
.\CortexM3\ARM_GCC_541\Debug\PSOC_MATLAB_CFAR.a(isr_rx.o)
                              .\CortexM3\ARM_GCC_541\Debug\main.o (isr_rx_StartEx)
.\CortexM3\ARM_GCC_541\Debug\PSOC_MATLAB_CFAR.a(Button.o)
                              .\CortexM3\ARM_GCC_541\Debug\main.o (Button_ClearInterrupt)
.\CortexM3\ARM_GCC_541\Debug\PSOC_MATLAB_CFAR.a(ADC.o)
                              .\CortexM3\ARM_GCC_541\Debug\main.o (ADC_Start)
.\CortexM3\ARM_GCC_541\Debug\PSOC_MATLAB_CFAR.a(ADC_INT.o)
                              .\CortexM3\ARM_GCC_541\Debug\PSOC_MATLAB_CFAR.a(ADC.o) (ADC_ISR1)
.\CortexM3\ARM_GCC_541\Debug\PSOC_MATLAB_CFAR.a(DMA_ADC_dma.o)
                              .\CortexM3\ARM_GCC_541\Debug\main.o (DMA_ADC_DmaInitialize)
.\CortexM3\ARM_GCC_541\Debug\PSOC_MATLAB_CFAR.a(Status_Reg_1.o)
                              .\CortexM3\ARM_GCC_541\Debug\main.o (Status_Reg_1_Read)
.\CortexM3\ARM_GCC_541\Debug\PSOC_MATLAB_CFAR.a(WaveDAC8_DacClk.o)
                              .\CortexM3\ARM_GCC_541\Debug\PSOC_MATLAB_CFAR.a(WaveDAC8.o) (WaveDAC8_DacClk_Start)
.\CortexM3\ARM_GCC_541\Debug\PSOC_MATLAB_CFAR.a(WaveDAC8_Wave1_DMA_dma.o)
                              .\CortexM3\ARM_GCC_541\Debug\PSOC_MATLAB_CFAR.a(WaveDAC8.o) (WaveDAC8_Wave1_DMA_DmaInitialize)
.\CortexM3\ARM_GCC_541\Debug\PSOC_MATLAB_CFAR.a(WaveDAC8_Wave2_DMA_dma.o)
                              .\CortexM3\ARM_GCC_541\Debug\PSOC_MATLAB_CFAR.a(WaveDAC8.o) (WaveDAC8_Wave2_DMA_DmaInitialize)
.\CortexM3\ARM_GCC_541\Debug\PSOC_MATLAB_CFAR.a(WaveDAC8_VDAC8.o)
                              .\CortexM3\ARM_GCC_541\Debug\PSOC_MATLAB_CFAR.a(WaveDAC8.o) (WaveDAC8_VDAC8_Enable)
.\CortexM3\ARM_GCC_541\Debug\PSOC_MATLAB_CFAR.a(WaveDAC8_BuffAmp.o)
                              .\CortexM3\ARM_GCC_541\Debug\PSOC_MATLAB_CFAR.a(WaveDAC8.o) (WaveDAC8_BuffAmp_Enable)
.\CortexM3\ARM_GCC_541\Debug\PSOC_MATLAB_CFAR.a(UART_LOG_IntClock.o)
                              .\CortexM3\ARM_GCC_541\Debug\PSOC_MATLAB_CFAR.a(UART_LOG.o) (UART_LOG_IntClock_Start)
.\CortexM3\ARM_GCC_541\Debug\PSOC_MATLAB_CFAR.a(ADC_AMux.o)
                              .\CortexM3\ARM_GCC_541\Debug\PSOC_MATLAB_CFAR.a(ADC.o) (ADC_AMux_Select)
.\CortexM3\ARM_GCC_541\Debug\PSOC_MATLAB_CFAR.a(ADC_Ext_CP_Clk.o)
                              .\CortexM3\ARM_GCC_541\Debug\PSOC_MATLAB_CFAR.a(ADC.o) (ADC_Ext_CP_Clk_SetModeRegister)
.\CortexM3\ARM_GCC_541\Debug\PSOC_MATLAB_CFAR.a(ADC_theACLK.o)
                              .\CortexM3\ARM_GCC_541\Debug\PSOC_MATLAB_CFAR.a(ADC.o) (ADC_theACLK_SetModeRegister)
.\CortexM3\ARM_GCC_541\Debug\PSOC_MATLAB_CFAR.a(CyDmac.o)
                              .\CortexM3\ARM_GCC_541\Debug\Cm3Start.o (CyDmacConfigure)
.\CortexM3\ARM_GCC_541\Debug\PSOC_MATLAB_CFAR.a(CyLib.o)
                              .\CortexM3\ARM_GCC_541\Debug\Cm3Start.o (CyHalt)
.\CortexM3\ARM_GCC_541\Debug\PSOC_MATLAB_CFAR.a(cyPm.o)
                              .\CortexM3\ARM_GCC_541\Debug\PSOC_MATLAB_CFAR.a(CyLib.o) (CyPmReadStatus)
.\CortexM3\ARM_GCC_541\Debug\PSOC_MATLAB_CFAR.a(CyBootAsmGnu.o)
                              .\CortexM3\ARM_GCC_541\Debug\cyfitter_cfg.o (CyDelayCycles)
.\CortexM3\ARM_GCC_541\Debug\PSOC_MATLAB_CFAR.a(CyFlash.o)
                              .\CortexM3\ARM_GCC_541\Debug\PSOC_MATLAB_CFAR.a(cyPm.o) (CyFlash_SetWaitCycles)
.\CortexM3\ARM_GCC_541\Debug\PSOC_MATLAB_CFAR.a(CySpc.o)
                              .\CortexM3\ARM_GCC_541\Debug\PSOC_MATLAB_CFAR.a(CyFlash.o) (CySpcStart)
.\bsw\fft_application\lib\libfft_application.a(fft_application.o)
                              .\CortexM3\ARM_GCC_541\Debug\main.o (fft_app)
.\bsw\fft_application\lib\libfft_application.a(arm_rfft_q31.o)
                              .\bsw\fft_application\lib\libfft_application.a(fft_application.o) (arm_rfft_q31)
.\bsw\fft_application\lib\libfft_application.a(arm_rfft_init_q31.o)
                              .\bsw\fft_application\lib\libfft_application.a(fft_application.o) (arm_rfft_init_q31)
[...]
Memory Configuration

Name             Origin             Length             Attributes
rom              0x00000000         0x00040000         xr
ram              0x1fff8000         0x00010000         xrw
*default*        0x00000000         0xffffffff

Linker script and memory map

LOAD c:/program files (x86)/cypress/psoc creator/4.4/psoc creator/import/gnu/arm/5.4.1/bin/../lib/gcc/arm-none-eabi/5.4.1/armv7-m/crti.o
LOAD c:/program files (x86)/cypress/psoc creator/4.4/psoc creator/import/gnu/arm/5.4.1/bin/../lib/gcc/arm-none-eabi/5.4.1/armv7-m/crtbegin.o
LOAD c:/program files (x86)/cypress/psoc creator/4.4/psoc creator/import/gnu/arm/5.4.1/bin/../lib/gcc/arm-none-eabi/5.4.1/../../../../arm-none-eabi/lib/armv7-m/crt0.o
START GROUP
LOAD .\CortexM3\ARM_GCC_541\Debug\cfar.o
LOAD .\CortexM3\ARM_GCC_541\Debug\main.o
LOAD .\CortexM3\ARM_GCC_541\Debug\dsp.o
LOAD .\CortexM3\ARM_GCC_541\Debug\logging.o
LOAD .\CortexM3\ARM_GCC_541\Debug\led.o
LOAD .\CortexM3\ARM_GCC_541\Debug\cyfitter_cfg.o
LOAD .\CortexM3\ARM_GCC_541\Debug\cymetadata.o
LOAD .\CortexM3\ARM_GCC_541\Debug\Cm3Start.o
LOAD .\CortexM3\ARM_GCC_541\Debug\PSOC_MATLAB_CFAR.a
LOAD C:\Program Files (x86)\Cypress\PSoC Creator\4.4\PSoC Creator\psoc\content\cycomponentlibrary\CyComponentLibrary.cylib\CortexM3\ARM_GCC_541\Debug\CyComponentLibrary.a
LOAD .\bsw\fft_application\lib\libfft_application.a
LOAD c:/program files (x86)/cypress/psoc creator/4.4/psoc creator/import/gnu/arm/5.4.1/bin/../lib/gcc/arm-none-eabi/5.4.1/../../../../arm-none-eabi/lib/armv7-m\libm.a
END GROUP
START GROUP
LOAD c:/program files (x86)/cypress/psoc creator/4.4/psoc creator/import/gnu/arm/5.4.1/bin/../lib/gcc/arm-none-eabi/5.4.1/armv7-m\libgcc.a
LOAD c:/program files (x86)/cypress/psoc creator/4.4/psoc creator/import/gnu/arm/5.4.1/bin/../lib/gcc/arm-none-eabi/5.4.1/../../../../arm-none-eabi/lib/armv7-m\libg_nano.a
LOAD c:/program files (x86)/cypress/psoc creator/4.4/psoc creator/import/gnu/arm/5.4.1/bin/../lib/gcc/arm-none-eabi/5.4.1/../../../../arm-none-eabi/lib/armv7-m\libc_nano.a
END GROUP
START GROUP
LOAD c:/program files (x86)/cypress/psoc creator/4.4/psoc creator/import/gnu/arm/5.4.1/bin/../lib/gcc/arm-none-eabi/5.4.1/armv7-m\libgcc.a
LOAD c:/program files (x86)/cypress/psoc creator/4.4/psoc creator/import/gnu/arm/5.4.1/bin/../lib/gcc/arm-none-eabi/5.4.1/../../../../arm-none-eabi/lib/armv7-m\libc_nano.a
END GROUP
LOAD c:/program files (x86)/cypress/psoc creator/4.4/psoc creator/import/gnu/arm/5.4.1/bin/../lib/gcc/arm-none-eabi/5.4.1/armv7-m/crtend.o
LOAD c:/program files (x86)/cypress/psoc creator/4.4/psoc creator/import/gnu/arm/5.4.1/bin/../lib/gcc/arm-none-eabi/5.4.1/armv7-m/crtn.o
START GROUP
LOAD c:/program files (x86)/cypress/psoc creator/4.4/psoc creator/import/gnu/arm/5.4.1/bin/../lib/gcc/arm-none-eabi/5.4.1/armv7-m\libgcc.a
LOAD c:/program files (x86)/cypress/psoc creator/4.4/psoc creator/import/gnu/arm/5.4.1/bin/../lib/gcc/arm-none-eabi/5.4.1/../../../../arm-none-eabi/lib/armv7-m\libc.a
LOAD c:/program files (x86)/cypress/psoc creator/4.4/psoc creator/import/gnu/arm/5.4.1/bin/../lib/gcc/arm-none-eabi/5.4.1/../../../../arm-none-eabi/lib/armv7-m\libnosys.a
END GROUP
                0x00000000                CY_APPL_ORIGIN = 0x0
                0x00000100                CY_FLASH_ROW_SIZE = 0x100
                0x00000020                CY_ECC_ROW_SIZE = 0x20
                0x00000000                CY_EE_IN_BTLDR = 0x0
                0x00000000                CY_APPL_LOADABLE = 0x0
                0x00000800                CY_EE_SIZE = 0x800
                0x00000001                CY_APPL_NUM = 0x1
                0x00000001                CY_APPL_MAX = 0x1
                0x00000040                CY_METADATA_SIZE = 0x40
                0x00000000                CY_APPL_LOADABLE = 0x0
                0x00000000                CY_CHECKSUM_EXCLUDE_SIZE = ALIGN (0x0, CY_FLASH_ROW_SIZE)
                [!provide]                PROVIDE (__cy_heap_start, _end)
                0x00000001                PROVIDE (__cy_region_num, ((__cy_regions_end - __cy_regions) / 0x10))
                0x20008000                PROVIDE (__cy_stack, (ORIGIN (ram) + LENGTH (ram)))
                [!provide]                PROVIDE (__cy_heap_end, (__cy_stack - 0x2000))

.cybootloader   0x00000000        0x0
 *(.cybootloader)
                0x00000000                appl1_start = CY_APPL_ORIGIN?CY_APPL_ORIGIN:ALIGN (CY_FLASH_ROW_SIZE)
                0x0001ff00                appl2_start = (appl1_start + ALIGN ((((LENGTH (rom) - appl1_start) - (0x2 * CY_FLASH_ROW_SIZE)) / 0x2), CY_FLASH_ROW_SIZE))
                0x00000000                appl_start = (CY_APPL_NUM == 0x1)?appl1_start:appl2_start
                0x00000000                ecc_offset = ((appl_start / CY_FLASH_ROW_SIZE) * CY_ECC_ROW_SIZE)
                0x00000000                ee_offset = (CY_APPL_LOADABLE && ! (CY_EE_IN_BTLDR))?((CY_EE_SIZE / CY_APPL_MAX) * (CY_APPL_NUM - 0x1)):0x0
                0x00000800                ee_size = (CY_APPL_LOADABLE && ! (CY_EE_IN_BTLDR))?(CY_EE_SIZE / CY_APPL_MAX):CY_EE_SIZE
                [!provide]                PROVIDE (CY_ECC_OFFSET, ecc_offset)

.text           0x00000000     0x56a4
 CREATE_OBJECT_SYMBOLS
                0x00000000                PROVIDE (__cy_interrupt_vector, RomVectors)
 *(.romvectors)
 .romvectors    0x00000000       0x10 .\CortexM3\ARM_GCC_541\Debug\Cm3Start.o
                0x00000000                RomVectors
                0x00000001                ASSERT ((. != __cy_interrupt_vector), No interrupt vector)
                0x00000001                ASSERT (CY_APPL_ORIGIN?(SIZEOF (.cybootloader) <= CY_APPL_ORIGIN):0x1, Wrong image location)
                0x00000010                PROVIDE (__cy_reset, Reset)
 *(.text.Reset)
 .text.Reset    0x00000010       0x18 .\CortexM3\ARM_GCC_541\Debug\Cm3Start.o
                0x00000010                Reset
                0x00000001                ASSERT ((. != __cy_reset), No reset code)
 *(.dma_init)
                0x00000001                ASSERT ((((appl_start + .) <= 0x10000) || 0x1), DMA Init must be within the first 64k of flash)
 *(.text .text.* .gnu.linkonce.t.*)
 .text          0x00000028       0x5c c:/program files (x86)/cypress/psoc creator/4.4/psoc creator/import/gnu/arm/5.4.1/bin/../lib/gcc/arm-none-eabi/5.4.1/armv7-m/crtbegin.o
 .text.calcPowerSpectrum
                0x00000084       0xac .\CortexM3\ARM_GCC_541\Debug\cfar.o
                0x00000084                calcPowerSpectrum
 .text.CA_CFAR  0x00000130      0x140 .\CortexM3\ARM_GCC_541\Debug\cfar.o
                0x00000130                CA_CFAR
 .text.isr_button_handler
                0x00000270       0x24 .\CortexM3\ARM_GCC_541\Debug\main.o
                0x00000270                isr_button_handler
 .text.isr_rx_handler
                0x00000294       0x28 .\CortexM3\ARM_GCC_541\Debug\main.o
                0x00000294                isr_rx_handler
 .text.DMA_Config
                0x000002bc       0x50 .\CortexM3\ARM_GCC_541\Debug\main.o
                0x000002bc                DMA_Config
 .text.shieldInit
                0x0000030c       0x30 .\CortexM3\ARM_GCC_541\Debug\main.o
                0x0000030c                shieldInit
 *fill*         0x0000033c        0x4 
 .text.main     0x00000340      0x1f0 .\CortexM3\ARM_GCC_541\Debug\main.o
                0x00000340                main
 .text.applyHanningWindow
                0x00000530       0x90 .\CortexM3\ARM_GCC_541\Debug\dsp.o
                0x00000530                applyHanningWindow
 .text.LOG_Init
                0x000005c0       0x2c .\CortexM3\ARM_GCC_541\Debug\logging.o
                0x000005c0                LOG_Init
 .text.LED_Set  0x000005ec       0x60 .\CortexM3\ARM_GCC_541\Debug\led.o
                0x000005ec                LED_Set
 .text.LED_Init
                0x0000064c       0x28 .\CortexM3\ARM_GCC_541\Debug\led.o
                0x0000064c                LED_Init
 .text.CyClockStartupError
                0x00000674        0x4 .\CortexM3\ARM_GCC_541\Debug\cyfitter_cfg.o
 .text.cfg_write_bytes32
                0x00000678       0x34 .\CortexM3\ARM_GCC_541\Debug\cyfitter_cfg.o
 .text.AnalogSetDefault
                0x000006ac       0x54 .\CortexM3\ARM_GCC_541\Debug\cyfitter_cfg.o
 .text.CYMEMZERO
                0x00000700        0xc .\CortexM3\ARM_GCC_541\Debug\cyfitter_cfg.o
 .text.CYCONFIGCPY
                0x0000070c        0x8 .\CortexM3\ARM_GCC_541\Debug\cyfitter_cfg.o
 .text.ClockSetup
                0x00000714       0xfc .\CortexM3\ARM_GCC_541\Debug\cyfitter_cfg.o
 .text.ADC_AMux_Set
                0x00000810       0x1c .\CortexM3\ARM_GCC_541\Debug\cyfitter_cfg.o
                0x00000810                ADC_AMux_Set
 .text.ADC_AMux_Unset
                0x0000082c       0x1c .\CortexM3\ARM_GCC_541\Debug\cyfitter_cfg.o
                0x0000082c                ADC_AMux_Unset
 .text.cyfitter_cfg
                0x00000848      0x154 .\CortexM3\ARM_GCC_541\Debug\cyfitter_cfg.o
                0x00000848                cyfitter_cfg
 .text.IntDefaultHandler
                0x0000099c       0x10 .\CortexM3\ARM_GCC_541\Debug\Cm3Start.o
                0x0000099c                IntDefaultHandler
 .text._sbrk    0x000009ac       0x30 .\CortexM3\ARM_GCC_541\Debug\Cm3Start.o
                0x000009ac                _sbrk
 .text.Start_c  0x000009dc       0x4c .\CortexM3\ARM_GCC_541\Debug\Cm3Start.o
                0x000009dc                Start_c
 .text.initialize_psoc
                0x00000a28       0x6c .\CortexM3\ARM_GCC_541\Debug\Cm3Start.o
                0x00000a28                initialize_psoc
 .text.WaveDAC8_Enable
                0x00000a94       0x2c .\CortexM3\ARM_GCC_541\Debug\PSOC_MATLAB_CFAR.a(WaveDAC8.o)
                0x00000a94                WaveDAC8_Enable
 .text.WaveDAC8_Wave1Setup
                0x00000ac0       0x40 .\CortexM3\ARM_GCC_541\Debug\PSOC_MATLAB_CFAR.a(WaveDAC8.o)
                0x00000ac0                WaveDAC8_Wave1Setup
 .text.WaveDAC8_Wave2Setup
                0x00000b00       0x40 .\CortexM3\ARM_GCC_541\Debug\PSOC_MATLAB_CFAR.a(WaveDAC8.o)
                0x00000b00                WaveDAC8_Wave2Setup
 .text.WaveDAC8_Init
                0x00000b40       0x40 .\CortexM3\ARM_GCC_541\Debug\PSOC_MATLAB_CFAR.a(WaveDAC8.o)
                0x00000b40                WaveDAC8_Init
 .text.WaveDAC8_Start
                0x00000b80       0x1c .\CortexM3\ARM_GCC_541\Debug\PSOC_MATLAB_CFAR.a(WaveDAC8.o)
                0x00000b80                WaveDAC8_Start
 .text.LED_yellow_Write
                0x00000b9c       0x18 .\CortexM3\ARM_GCC_541\Debug\PSOC_MATLAB_CFAR.a(LED_yellow.o)
                0x00000b9c                LED_yellow_Write
 .text.LED_red_Write
                0x00000bb4       0x18 .\CortexM3\ARM_GCC_541\Debug\PSOC_MATLAB_CFAR.a(LED_red.o)
                0x00000bb4                LED_red_Write
 .text.LED_green_Write
                0x00000bcc       0x18 .\CortexM3\ARM_GCC_541\Debug\PSOC_MATLAB_CFAR.a(LED_green.o)
                0x00000bcc                LED_green_Write
 .text.isr_button_SetVector
                0x00000be4        0xc .\CortexM3\ARM_GCC_541\Debug\PSOC_MATLAB_CFAR.a(isr_button.o)
                0x00000be4                isr_button_SetVector
 .text.isr_button_SetPriority
                0x00000bf0       0x10 .\CortexM3\ARM_GCC_541\Debug\PSOC_MATLAB_CFAR.a(isr_button.o)
                0x00000bf0                isr_button_SetPriority
 .text.isr_button_Enable
                0x00000c00        0xc .\CortexM3\ARM_GCC_541\Debug\PSOC_MATLAB_CFAR.a(isr_button.o)
                0x00000c00                isr_button_Enable
 .text.isr_button_Disable
                0x00000c0c        0xc .\CortexM3\ARM_GCC_541\Debug\PSOC_MATLAB_CFAR.a(isr_button.o)
                0x00000c0c                isr_button_Disable
 .text.isr_button_StartEx
                0x00000c18       0x1c .\CortexM3\ARM_GCC_541\Debug\PSOC_MATLAB_CFAR.a(isr_button.o)
                0x00000c18                isr_button_StartEx
 .text.isr_button_ClearPending
                0x00000c34        0xc .\CortexM3\ARM_GCC_541\Debug\PSOC_MATLAB_CFAR.a(isr_button.o)
                0x00000c34                isr_button_ClearPending
 .text.UART_LOG_Init
                0x00000c40       0x24 .\CortexM3\ARM_GCC_541\Debug\PSOC_MATLAB_CFAR.a(UART_LOG.o)
                0x00000c40                UART_LOG_Init
 .text.UART_LOG_Enable
                0x00000c64       0x38 .\CortexM3\ARM_GCC_541\Debug\PSOC_MATLAB_CFAR.a(UART_LOG.o)
                0x00000c64                UART_LOG_Enable
 .text.UART_LOG_Start
                0x00000c9c       0x1c .\CortexM3\ARM_GCC_541\Debug\PSOC_MATLAB_CFAR.a(UART_LOG.o)
                0x00000c9c                UART_LOG_Start
 .text.UART_LOG_ReadRxData
                0x00000cb8        0xc .\CortexM3\ARM_GCC_541\Debug\PSOC_MATLAB_CFAR.a(UART_LOG.o)
                0x00000cb8                UART_LOG_ReadRxData
 .text.UART_LOG_PutChar
                0x00000cc4       0x18 .\CortexM3\ARM_GCC_541\Debug\PSOC_MATLAB_CFAR.a(UART_LOG.o)
                0x00000cc4                UART_LOG_PutChar
 .text.UART_LOG_PutString
                0x00000cdc       0x24 .\CortexM3\ARM_GCC_541\Debug\PSOC_MATLAB_CFAR.a(UART_LOG.o)
                0x00000cdc                UART_LOG_PutString
 .text.isr_rx_SetVector
                0x00000d00        0xc .\CortexM3\ARM_GCC_541\Debug\PSOC_MATLAB_CFAR.a(isr_rx.o)
                0x00000d00                isr_rx_SetVector
 .text.isr_rx_SetPriority
                0x00000d0c       0x10 .\CortexM3\ARM_GCC_541\Debug\PSOC_MATLAB_CFAR.a(isr_rx.o)
                0x00000d0c                isr_rx_SetPriority
 .text.isr_rx_Enable
                0x00000d1c        0xc .\CortexM3\ARM_GCC_541\Debug\PSOC_MATLAB_CFAR.a(isr_rx.o)
                0x00000d1c                isr_rx_Enable
 .text.isr_rx_Disable
                0x00000d28        0xc .\CortexM3\ARM_GCC_541\Debug\PSOC_MATLAB_CFAR.a(isr_rx.o)
                0x00000d28                isr_rx_Disable
 .text.isr_rx_StartEx
                0x00000d34       0x1c .\CortexM3\ARM_GCC_541\Debug\PSOC_MATLAB_CFAR.a(isr_rx.o)
                0x00000d34                isr_rx_StartEx
 .text.Button_ClearInterrupt
                0x00000d50        0xc .\CortexM3\ARM_GCC_541\Debug\PSOC_MATLAB_CFAR.a(Button.o)
                0x00000d50                Button_ClearInterrupt
 .text.ADC_GainCompensation
                0x00000d5c       0xdc .\CortexM3\ARM_GCC_541\Debug\PSOC_MATLAB_CFAR.a(ADC.o)
 .text.ADC_SetDSMRef0Reg
                0x00000e38       0x4c .\CortexM3\ARM_GCC_541\Debug\PSOC_MATLAB_CFAR.a(ADC.o)
 .text.ADC_InitConfig
                0x00000e84       0xe8 .\CortexM3\ARM_GCC_541\Debug\PSOC_MATLAB_CFAR.a(ADC.o)
 .text.ADC_Init
                0x00000f6c       0xc4 .\CortexM3\ARM_GCC_541\Debug\PSOC_MATLAB_CFAR.a(ADC.o)
                0x00000f6c                ADC_Init
 .text.ADC_Enable
                0x00001030       0xd8 .\CortexM3\ARM_GCC_541\Debug\PSOC_MATLAB_CFAR.a(ADC.o)
                0x00001030                ADC_Enable
 .text.ADC_Start
                0x00001108       0x28 .\CortexM3\ARM_GCC_541\Debug\PSOC_MATLAB_CFAR.a(ADC.o)
                0x00001108                ADC_Start
 .text.ADC_StartConvert
                0x00001130       0x10 .\CortexM3\ARM_GCC_541\Debug\PSOC_MATLAB_CFAR.a(ADC.o)
                0x00001130                ADC_StartConvert
 .text.ADC_StopConvert
                0x00001140       0x10 .\CortexM3\ARM_GCC_541\Debug\PSOC_MATLAB_CFAR.a(ADC.o)
                0x00001140                ADC_StopConvert
 .text.ADC_ISR1
                0x00001150        0x4 .\CortexM3\ARM_GCC_541\Debug\PSOC_MATLAB_CFAR.a(ADC_INT.o)
                0x00001150                ADC_ISR1
 .text.DMA_ADC_DmaInitialize
                0x00001154       0x3c .\CortexM3\ARM_GCC_541\Debug\PSOC_MATLAB_CFAR.a(DMA_ADC_dma.o)
                0x00001154                DMA_ADC_DmaInitialize
 .text.Status_Reg_1_Read
                0x00001190        0xc .\CortexM3\ARM_GCC_541\Debug\PSOC_MATLAB_CFAR.a(Status_Reg_1.o)
                0x00001190                Status_Reg_1_Read
 .text.WaveDAC8_DacClk_Start
                0x0000119c       0x1c .\CortexM3\ARM_GCC_541\Debug\PSOC_MATLAB_CFAR.a(WaveDAC8_DacClk.o)
                0x0000119c                WaveDAC8_DacClk_Start
 .text.WaveDAC8_Wave1_DMA_DmaInitialize
                0x000011b8       0x3c .\CortexM3\ARM_GCC_541\Debug\PSOC_MATLAB_CFAR.a(WaveDAC8_Wave1_DMA_dma.o)
                0x000011b8                WaveDAC8_Wave1_DMA_DmaInitialize
 .text.WaveDAC8_Wave2_DMA_DmaInitialize
                0x000011f4       0x3c .\CortexM3\ARM_GCC_541\Debug\PSOC_MATLAB_CFAR.a(WaveDAC8_Wave2_DMA_dma.o)
                0x000011f4                WaveDAC8_Wave2_DMA_DmaInitialize
 .text.WaveDAC8_VDAC8_Enable
                0x00001230       0x1c .\CortexM3\ARM_GCC_541\Debug\PSOC_MATLAB_CFAR.a(WaveDAC8_VDAC8.o)
                0x00001230                WaveDAC8_VDAC8_Enable
 .text.WaveDAC8_VDAC8_SetSpeed
                0x0000124c       0x1c .\CortexM3\ARM_GCC_541\Debug\PSOC_MATLAB_CFAR.a(WaveDAC8_VDAC8.o)
                0x0000124c                WaveDAC8_VDAC8_SetSpeed
 .text.WaveDAC8_VDAC8_SetValue
                0x00001268        0xc .\CortexM3\ARM_GCC_541\Debug\PSOC_MATLAB_CFAR.a(WaveDAC8_VDAC8.o)
                0x00001268                WaveDAC8_VDAC8_SetValue
 .text.WaveDAC8_VDAC8_DacTrim
                0x00001274       0x24 .\CortexM3\ARM_GCC_541\Debug\PSOC_MATLAB_CFAR.a(WaveDAC8_VDAC8.o)
                0x00001274                WaveDAC8_VDAC8_DacTrim
 .text.WaveDAC8_VDAC8_SetRange
                0x00001298       0x20 .\CortexM3\ARM_GCC_541\Debug\PSOC_MATLAB_CFAR.a(WaveDAC8_VDAC8.o)
                0x00001298                WaveDAC8_VDAC8_SetRange
 .text.WaveDAC8_VDAC8_Init
                0x000012b8       0x2c .\CortexM3\ARM_GCC_541\Debug\PSOC_MATLAB_CFAR.a(WaveDAC8_VDAC8.o)
                0x000012b8                WaveDAC8_VDAC8_Init
 .text.WaveDAC8_BuffAmp_Enable
                0x000012e4       0x28 .\CortexM3\ARM_GCC_541\Debug\PSOC_MATLAB_CFAR.a(WaveDAC8_BuffAmp.o)
                0x000012e4                WaveDAC8_BuffAmp_Enable
 .text.WaveDAC8_BuffAmp_SetPower
                0x0000130c       0x1c .\CortexM3\ARM_GCC_541\Debug\PSOC_MATLAB_CFAR.a(WaveDAC8_BuffAmp.o)
                0x0000130c                WaveDAC8_BuffAmp_SetPower
 .text.WaveDAC8_BuffAmp_Init
                0x00001328        0xc .\CortexM3\ARM_GCC_541\Debug\PSOC_MATLAB_CFAR.a(WaveDAC8_BuffAmp.o)
                0x00001328                WaveDAC8_BuffAmp_Init
 .text.UART_LOG_IntClock_Start
                0x00001334       0x1c .\CortexM3\ARM_GCC_541\Debug\PSOC_MATLAB_CFAR.a(UART_LOG_IntClock.o)
                0x00001334                UART_LOG_IntClock_Start
 .text.ADC_AMux_Start
                0x00001350       0x20 .\CortexM3\ARM_GCC_541\Debug\PSOC_MATLAB_CFAR.a(ADC_AMux.o)
                0x00001350                ADC_AMux_Start
 .text.ADC_AMux_Select
                0x00001370       0x18 .\CortexM3\ARM_GCC_541\Debug\PSOC_MATLAB_CFAR.a(ADC_AMux.o)
                0x00001370                ADC_AMux_Select
 .text.ADC_Ext_CP_Clk_GetDividerRegister
                0x00001388        0xc .\CortexM3\ARM_GCC_541\Debug\PSOC_MATLAB_CFAR.a(ADC_Ext_CP_Clk.o)
                0x00001388                ADC_Ext_CP_Clk_GetDividerRegister
 .text.ADC_Ext_CP_Clk_SetModeRegister
                0x00001394       0x14 .\CortexM3\ARM_GCC_541\Debug\PSOC_MATLAB_CFAR.a(ADC_Ext_CP_Clk.o)
                0x00001394                ADC_Ext_CP_Clk_SetModeRegister
 .text.ADC_Ext_CP_Clk_GetSourceRegister
                0x000013a8       0x10 .\CortexM3\ARM_GCC_541\Debug\PSOC_MATLAB_CFAR.a(ADC_Ext_CP_Clk.o)
                0x000013a8                ADC_Ext_CP_Clk_GetSourceRegister
 .text.ADC_Ext_CP_Clk_SetDividerRegister
                0x000013b8       0xd8 .\CortexM3\ARM_GCC_541\Debug\PSOC_MATLAB_CFAR.a(ADC_Ext_CP_Clk.o)
                0x000013b8                ADC_Ext_CP_Clk_SetDividerRegister
 .text.ADC_theACLK_GetDividerRegister
                0x00001490        0xc .\CortexM3\ARM_GCC_541\Debug\PSOC_MATLAB_CFAR.a(ADC_theACLK.o)
                0x00001490                ADC_theACLK_GetDividerRegister
 .text.ADC_theACLK_SetModeRegister
                0x0000149c       0x14 .\CortexM3\ARM_GCC_541\Debug\PSOC_MATLAB_CFAR.a(ADC_theACLK.o)
                0x0000149c                ADC_theACLK_SetModeRegister
 .text.ADC_theACLK_GetSourceRegister
                0x000014b0       0x10 .\CortexM3\ARM_GCC_541\Debug\PSOC_MATLAB_CFAR.a(ADC_theACLK.o)
                0x000014b0                ADC_theACLK_GetSourceRegister
 .text.ADC_theACLK_SetDividerRegister
                0x000014c0       0xd8 .\CortexM3\ARM_GCC_541\Debug\PSOC_MATLAB_CFAR.a(ADC_theACLK.o)
                0x000014c0                ADC_theACLK_SetDividerRegister
 .text.CyDmacConfigure
                0x00001598       0x34 .\CortexM3\ARM_GCC_541\Debug\PSOC_MATLAB_CFAR.a(CyDmac.o)
                0x00001598                CyDmacConfigure
 .text.CyDmaChEnable
                0x000015cc       0x38 .\CortexM3\ARM_GCC_541\Debug\PSOC_MATLAB_CFAR.a(CyDmac.o)
                0x000015cc                CyDmaChEnable
 .text.CyDmaChDisable
                0x00001604       0x24 .\CortexM3\ARM_GCC_541\Debug\PSOC_MATLAB_CFAR.a(CyDmac.o)
                0x00001604                CyDmaChDisable
 .text.CyDmaChPriority
                0x00001628       0x24 .\CortexM3\ARM_GCC_541\Debug\PSOC_MATLAB_CFAR.a(CyDmac.o)
                0x00001628                CyDmaChPriority
 .text.CyDmaChSetExtendedAddress
                0x0000164c       0x34 .\CortexM3\ARM_GCC_541\Debug\PSOC_MATLAB_CFAR.a(CyDmac.o)
                0x0000164c                CyDmaChSetExtendedAddress
 .text.CyDmaChSetInitialTd
                0x00001680       0x18 .\CortexM3\ARM_GCC_541\Debug\PSOC_MATLAB_CFAR.a(CyDmac.o)
                0x00001680                CyDmaChSetInitialTd
 .text.CyDmaChSetConfiguration
                0x00001698       0x44 .\CortexM3\ARM_GCC_541\Debug\PSOC_MATLAB_CFAR.a(CyDmac.o)
                0x00001698                CyDmaChSetConfiguration
 .text.CyDmaTdAllocate
                0x000016dc       0x34 .\CortexM3\ARM_GCC_541\Debug\PSOC_MATLAB_CFAR.a(CyDmac.o)
                0x000016dc                CyDmaTdAllocate
 .text.CyDmaTdSetConfiguration
                0x00001710       0x28 .\CortexM3\ARM_GCC_541\Debug\PSOC_MATLAB_CFAR.a(CyDmac.o)
                0x00001710                CyDmaTdSetConfiguration
 .text.CyDmaTdSetAddress
                0x00001738       0x1c .\CortexM3\ARM_GCC_541\Debug\PSOC_MATLAB_CFAR.a(CyDmac.o)
                0x00001738                CyDmaTdSetAddress
 .text.CyHalt   0x00001754        0x4 .\CortexM3\ARM_GCC_541\Debug\PSOC_MATLAB_CFAR.a(CyLib.o)
                0x00001754                CyHalt
 .text.CyDelayUs
                0x00001758       0x14 .\CortexM3\ARM_GCC_541\Debug\PSOC_MATLAB_CFAR.a(CyLib.o)
                0x00001758                CyDelayUs
 .text.CyIntSetVector
                0x0000176c       0x28 .\CortexM3\ARM_GCC_541\Debug\PSOC_MATLAB_CFAR.a(CyLib.o)
                0x0000176c                CyIntSetVector
 .text.CyIntSetPriority
                0x00001794       0x30 .\CortexM3\ARM_GCC_541\Debug\PSOC_MATLAB_CFAR.a(CyLib.o)
                0x00001794                CyIntSetPriority
 *fill*         0x000017c4        0x4 
 .text          0x000017c8       0x20 .\CortexM3\ARM_GCC_541\Debug\PSOC_MATLAB_CFAR.a(CyBootAsmGnu.o)
                0x000017c8                CyDelayCycles
                0x000017d8                CyEnterCriticalSection
                0x000017e0                CyExitCriticalSection
 .text.fft_app  0x000017e8       0x44 .\bsw\fft_application\lib\libfft_application.a(fft_application.o)
                0x000017e8                fft_app
 .text.arm_split_rfft_q31
                0x0000182c      0x21c .\bsw\fft_application\lib\libfft_application.a(arm_rfft_q31.o)
                0x0000182c                arm_split_rfft_q31
 .text.arm_split_rifft_q31
                0x00001a48      0x1bc .\bsw\fft_application\lib\libfft_application.a(arm_rfft_q31.o)
                0x00001a48                arm_split_rifft_q31
 .text.arm_rfft_q31
                0x00001c04       0x70 .\bsw\fft_application\lib\libfft_application.a(arm_rfft_q31.o)
                0x00001c04                arm_rfft_q31
 .text.arm_rfft_init_q31
                0x00001c74       0xf0 .\bsw\fft_application\lib\libfft_application.a(arm_rfft_init_q31.o)
                0x00001c74                arm_rfft_init_q31
 .text.arm_cfft_radix4by2_q31
                0x00001d64      0x18c .\bsw\fft_application\lib\libfft_application.a(arm_cfft_q31.o)
                0x00001d64                arm_cfft_radix4by2_q31
 .text.arm_cfft_radix4by2_inverse_q31
                0x00001ef0      0x18c .\bsw\fft_application\lib\libfft_application.a(arm_cfft_q31.o)
                0x00001ef0                arm_cfft_radix4by2_inverse_q31
 .text.arm_cfft_q31
                0x0000207c       0xbc .\bsw\fft_application\lib\libfft_application.a(arm_cfft_q31.o)
                0x0000207c                arm_cfft_q31
 .text.arm_radix4_butterfly_q31
                0x00002138      0x570 .\bsw\fft_application\lib\libfft_application.a(arm_cfft_radix4_q31.o)
                0x00002138                arm_radix4_butterfly_q31
 .text.arm_radix4_butterfly_inverse_q31
                0x000026a8      0x570 .\bsw\fft_application\lib\libfft_application.a(arm_cfft_radix4_q31.o)
                0x000026a8                arm_radix4_butterfly_inverse_q31
 .text          0x00002c18       0xc0 .\bsw\fft_application\lib\libfft_application.a(arm_bitreversal2.o)
                0x00002c18                arm_bitreversal_32
                0x00002c82                arm_bitreversal_16
 .text.log10    0x00002cd8      0x104 c:/program files (x86)/cypress/psoc creator/4.4/psoc creator/import/gnu/arm/5.4.1/bin/../lib/gcc/arm-none-eabi/5.4.1/../../../../arm-none-eabi/lib/armv7-m\libm.a(lib_a-w_log10.o)
                0x00002cd8                log10
 .text.pow      0x00002ddc      0x330 c:/program files (x86)/cypress/psoc creator/4.4/psoc creator/import/gnu/arm/5.4.1/bin/../lib/gcc/arm-none-eabi/5.4.1/../../../../arm-none-eabi/lib/armv7-m\libm.a(lib_a-w_pow.o)
                0x00002ddc                pow
 *fill*         0x0000310c        0x4 
 .text.__ieee754_log10
                0x00003110      0x114 c:/program files (x86)/cypress/psoc creator/4.4/psoc creator/import/gnu/arm/5.4.1/bin/../lib/gcc/arm-none-eabi/5.4.1/../../../../arm-none-eabi/lib/armv7-m\libm.a(lib_a-e_log10.o)
                0x00003110                __ieee754_log10
 *fill*         0x00003224        0x4 
 .text.__ieee754_pow
                0x00003228      0xac4 c:/program files (x86)/cypress/psoc creator/4.4/psoc creator/import/gnu/arm/5.4.1/bin/../lib/gcc/arm-none-eabi/5.4.1/../../../../arm-none-eabi/lib/armv7-m\libm.a(lib_a-e_pow.o)
                0x00003228                __ieee754_pow
 .text.__ieee754_sqrt
                0x00003cec      0x188 c:/program files (x86)/cypress/psoc creator/4.4/psoc creator/import/gnu/arm/5.4.1/bin/../lib/gcc/arm-none-eabi/5.4.1/../../../../arm-none-eabi/lib/armv7-m\libm.a(lib_a-e_sqrt.o)
                0x00003cec                __ieee754_sqrt
 .text.fabs     0x00003e74        0x8 c:/program files (x86)/cypress/psoc creator/4.4/psoc creator/import/gnu/arm/5.4.1/bin/../lib/gcc/arm-none-eabi/5.4.1/../../../../arm-none-eabi/lib/armv7-m\libm.a(lib_a-s_fabs.o)
                0x00003e74                fabs
 .text.finite   0x00003e7c        0xc c:/program files (x86)/cypress/psoc creator/4.4/psoc creator/import/gnu/arm/5.4.1/bin/../lib/gcc/arm-none-eabi/5.4.1/../../../../arm-none-eabi/lib/armv7-m\libm.a(lib_a-s_finite.o)
                0x00003e7c                finite
 .text.matherr  0x00003e88        0x4 c:/program files (x86)/cypress/psoc creator/4.4/psoc creator/import/gnu/arm/5.4.1/bin/../lib/gcc/arm-none-eabi/5.4.1/../../../../arm-none-eabi/lib/armv7-m\libm.a(lib_a-s_matherr.o)
                0x00003e88                matherr
 .text.nan      0x00003e8c        0xc c:/program files (x86)/cypress/psoc creator/4.4/psoc creator/import/gnu/arm/5.4.1/bin/../lib/gcc/arm-none-eabi/5.4.1/../../../../arm-none-eabi/lib/armv7-m\libm.a(lib_a-s_nan.o)
                0x00003e8c                nan
 .text.rint     0x00003e98      0x120 c:/program files (x86)/cypress/psoc creator/4.4/psoc creator/import/gnu/arm/5.4.1/bin/../lib/gcc/arm-none-eabi/5.4.1/../../../../arm-none-eabi/lib/armv7-m\libm.a(lib_a-s_rint.o)
                0x00003e98                rint
 .text.scalbn   0x00003fb8       0xe4 c:/program files (x86)/cypress/psoc creator/4.4/psoc creator/import/gnu/arm/5.4.1/bin/../lib/gcc/arm-none-eabi/5.4.1/../../../../arm-none-eabi/lib/armv7-m\libm.a(lib_a-s_scalbn.o)
                0x00003fb8                scalbn
 *fill*         0x0000409c        0x4 
 .text.__ieee754_log
                0x000040a0      0x3e8 c:/program files (x86)/cypress/psoc creator/4.4/psoc creator/import/gnu/arm/5.4.1/bin/../lib/gcc/arm-none-eabi/5.4.1/../../../../arm-none-eabi/lib/armv7-m\libm.a(lib_a-e_log.o)
                0x000040a0                __ieee754_log
 .text.copysign
                0x00004488       0x10 c:/program files (x86)/cypress/psoc creator/4.4/psoc creator/import/gnu/arm/5.4.1/bin/../lib/gcc/arm-none-eabi/5.4.1/../../../../arm-none-eabi/lib/armv7-m\libm.a(lib_a-s_copysign.o)
                0x00004488                copysign
 .text          0x00004498      0x370 c:/program files (x86)/cypress/psoc creator/4.4/psoc creator/import/gnu/arm/5.4.1/bin/../lib/gcc/arm-none-eabi/5.4.1/armv7-m\libgcc.a(_arm_addsubdf3.o)
                0x00004498                __aeabi_drsub
                0x000044a0                __aeabi_dsub
                0x000044a0                __subdf3
                0x000044a4                __aeabi_dadd
                0x000044a4                __adddf3
                0x0000471c                __floatunsidf
                0x0000471c                __aeabi_ui2d
                0x0000473c                __floatsidf
                0x0000473c                __aeabi_i2d
                0x00004760                __aeabi_f2d
                0x00004760                __extendsfdf2
                0x0000479c                __floatundidf
                0x0000479c                __aeabi_ul2d
                0x000047ac                __floatdidf
                0x000047ac                __aeabi_l2d
 .text          0x00004808      0x424 c:/program files (x86)/cypress/psoc creator/4.4/psoc creator/import/gnu/arm/5.4.1/bin/../lib/gcc/arm-none-eabi/5.4.1/armv7-m\libgcc.a(_arm_muldivdf3.o)
                0x00004808                __aeabi_dmul
                0x00004808                __muldf3
                0x00004a5c                __divdf3
                0x00004a5c                __aeabi_ddiv
 .text          0x00004c2c      0x110 c:/program files (x86)/cypress/psoc creator/4.4/psoc creator/import/gnu/arm/5.4.1/bin/../lib/gcc/arm-none-eabi/5.4.1/armv7-m\libgcc.a(_arm_cmpdf2.o)
                0x00004c2c                __gtdf2
                0x00004c2c                __gedf2
                0x00004c34                __ltdf2
                0x00004c34                __ledf2
                0x00004c3c                __nedf2
                0x00004c3c                __eqdf2
                0x00004c3c                __cmpdf2
                0x00004cb8                __aeabi_cdrcmple
                0x00004cc8                __aeabi_cdcmpeq
                0x00004cc8                __aeabi_cdcmple
                0x00004cd8                __aeabi_dcmpeq
                0x00004cec                __aeabi_dcmplt
                0x00004d00                __aeabi_dcmple
                0x00004d14                __aeabi_dcmpge
                0x00004d28                __aeabi_dcmpgt
 .text          0x00004d3c       0x2c c:/program files (x86)/cypress/psoc creator/4.4/psoc creator/import/gnu/arm/5.4.1/bin/../lib/gcc/arm-none-eabi/5.4.1/armv7-m\libgcc.a(_arm_unorddf2.o)
                0x00004d3c                __unorddf2
                0x00004d3c                __aeabi_dcmpun
 .text          0x00004d68       0x50 c:/program files (x86)/cypress/psoc creator/4.4/psoc creator/import/gnu/arm/5.4.1/bin/../lib/gcc/arm-none-eabi/5.4.1/armv7-m\libgcc.a(_arm_fixdfsi.o)
                0x00004d68                __aeabi_d2iz
                0x00004d68                __fixdfsi
 .text          0x00004db8       0xa0 c:/program files (x86)/cypress/psoc creator/4.4/psoc creator/import/gnu/arm/5.4.1/bin/../lib/gcc/arm-none-eabi/5.4.1/armv7-m\libgcc.a(_arm_truncdfsf2.o)
                0x00004db8                __truncdfsf2
                0x00004db8                __aeabi_d2f
 .text          0x00004e58      0x21c c:/program files (x86)/cypress/psoc creator/4.4/psoc creator/import/gnu/arm/5.4.1/bin/../lib/gcc/arm-none-eabi/5.4.1/armv7-m\libgcc.a(_arm_addsubsf3.o)
                0x00004e58                __aeabi_frsub
                0x00004e60                __subsf3
                0x00004e60                __aeabi_fsub
                0x00004e64                __aeabi_fadd
                0x00004e64                __addsf3
                0x00004fc4                __aeabi_ui2f
                0x00004fc4                __floatunsisf
                0x00004fcc                __aeabi_i2f
                0x00004fcc                __floatsisf
                0x00004fe8                __aeabi_ul2f
                0x00004fe8                __floatundisf
                0x00004ff8                __aeabi_l2f
                0x00004ff8                __floatdisf
 .text          0x00005074      0x2a0 c:/program files (x86)/cypress/psoc creator/4.4/psoc creator/import/gnu/arm/5.4.1/bin/../lib/gcc/arm-none-eabi/5.4.1/armv7-m\libgcc.a(_arm_muldivsf3.o)
                0x00005074                __mulsf3
                0x00005074                __aeabi_fmul
                0x000051dc                __aeabi_fdiv
                0x000051dc                __divsf3
 .text          0x00005314       0xec c:/program files (x86)/cypress/psoc creator/4.4/psoc creator/import/gnu/arm/5.4.1/bin/../lib/gcc/arm-none-eabi/5.4.1/armv7-m\libgcc.a(_arm_cmpsf2.o)
                0x00005314                __gesf2
                0x00005314                __gtsf2
                0x0000531c                __lesf2
                0x0000531c                __ltsf2
                0x00005324                __nesf2
                0x00005324                __eqsf2
                0x00005324                __cmpsf2
                0x00005384                __aeabi_cfrcmple
                0x0000538c                __aeabi_cfcmpeq
                0x0000538c                __aeabi_cfcmple
                0x0000539c                __aeabi_fcmpeq
                0x000053b0                __aeabi_fcmplt
                0x000053c4                __aeabi_fcmple
                0x000053d8                __aeabi_fcmpge
                0x000053ec                __aeabi_fcmpgt
 .text          0x00005400       0x4c c:/program files (x86)/cypress/psoc creator/4.4/psoc creator/import/gnu/arm/5.4.1/bin/../lib/gcc/arm-none-eabi/5.4.1/armv7-m\libgcc.a(_arm_fixsfsi.o)
                0x00005400                __aeabi_f2iz
                0x00005400                __fixsfsi
 .text          0x0000544c       0x40 c:/program files (x86)/cypress/psoc creator/4.4/psoc creator/import/gnu/arm/5.4.1/bin/../lib/gcc/arm-none-eabi/5.4.1/armv7-m\libgcc.a(_arm_fixunssfsi.o)
                0x0000544c                __fixunssfsi
                0x0000544c                __aeabi_f2uiz
 .text.__errno  0x0000548c        0xc c:/program files (x86)/cypress/psoc creator/4.4/psoc creator/import/gnu/arm/5.4.1/bin/../lib/gcc/arm-none-eabi/5.4.1/../../../../arm-none-eabi/lib/armv7-m\libg_nano.a(lib_a-errno.o)
                0x0000548c                __errno
 .text.__libc_init_array
                0x00005498       0x4c c:/program files (x86)/cypress/psoc creator/4.4/psoc creator/import/gnu/arm/5.4.1/bin/../lib/gcc/arm-none-eabi/5.4.1/../../../../arm-none-eabi/lib/armv7-m\libg_nano.a(lib_a-init.o)
                0x00005498                __libc_init_array
 .text.malloc   0x000054e4       0x10 c:/program files (x86)/cypress/psoc creator/4.4/psoc creator/import/gnu/arm/5.4.1/bin/../lib/gcc/arm-none-eabi/5.4.1/../../../../arm-none-eabi/lib/armv7-m\libg_nano.a(lib_a-malloc.o)
                0x000054e4                malloc
 .text.free     0x000054f4       0x10 c:/program files (x86)/cypress/psoc creator/4.4/psoc creator/import/gnu/arm/5.4.1/bin/../lib/gcc/arm-none-eabi/5.4.1/../../../../arm-none-eabi/lib/armv7-m\libg_nano.a(lib_a-malloc.o)
                0x000054f4                free
 .text.memcpy   0x00005504       0x16 c:/program files (x86)/cypress/psoc creator/4.4/psoc creator/import/gnu/arm/5.4.1/bin/../lib/gcc/arm-none-eabi/5.4.1/../../../../arm-none-eabi/lib/armv7-m\libg_nano.a(lib_a-memcpy-stub.o)
                0x00005504                memcpy
 .text.memset   0x0000551a       0x10 c:/program files (x86)/cypress/psoc creator/4.4/psoc creator/import/gnu/arm/5.4.1/bin/../lib/gcc/arm-none-eabi/5.4.1/../../../../arm-none-eabi/lib/armv7-m\libg_nano.a(lib_a-memset.o)
                0x0000551a                memset
 *fill*         0x0000552a        0x2 
 .text._free_r  0x0000552c       0x98 c:/program files (x86)/cypress/psoc creator/4.4/psoc creator/import/gnu/arm/5.4.1/bin/../lib/gcc/arm-none-eabi/5.4.1/../../../../arm-none-eabi/lib/armv7-m\libg_nano.a(lib_a-nano-freer.o)
                0x0000552c                _free_r
 .text._malloc_r
                0x000055c4       0xbc c:/program files (x86)/cypress/psoc creator/4.4/psoc creator/import/gnu/arm/5.4.1/bin/../lib/gcc/arm-none-eabi/5.4.1/../../../../arm-none-eabi/lib/armv7-m\libg_nano.a(lib_a-nano-mallocr.o)
                0x000055c4                _malloc_r
 .text._sbrk_r  0x00005680       0x20 c:/program files (x86)/cypress/psoc creator/4.4/psoc creator/import/gnu/arm/5.4.1/bin/../lib/gcc/arm-none-eabi/5.4.1/../../../../arm-none-eabi/lib/armv7-m\libg_nano.a(lib_a-sbrkr.o)
                0x00005680                _sbrk_r
 .text.__malloc_lock
                0x000056a0        0x2 c:/program files (x86)/cypress/psoc creator/4.4/psoc creator/import/gnu/arm/5.4.1/bin/../lib/gcc/arm-none-eabi/5.4.1/../../../../arm-none-eabi/lib/armv7-m\libg_nano.a(lib_a-mlock.o)
                0x000056a0                __malloc_lock
 .text.__malloc_unlock
                0x000056a2        0x2 c:/program files (x86)/cypress/psoc creator/4.4/psoc creator/import/gnu/arm/5.4.1/bin/../lib/gcc/arm-none-eabi/5.4.1/../../../../arm-none-eabi/lib/armv7-m\libg_nano.a(lib_a-mlock.o)
                0x000056a2                __malloc_unlock
 *(.plt)
 *(.gnu.warning)
 *(.glue_7t)
 .glue_7t       0x000056a4        0x0 linker stubs
 *(.glue_7)
 .glue_7        0x000056a4        0x0 linker stubs
 *(.vfp11_veneer)
 .vfp11_veneer  0x000056a4        0x0 linker stubs
 *(.bootloader)
 *(.ARM.extab* .gnu.linkonce.armextab.*)
 *(.gcc_except_table)

.v4_bx          0x000056a4        0x0
 .v4_bx         0x000056a4        0x0 linker stubs

.iplt           0x000056a4        0x0
 .iplt          0x000056a4        0x0 c:/program files (x86)/cypress/psoc creator/4.4/psoc creator/import/gnu/arm/5.4.1/bin/../lib/gcc/arm-none-eabi/5.4.1/armv7-m/crtbegin.o

.eh_frame_hdr
 *(.eh_frame_hdr)

.eh_frame       0x000056a4        0x4
 *(.eh_frame)
 .eh_frame      0x000056a4        0x0 c:/program files (x86)/cypress/psoc creator/4.4/psoc creator/import/gnu/arm/5.4.1/bin/../lib/gcc/arm-none-eabi/5.4.1/armv7-m/crtbegin.o
 .eh_frame      0x000056a4        0x4 c:/program files (x86)/cypress/psoc creator/4.4/psoc creator/import/gnu/arm/5.4.1/bin/../lib/gcc/arm-none-eabi/5.4.1/armv7-m/crtend.o
                [!provide]                PROVIDE (__exidx_start, .)

.ARM.exidx
 *(.ARM.exidx* .gnu.linkonce.armexidx.*)
                0x000056a8                __exidx_end = .

.rodata         0x000056a8    0x21fb0
 *(.rodata .rodata.* .gnu.linkonce.r.*)
 .rodata        0x000056a8     0x2000 .\CortexM3\ARM_GCC_541\Debug\dsp.o
 .rodata.str1.4
                0x000076a8       0x18 .\CortexM3\ARM_GCC_541\Debug\logging.o
 .rodata        0x000076c0       0x52 .\CortexM3\ARM_GCC_541\Debug\cyfitter_cfg.o
                0x000076c0                ADC_AMux__addrTable
                0x000076c8                ADC_AMux__maskTable
 *fill*         0x00007712        0x2 
 .rodata        0x00007714       0xc8 .\CortexM3\ARM_GCC_541\Debug\PSOC_MATLAB_CFAR.a(WaveDAC8.o)
                0x00007714                WaveDAC8_wave1
                0x00007778                WaveDAC8_wave2
 .rodata.realCoefAQ31
                0x000077dc     0x8000 .\bsw\fft_application\lib\libfft_application.a(arm_rfft_init_q31.o)
                0x000077dc                realCoefAQ31
 .rodata.realCoefBQ31
                0x0000f7dc     0x8000 .\bsw\fft_application\lib\libfft_application.a(arm_rfft_init_q31.o)
                0x0000f7dc                realCoefBQ31
 .rodata.arm_cfft_sR_q31_len32
                0x000177dc       0x10 .\bsw\fft_application\lib\libfft_application.a(arm_const_structs.o)
                0x000177dc                arm_cfft_sR_q31_len32
 .rodata.arm_cfft_sR_q31_len512
                0x000177ec       0x10 .\bsw\fft_application\lib\libfft_application.a(arm_const_structs.o)
                0x000177ec                arm_cfft_sR_q31_len512
 .rodata.arm_cfft_sR_q31_len16
                0x000177fc       0x10 .\bsw\fft_application\lib\libfft_application.a(arm_const_structs.o)
                0x000177fc                arm_cfft_sR_q31_len16
 .rodata.arm_cfft_sR_q31_len256
                0x0001780c       0x10 .\bsw\fft_application\lib\libfft_application.a(arm_const_structs.o)
                0x0001780c                arm_cfft_sR_q31_len256
 .rodata.arm_cfft_sR_q31_len1024
                0x0001781c       0x10 .\bsw\fft_application\lib\libfft_application.a(arm_const_structs.o)
                0x0001781c                arm_cfft_sR_q31_len1024
 .rodata.arm_cfft_sR_q31_len64
                0x0001782c       0x10 .\bsw\fft_application\lib\libfft_application.a(arm_const_structs.o)
                0x0001782c                arm_cfft_sR_q31_len64
 .rodata.arm_cfft_sR_q31_len128
                0x0001783c       0x10 .\bsw\fft_application\lib\libfft_application.a(arm_const_structs.o)
                0x0001783c                arm_cfft_sR_q31_len128
 .rodata.arm_cfft_sR_q31_len2048
                0x0001784c       0x10 .\bsw\fft_application\lib\libfft_application.a(arm_const_structs.o)
                0x0001784c                arm_cfft_sR_q31_len2048
 .rodata.arm_cfft_sR_q31_len4096
                0x0001785c       0x10 .\bsw\fft_application\lib\libfft_application.a(arm_const_structs.o)
                0x0001785c                arm_cfft_sR_q31_len4096
 .rodata.armBitRevIndexTable_fixed_128
                0x0001786c       0xe0 .\bsw\fft_application\lib\libfft_application.a(arm_common_tables.o)
                0x0001786c                armBitRevIndexTable_fixed_128
 .rodata.armBitRevIndexTable_fixed_2048
                0x0001794c      0xf80 .\bsw\fft_application\lib\libfft_application.a(arm_common_tables.o)
                0x0001794c                armBitRevIndexTable_fixed_2048
 .rodata.twiddleCoef_32_q31
                0x000188cc       0xc0 .\bsw\fft_application\lib\libfft_application.a(arm_common_tables.o)
                0x000188cc                twiddleCoef_32_q31
 .rodata.armBitRevIndexTable_fixed_4096
                0x0001898c     0x1f80 .\bsw\fft_application\lib\libfft_application.a(arm_common_tables.o)
                0x0001898c                armBitRevIndexTable_fixed_4096
 .rodata.armBitRevIndexTable_fixed_1024
                0x0001a90c      0x7c0 .\bsw\fft_application\lib\libfft_application.a(arm_common_tables.o)
                0x0001a90c                armBitRevIndexTable_fixed_1024
 .rodata.twiddleCoef_1024_q31
                0x0001b0cc     0x1800 .\bsw\fft_application\lib\libfft_application.a(arm_common_tables.o)
                0x0001b0cc                twiddleCoef_1024_q31
 .rodata.twiddleCoef_4096_q31
                0x0001c8cc     0x6000 .\bsw\fft_application\lib\libfft_application.a(arm_common_tables.o)
                0x0001c8cc                twiddleCoef_4096_q31
 .rodata.twiddleCoef_16_q31
                0x000228cc       0x60 .\bsw\fft_application\lib\libfft_application.a(arm_common_tables.o)
                0x000228cc                twiddleCoef_16_q31
 .rodata.twiddleCoef_64_q31
                0x0002292c      0x180 .\bsw\fft_application\lib\libfft_application.a(arm_common_tables.o)
                0x0002292c                twiddleCoef_64_q31
 .rodata.twiddleCoef_2048_q31
                0x00022aac     0x3000 .\bsw\fft_application\lib\libfft_application.a(arm_common_tables.o)
                0x00022aac                twiddleCoef_2048_q31
 .rodata.twiddleCoef_256_q31
                0x00025aac      0x600 .\bsw\fft_application\lib\libfft_application.a(arm_common_tables.o)
                0x00025aac                twiddleCoef_256_q31
 .rodata.twiddleCoef_512_q31
                0x000260ac      0xc00 .\bsw\fft_application\lib\libfft_application.a(arm_common_tables.o)
                0x000260ac                twiddleCoef_512_q31
 .rodata.armBitRevIndexTable_fixed_512
                0x00026cac      0x3c0 .\bsw\fft_application\lib\libfft_application.a(arm_common_tables.o)
                0x00026cac                armBitRevIndexTable_fixed_512
 .rodata.armBitRevIndexTable_fixed_16
                0x0002706c       0x18 .\bsw\fft_application\lib\libfft_application.a(arm_common_tables.o)
                0x0002706c                armBitRevIndexTable_fixed_16
 .rodata.armBitRevIndexTable_fixed_32
                0x00027084       0x30 .\bsw\fft_application\lib\libfft_application.a(arm_common_tables.o)
                0x00027084                armBitRevIndexTable_fixed_32
 .rodata.armBitRevIndexTable_fixed_256
                0x000270b4      0x1e0 .\bsw\fft_application\lib\libfft_application.a(arm_common_tables.o)
                0x000270b4                armBitRevIndexTable_fixed_256
 .rodata.armBitRevIndexTable_fixed_64
                0x00027294       0x70 .\bsw\fft_application\lib\libfft_application.a(arm_common_tables.o)
                0x00027294                armBitRevIndexTable_fixed_64
 .rodata.twiddleCoef_128_q31
                0x00027304      0x300 .\bsw\fft_application\lib\libfft_application.a(arm_common_tables.o)
                0x00027304                twiddleCoef_128_q31
 .rodata.str1.4
                0x00027604        0x6 c:/program files (x86)/cypress/psoc creator/4.4/psoc creator/import/gnu/arm/5.4.1/bin/../lib/gcc/arm-none-eabi/5.4.1/../../../../arm-none-eabi/lib/armv7-m\libm.a(lib_a-w_log10.o)
                                  0x9 (size before relaxing)
 *fill*         0x0002760a        0x2 
 .rodata.str1.4
                0x0002760c        0x4 c:/program files (x86)/cypress/psoc creator/4.4/psoc creator/import/gnu/arm/5.4.1/bin/../lib/gcc/arm-none-eabi/5.4.1/../../../../arm-none-eabi/lib/armv7-m\libm.a(lib_a-w_pow.o)
 .rodata.str1.4
                0x00027610        0x1 c:/program files (x86)/cypress/psoc creator/4.4/psoc creator/import/gnu/arm/5.4.1/bin/../lib/gcc/arm-none-eabi/5.4.1/../../../../arm-none-eabi/lib/armv7-m\libm.a(lib_a-e_pow.o)
 .rodata.TWO52  0x00027610       0x10 c:/program files (x86)/cypress/psoc creator/4.4/psoc creator/import/gnu/arm/5.4.1/bin/../lib/gcc/arm-none-eabi/5.4.1/../../../../arm-none-eabi/lib/armv7-m\libm.a(lib_a-s_rint.o)
 .rodata.str1.1
                0x00027620        0x2 c:/program files (x86)/cypress/psoc creator/4.4/psoc creator/import/gnu/arm/5.4.1/bin/../lib/gcc/arm-none-eabi/5.4.1/../../../../arm-none-eabi/lib/armv7-m\libg_nano.a(lib_a-impure.o)
                0x00027624                . = ALIGN (0x4)
 *fill*         0x00027622        0x2 
 *(.init)
 .init          0x00027624        0x4 c:/program files (x86)/cypress/psoc creator/4.4/psoc creator/import/gnu/arm/5.4.1/bin/../lib/gcc/arm-none-eabi/5.4.1/armv7-m/crti.o
                0x00027624                _init
 .init          0x00027628        0x8 c:/program files (x86)/cypress/psoc creator/4.4/psoc creator/import/gnu/arm/5.4.1/bin/../lib/gcc/arm-none-eabi/5.4.1/armv7-m/crtn.o
                0x00027630                . = ALIGN (0x4)
                0x00027630                __preinit_array_start = .
 *(.preinit_array)
                0x00027630                __preinit_array_end = .
                0x00027630                . = ALIGN (0x4)
                0x00027630                __init_array_start = .
 *(SORT(.init_array.*))
 *(.init_array)
 .init_array    0x00027630        0x4 c:/program files (x86)/cypress/psoc creator/4.4/psoc creator/import/gnu/arm/5.4.1/bin/../lib/gcc/arm-none-eabi/5.4.1/armv7-m/crtbegin.o
 .init_array    0x00027634        0x4 .\CortexM3\ARM_GCC_541\Debug\Cm3Start.o
                0x00027638                __init_array_end = .
                0x00027638                . = ALIGN (0x4)
 *(.fini)
 .fini          0x00027638        0x4 c:/program files (x86)/cypress/psoc creator/4.4/psoc creator/import/gnu/arm/5.4.1/bin/../lib/gcc/arm-none-eabi/5.4.1/armv7-m/crti.o
                0x00027638                _fini
 .fini          0x0002763c        0x8 c:/program files (x86)/cypress/psoc creator/4.4/psoc creator/import/gnu/arm/5.4.1/bin/../lib/gcc/arm-none-eabi/5.4.1/armv7-m/crtn.o
                0x00027644                . = ALIGN (0x4)
                0x00027644                __fini_array_start = .
 *(.fini_array)
 .fini_array    0x00027644        0x4 c:/program files (x86)/cypress/psoc creator/4.4/psoc creator/import/gnu/arm/5.4.1/bin/../lib/gcc/arm-none-eabi/5.4.1/armv7-m/crtbegin.o
 *(SORT(.fini_array.*))
                0x00027648                __fini_array_end = .
                0x00027648                . = ALIGN (0x4)
 *crtbegin.o(.ctors)
 *(EXCLUDE_FILE(*crtend.o) .ctors)
 *(SORT(.ctors.*))
 *crtend.o(.ctors)
                0x00027648                . = ALIGN (0x4)
 *crtbegin.o(.dtors)
 *(EXCLUDE_FILE(*crtend.o) .dtors)
 *(SORT(.dtors.*))
 *crtend.o(.dtors)
                0x00027648                . = ALIGN (0x4)
                0x00027648                __cy_regions = .
                0x00027648        0x4 LONG 0x27658 __cy_region_init_ram
                0x0002764c        0x4 LONG 0x1fff80c8 __cy_region_start_data
                0x00027650        0x4 LONG 0x90 __cy_region_init_size_ram
                0x00027654        0x4 LONG 0x5858 __cy_region_zero_size_ram
                0x00027658                __cy_regions_end = .
                0x00027658                . = ALIGN (0x8)
                0x00027658                _etext = .

.cy_checksum_exclude
                0x00027658        0x0
 *(.cy_checksum_exclude)

.ramvectors     0x1fff8000       0xc0
                0x1fff8000                __cy_region_start_ram = .
 *(.ramvectors)
 .ramvectors    0x1fff8000       0xc0 .\CortexM3\ARM_GCC_541\Debug\Cm3Start.o
                0x1fff8000                CyRamVectors

.noinit         0x1fff80c0        0x1
 *(.noinit)
 .noinit        0x1fff80c0        0x1 .\CortexM3\ARM_GCC_541\Debug\PSOC_MATLAB_CFAR.a(CyLib.o)
                0x1fff80c0                CyResetStatus

.data           0x1fff80c8       0x90 load address 0x00027658
                0x1fff80c8                __cy_region_start_data = .
 *(.jcr)
 .jcr           0x1fff80c8        0x0 c:/program files (x86)/cypress/psoc creator/4.4/psoc creator/import/gnu/arm/5.4.1/bin/../lib/gcc/arm-none-eabi/5.4.1/armv7-m/crtbegin.o
 .jcr           0x1fff80c8        0x4 c:/program files (x86)/cypress/psoc creator/4.4/psoc creator/import/gnu/arm/5.4.1/bin/../lib/gcc/arm-none-eabi/5.4.1/armv7-m/crtend.o
 *(.got.plt)
 *(.got)
 *(.shdata)
 *(.data .data.* .gnu.linkonce.d.*)
 .data          0x1fff80cc        0x4 .\CortexM3\ARM_GCC_541\Debug\Cm3Start.o
 .data          0x1fff80d0        0x1 .\CortexM3\ARM_GCC_541\Debug\PSOC_MATLAB_CFAR.a(ADC.o)
                0x1fff80d0                ADC_Config
 .data          0x1fff80d1        0x1 .\CortexM3\ARM_GCC_541\Debug\PSOC_MATLAB_CFAR.a(DMA_ADC_dma.o)
                0x1fff80d1                DMA_ADC_DmaHandle
 .data          0x1fff80d2        0x1 .\CortexM3\ARM_GCC_541\Debug\PSOC_MATLAB_CFAR.a(WaveDAC8_Wave1_DMA_dma.o)
                0x1fff80d2                WaveDAC8_Wave1_DMA_DmaHandle
 .data          0x1fff80d3        0x1 .\CortexM3\ARM_GCC_541\Debug\PSOC_MATLAB_CFAR.a(WaveDAC8_Wave2_DMA_dma.o)
                0x1fff80d3                WaveDAC8_Wave2_DMA_DmaHandle
 .data          0x1fff80d4        0x1 .\CortexM3\ARM_GCC_541\Debug\PSOC_MATLAB_CFAR.a(ADC_AMux.o)
 *fill*         0x1fff80d5        0x3 
 .data          0x1fff80d8        0x8 .\CortexM3\ARM_GCC_541\Debug\PSOC_MATLAB_CFAR.a(CyDmac.o)
 .data          0x1fff80e0       0x10 .\CortexM3\ARM_GCC_541\Debug\PSOC_MATLAB_CFAR.a(CyLib.o)
                0x1fff80e0                cydelay_32k_ms
                0x1fff80e4                cydelay_freq_khz
                0x1fff80e8                cydelay_freq_mhz
                0x1fff80ec                cydelay_freq_hz
 .data.__fdlib_version
                0x1fff80f0        0x1 c:/program files (x86)/cypress/psoc creator/4.4/psoc creator/import/gnu/arm/5.4.1/bin/../lib/gcc/arm-none-eabi/5.4.1/../../../../arm-none-eabi/lib/armv7-m\libm.a(lib_a-s_lib_ver.o)
                0x1fff80f0                __fdlib_version
 *fill*         0x1fff80f1        0x3 
 .data.impure_data
                0x1fff80f4       0x60 c:/program files (x86)/cypress/psoc creator/4.4/psoc creator/import/gnu/arm/5.4.1/bin/../lib/gcc/arm-none-eabi/5.4.1/../../../../arm-none-eabi/lib/armv7-m\libg_nano.a(lib_a-impure.o)
 .data._impure_ptr
                0x1fff8154        0x4 c:/program files (x86)/cypress/psoc creator/4.4/psoc creator/import/gnu/arm/5.4.1/bin/../lib/gcc/arm-none-eabi/5.4.1/../../../../arm-none-eabi/lib/armv7-m\libg_nano.a(lib_a-impure.o)
                0x1fff8154                _impure_ptr
                0x1fff8158                . = ALIGN (0x8)
 *(.ram)
                0x1fff8158                _edata = .

.igot.plt       0x1fff8158        0x0 load address 0x000276e8
 .igot.plt      0x1fff8158        0x0 c:/program files (x86)/cypress/psoc creator/4.4/psoc creator/import/gnu/arm/5.4.1/bin/../lib/gcc/arm-none-eabi/5.4.1/armv7-m/crtbegin.o

.bss            0x1fff8158     0x5858 load address 0x000276e8
                0x1fff8158                PROVIDE (__bss_start__, .)
 *(.shbss)
 *(.bss .bss.* .gnu.linkonce.b.*)
 .bss           0x1fff8158       0x1c c:/program files (x86)/cypress/psoc creator/4.4/psoc creator/import/gnu/arm/5.4.1/bin/../lib/gcc/arm-none-eabi/5.4.1/armv7-m/crtbegin.o
 .bss           0x1fff8174     0x580c .\CortexM3\ARM_GCC_541\Debug\main.o
 .bss           0x1fffd980        0x3 .\CortexM3\ARM_GCC_541\Debug\led.o
 .bss           0x1fffd983        0x5 .\CortexM3\ARM_GCC_541\Debug\PSOC_MATLAB_CFAR.a(WaveDAC8.o)
                0x1fffd987                WaveDAC8_initVar
 .bss           0x1fffd988        0x2 .\CortexM3\ARM_GCC_541\Debug\PSOC_MATLAB_CFAR.a(UART_LOG.o)
                0x1fffd988                UART_LOG_initVar
 *fill*         0x1fffd98a        0x2 
 .bss           0x1fffd98c        0xc .\CortexM3\ARM_GCC_541\Debug\PSOC_MATLAB_CFAR.a(ADC.o)
                0x1fffd990                ADC_stopConversion
                0x1fffd991                ADC_convDone
                0x1fffd992                ADC_initVar
                0x1fffd993                ADC_started
                0x1fffd994                ADC_Offset
 .bss.__malloc_sbrk_start
                0x1fffd998        0x4 c:/program files (x86)/cypress/psoc creator/4.4/psoc creator/import/gnu/arm/5.4.1/bin/../lib/gcc/arm-none-eabi/5.4.1/../../../../arm-none-eabi/lib/armv7-m\libg_nano.a(lib_a-nano-mallocr.o)
                0x1fffd998                __malloc_sbrk_start
 .bss.__malloc_free_list
                0x1fffd99c        0x4 c:/program files (x86)/cypress/psoc creator/4.4/psoc creator/import/gnu/arm/5.4.1/bin/../lib/gcc/arm-none-eabi/5.4.1/../../../../arm-none-eabi/lib/armv7-m\libg_nano.a(lib_a-nano-mallocr.o)
                0x1fffd99c                __malloc_free_list
 *(COMMON)
 COMMON         0x1fffd9a0        0x2 .\CortexM3\ARM_GCC_541\Debug\main.o
                0x1fffd9a0                DMA_ADC_TD
                0x1fffd9a1                DMA_ADC_Chan
 *fill*         0x1fffd9a2        0x2 
 COMMON         0x1fffd9a4        0x4 .\CortexM3\ARM_GCC_541\Debug\PSOC_MATLAB_CFAR.a(ADC.o)
                0x1fffd9a4                ADC_CountsPerVolt
 COMMON         0x1fffd9a8        0x4 c:/program files (x86)/cypress/psoc creator/4.4/psoc creator/import/gnu/arm/5.4.1/bin/../lib/gcc/arm-none-eabi/5.4.1/../../../../arm-none-eabi/lib/armv7-m\libg_nano.a(lib_a-reent.o)
                0x1fffd9a8                errno
                0x1fffd9b0                . = ALIGN (0x8)
 *fill*         0x1fffd9ac        0x4 
 *(.ram.b)
                0x1fffd9b0                _end = .
                0x1fffd9b0                __end = .
                0x1fffd9b0                PROVIDE (end, .)
                0x1fffd9b0                PROVIDE (__bss_end__, .)
                0x00027658                __cy_region_init_ram = LOADADDR (.data)
                0x00000090                __cy_region_init_size_ram = (_edata - ADDR (.data))
                0x00005858                __cy_region_zero_size_ram = (_end - _edata)

.heap           0x1fffd9b0     0x2000 load address 0x000276e8
                0x1fffd9b0                . = _end
                0x1ffff9b0                . = (. + 0x2000)
 *fill*         0x1fffd9b0     0x2000 
                0x1ffff9b0                __cy_heap_limit = .

.stack          0x20006000     0x2000
                0x20006000                __cy_stack_limit = .
                0x20008000                . = (. + 0x2000)
 *fill*         0x20006000     0x2000 
                0x00000001                ASSERT ((__cy_stack_limit >= __cy_heap_limit), region RAM overflowed with stack)
                0x00000000                cy_checksum_exclude_size = (CY_APPL_LOADABLE == 0x1)?SIZEOF (.cy_checksum_exclude):0x0
                0x00000001                ASSERT ((cy_checksum_exclude_size <= CY_CHECKSUM_EXCLUDE_SIZE), CY_BOOT: Section .cy_checksum_exclude size exceedes specified limit.)

.cyloadermeta
 *(.cyloadermeta)

.cyloadablemeta
 *(.cyloadablemeta)

.cyconfigecc    0x80000000      0x47c
 *(.cyconfigecc)
 .cyconfigecc   0x80000000      0x47c .\CortexM3\ARM_GCC_541\Debug\cymetadata.o
                0x80000000                cy_meta_configecc

.cycustnvl      0x90000000        0x4
 *(.cycustnvl)
 .cycustnvl     0x90000000        0x4 .\CortexM3\ARM_GCC_541\Debug\cymetadata.o
                0x90000000                cy_meta_custnvl

.cywolatch      0x90100000        0x4
 *(.cywolatch)
 .cywolatch     0x90100000        0x4 .\CortexM3\ARM_GCC_541\Debug\cymetadata.o
                0x90100000                cy_meta_wonvl

.cyeeprom       0x90200000        0x0
 *(.cyeeprom)
                0x00000001                ASSERT ((. <= ((0x90200000 + ee_offset) + ee_size)), .cyeeprom data will not fit in EEPROM)

.cyflashprotect
                0x90400000      0x100
 *(.cyflashprotect)
 .cyflashprotect
                0x90400000      0x100 .\CortexM3\ARM_GCC_541\Debug\cymetadata.o
                0x90400000                cy_meta_flashprotect

.cymeta         0x90500000        0xc
 *(.cymeta)
 .cymeta        0x90500000        0xc .\CortexM3\ARM_GCC_541\Debug\cymetadata.o
                0x90500000                cy_metadata

.rel.dyn        0x000276e8        0x0 load address 0x9050000c
 .rel.iplt      0x000276e8        0x0 c:/program files (x86)/cypress/psoc creator/4.4/psoc creator/import/gnu/arm/5.4.1/bin/../lib/gcc/arm-none-eabi/5.4.1/armv7-m/crtbegin.o

.stab
 *(.stab)

.stabstr
 *(.stabstr)

.debug
 *(.debug)

.line
 *(.line)

.debug_srcinfo
 *(.debug_srcinfo)

.debug_sfnames
 *(.debug_sfnames)

.debug_aranges  0x00000000      0xfa0
 *(.debug_aranges)
 .debug_aranges
                0x00000000       0x28 .\CortexM3\ARM_GCC_541\Debug\cfar.o
 .debug_aranges
                0x00000028       0x40 .\CortexM3\ARM_GCC_541\Debug\main.o
 .debug_aranges
                0x00000068       0x20 .\CortexM3\ARM_GCC_541\Debug\dsp.o
 .debug_aranges
                0x00000088       0x28 .\CortexM3\ARM_GCC_541\Debug\logging.o
 .debug_aranges
                0x000000b0       0x30 .\CortexM3\ARM_GCC_541\Debug\led.o
 .debug_aranges
                0x000000e0       0x68 .\CortexM3\ARM_GCC_541\Debug\cyfitter_cfg.o
 .debug_aranges
                0x00000148       0x18 .\CortexM3\ARM_GCC_541\Debug\cymetadata.o
 .debug_aranges
                0x00000160       0x48 .\CortexM3\ARM_GCC_541\Debug\Cm3Start.o
 .debug_aranges
                0x000001a8       0x50 .\CortexM3\ARM_GCC_541\Debug\PSOC_MATLAB_CFAR.a(WaveDAC8.o)
 .debug_aranges
                0x000001f8       0x38 .\CortexM3\ARM_GCC_541\Debug\PSOC_MATLAB_CFAR.a(LED_yellow.o)
 .debug_aranges
                0x00000230       0x38 .\CortexM3\ARM_GCC_541\Debug\PSOC_MATLAB_CFAR.a(LED_red.o)
 .debug_aranges
                0x00000268       0x38 .\CortexM3\ARM_GCC_541\Debug\PSOC_MATLAB_CFAR.a(LED_green.o)
 .debug_aranges
                0x000002a0       0x80 .\CortexM3\ARM_GCC_541\Debug\PSOC_MATLAB_CFAR.a(isr_button.o)
 .debug_aranges
                0x00000320       0xf0 .\CortexM3\ARM_GCC_541\Debug\PSOC_MATLAB_CFAR.a(UART_LOG.o)
 .debug_aranges
                0x00000410       0x80 .\CortexM3\ARM_GCC_541\Debug\PSOC_MATLAB_CFAR.a(isr_rx.o)
 .debug_aranges
                0x00000490       0x48 .\CortexM3\ARM_GCC_541\Debug\PSOC_MATLAB_CFAR.a(Button.o)
 .debug_aranges
                0x000004d8       0xe8 .\CortexM3\ARM_GCC_541\Debug\PSOC_MATLAB_CFAR.a(ADC.o)
 .debug_aranges
                0x000005c0       0x38 .\CortexM3\ARM_GCC_541\Debug\PSOC_MATLAB_CFAR.a(ADC_INT.o)
 .debug_aranges
                0x000005f8       0x28 .\CortexM3\ARM_GCC_541\Debug\PSOC_MATLAB_CFAR.a(DMA_ADC_dma.o)
 .debug_aranges
                0x00000620       0x40 .\CortexM3\ARM_GCC_541\Debug\PSOC_MATLAB_CFAR.a(Status_Reg_1.o)
 .debug_aranges
                0x00000660       0x70 .\CortexM3\ARM_GCC_541\Debug\PSOC_MATLAB_CFAR.a(WaveDAC8_DacClk.o)
 .debug_aranges
                0x000006d0       0x28 .\CortexM3\ARM_GCC_541\Debug\PSOC_MATLAB_CFAR.a(WaveDAC8_Wave1_DMA_dma.o)
 .debug_aranges
                0x000006f8       0x28 .\CortexM3\ARM_GCC_541\Debug\PSOC_MATLAB_CFAR.a(WaveDAC8_Wave2_DMA_dma.o)
 .debug_aranges
                0x00000720       0x58 .\CortexM3\ARM_GCC_541\Debug\PSOC_MATLAB_CFAR.a(WaveDAC8_VDAC8.o)
 .debug_aranges
                0x00000778       0x40 .\CortexM3\ARM_GCC_541\Debug\PSOC_MATLAB_CFAR.a(WaveDAC8_BuffAmp.o)
 .debug_aranges
                0x000007b8       0x70 .\CortexM3\ARM_GCC_541\Debug\PSOC_MATLAB_CFAR.a(UART_LOG_IntClock.o)
 .debug_aranges
                0x00000828       0x30 .\CortexM3\ARM_GCC_541\Debug\PSOC_MATLAB_CFAR.a(ADC_AMux.o)
 .debug_aranges
                0x00000858       0x70 .\CortexM3\ARM_GCC_541\Debug\PSOC_MATLAB_CFAR.a(ADC_Ext_CP_Clk.o)
 .debug_aranges
                0x000008c8       0x80 .\CortexM3\ARM_GCC_541\Debug\PSOC_MATLAB_CFAR.a(ADC_theACLK.o)
 .debug_aranges
                0x00000948       0xd8 .\CortexM3\ARM_GCC_541\Debug\PSOC_MATLAB_CFAR.a(CyDmac.o)
 .debug_aranges
                0x00000a20      0x2a0 .\CortexM3\ARM_GCC_541\Debug\PSOC_MATLAB_CFAR.a(CyLib.o)
 .debug_aranges
                0x00000cc0       0x98 .\CortexM3\ARM_GCC_541\Debug\PSOC_MATLAB_CFAR.a(cyPm.o)
 .debug_aranges
                0x00000d58       0x20 .\CortexM3\ARM_GCC_541\Debug\PSOC_MATLAB_CFAR.a(CyBootAsmGnu.o)
 .debug_aranges
                0x00000d78       0x88 .\CortexM3\ARM_GCC_541\Debug\PSOC_MATLAB_CFAR.a(CyFlash.o)
 .debug_aranges
                0x00000e00       0x80 .\CortexM3\ARM_GCC_541\Debug\PSOC_MATLAB_CFAR.a(CySpc.o)
 .debug_aranges
                0x00000e80       0x20 .\bsw\fft_application\lib\libfft_application.a(fft_application.o)
 .debug_aranges
                0x00000ea0       0x30 .\bsw\fft_application\lib\libfft_application.a(arm_rfft_q31.o)
 .debug_aranges
                0x00000ed0       0x20 .\bsw\fft_application\lib\libfft_application.a(arm_rfft_init_q31.o)
 .debug_aranges
                0x00000ef0       0x30 .\bsw\fft_application\lib\libfft_application.a(arm_cfft_q31.o)
 .debug_aranges
                0x00000f20       0x30 .\bsw\fft_application\lib\libfft_application.a(arm_cfft_radix4_q31.o)
 .debug_aranges
                0x00000f50       0x18 .\bsw\fft_application\lib\libfft_application.a(arm_const_structs.o)
 .debug_aranges
                0x00000f68       0x20 .\bsw\fft_application\lib\libfft_application.a(arm_bitreversal2.o)
 .debug_aranges
                0x00000f88       0x18 .\bsw\fft_application\lib\libfft_application.a(arm_common_tables.o)

.debug_pubnames
 *(.debug_pubnames)

.debug_info     0x00000000     0xdc0a
 *(.debug_info .gnu.linkonce.wi.*)
 .debug_info    0x00000000      0x3dc .\CortexM3\ARM_GCC_541\Debug\cfar.o
 .debug_info    0x000003dc     0x27df .\CortexM3\ARM_GCC_541\Debug\main.o
 .debug_info    0x00002bbb      0x1f1 .\CortexM3\ARM_GCC_541\Debug\dsp.o
 .debug_info    0x00002dac      0x347 .\CortexM3\ARM_GCC_541\Debug\logging.o
 .debug_info    0x000030f3      0x620 .\CortexM3\ARM_GCC_541\Debug\led.o
 .debug_info    0x00003713      0x6ea .\CortexM3\ARM_GCC_541\Debug\cyfitter_cfg.o
 .debug_info    0x00003dfd      0x136 .\CortexM3\ARM_GCC_541\Debug\cymetadata.o
 .debug_info    0x00003f33      0x3cf .\CortexM3\ARM_GCC_541\Debug\Cm3Start.o
 .debug_info    0x00004302      0x52f .\CortexM3\ARM_GCC_541\Debug\PSOC_MATLAB_CFAR.a(WaveDAC8.o)
 .debug_info    0x00004831      0x11f .\CortexM3\ARM_GCC_541\Debug\PSOC_MATLAB_CFAR.a(LED_yellow.o)
 .debug_info    0x00004950      0x11f .\CortexM3\ARM_GCC_541\Debug\PSOC_MATLAB_CFAR.a(LED_red.o)
 .debug_info    0x00004a6f      0x11f .\CortexM3\ARM_GCC_541\Debug\PSOC_MATLAB_CFAR.a(LED_green.o)
 .debug_info    0x00004b8e      0x2d2 .\CortexM3\ARM_GCC_541\Debug\PSOC_MATLAB_CFAR.a(isr_button.o)
 .debug_info    0x00004e60      0x60c .\CortexM3\ARM_GCC_541\Debug\PSOC_MATLAB_CFAR.a(UART_LOG.o)
 .debug_info    0x0000546c      0x2d2 .\CortexM3\ARM_GCC_541\Debug\PSOC_MATLAB_CFAR.a(isr_rx.o)
 .debug_info    0x0000573e      0x174 .\CortexM3\ARM_GCC_541\Debug\PSOC_MATLAB_CFAR.a(Button.o)
 .debug_info    0x000058b2      0xa18 .\CortexM3\ARM_GCC_541\Debug\PSOC_MATLAB_CFAR.a(ADC.o)
 .debug_info    0x000062ca       0xd3 .\CortexM3\ARM_GCC_541\Debug\PSOC_MATLAB_CFAR.a(ADC_INT.o)
 .debug_info    0x0000639d      0x1a8 .\CortexM3\ARM_GCC_541\Debug\PSOC_MATLAB_CFAR.a(DMA_ADC_dma.o)
 .debug_info    0x00006545      0x17f .\CortexM3\ARM_GCC_541\Debug\PSOC_MATLAB_CFAR.a(Status_Reg_1.o)
 .debug_info    0x000066c4      0x283 .\CortexM3\ARM_GCC_541\Debug\PSOC_MATLAB_CFAR.a(WaveDAC8_DacClk.o)
 .debug_info    0x00006947      0x1aa .\CortexM3\ARM_GCC_541\Debug\PSOC_MATLAB_CFAR.a(WaveDAC8_Wave1_DMA_dma.o)
 .debug_info    0x00006af1      0x1a7 .\CortexM3\ARM_GCC_541\Debug\PSOC_MATLAB_CFAR.a(WaveDAC8_Wave2_DMA_dma.o)
 .debug_info    0x00006c98      0x1de .\CortexM3\ARM_GCC_541\Debug\PSOC_MATLAB_CFAR.a(WaveDAC8_VDAC8.o)
 .debug_info    0x00006e76      0x151 .\CortexM3\ARM_GCC_541\Debug\PSOC_MATLAB_CFAR.a(WaveDAC8_BuffAmp.o)
 .debug_info    0x00006fc7      0x283 .\CortexM3\ARM_GCC_541\Debug\PSOC_MATLAB_CFAR.a(UART_LOG_IntClock.o)
 .debug_info    0x0000724a      0x165 .\CortexM3\ARM_GCC_541\Debug\PSOC_MATLAB_CFAR.a(ADC_AMux.o)
 .debug_info    0x000073af      0x283 .\CortexM3\ARM_GCC_541\Debug\PSOC_MATLAB_CFAR.a(ADC_Ext_CP_Clk.o)
 .debug_info    0x00007632      0x2c4 .\CortexM3\ARM_GCC_541\Debug\PSOC_MATLAB_CFAR.a(ADC_theACLK.o)
 .debug_info    0x000078f6      0x94e .\CortexM3\ARM_GCC_541\Debug\PSOC_MATLAB_CFAR.a(CyDmac.o)
 .debug_info    0x00008244     0x1374 .\CortexM3\ARM_GCC_541\Debug\PSOC_MATLAB_CFAR.a(CyLib.o)
 .debug_info    0x000095b8      0xa2a .\CortexM3\ARM_GCC_541\Debug\PSOC_MATLAB_CFAR.a(cyPm.o)
 .debug_info    0x00009fe2       0x9d .\CortexM3\ARM_GCC_541\Debug\PSOC_MATLAB_CFAR.a(CyBootAsmGnu.o)
 .debug_info    0x0000a07f      0x64d .\CortexM3\ARM_GCC_541\Debug\PSOC_MATLAB_CFAR.a(CyFlash.o)
 .debug_info    0x0000a6cc      0x550 .\CortexM3\ARM_GCC_541\Debug\PSOC_MATLAB_CFAR.a(CySpc.o)
 .debug_info    0x0000ac1c      0x36c .\bsw\fft_application\lib\libfft_application.a(fft_application.o)
 .debug_info    0x0000af88      0x4f7 .\bsw\fft_application\lib\libfft_application.a(arm_rfft_q31.o)
 .debug_info    0x0000b47f      0x327 .\bsw\fft_application\lib\libfft_application.a(arm_rfft_init_q31.o)
 .debug_info    0x0000b7a6      0x4a3 .\bsw\fft_application\lib\libfft_application.a(arm_cfft_q31.o)
 .debug_info    0x0000bc49      0x815 .\bsw\fft_application\lib\libfft_application.a(arm_cfft_radix4_q31.o)
 .debug_info    0x0000c45e      0xd8a .\bsw\fft_application\lib\libfft_application.a(arm_const_structs.o)
 .debug_info    0x0000d1e8       0xac .\bsw\fft_application\lib\libfft_application.a(arm_bitreversal2.o)
 .debug_info    0x0000d294      0x976 .\bsw\fft_application\lib\libfft_application.a(arm_common_tables.o)

.debug_abbrev   0x00000000     0x2fb3
 *(.debug_abbrev)
 .debug_abbrev  0x00000000      0x12e .\CortexM3\ARM_GCC_541\Debug\cfar.o
 .debug_abbrev  0x0000012e      0x1c4 .\CortexM3\ARM_GCC_541\Debug\main.o
 .debug_abbrev  0x000002f2       0xe2 .\CortexM3\ARM_GCC_541\Debug\dsp.o
 .debug_abbrev  0x000003d4      0x139 .\CortexM3\ARM_GCC_541\Debug\logging.o
 .debug_abbrev  0x0000050d      0x1bb .\CortexM3\ARM_GCC_541\Debug\led.o
 .debug_abbrev  0x000006c8      0x22d .\CortexM3\ARM_GCC_541\Debug\cyfitter_cfg.o
 .debug_abbrev  0x000008f5       0x77 .\CortexM3\ARM_GCC_541\Debug\cymetadata.o
 .debug_abbrev  0x0000096c      0x1e8 .\CortexM3\ARM_GCC_541\Debug\Cm3Start.o
 .debug_abbrev  0x00000b54      0x10b .\CortexM3\ARM_GCC_541\Debug\PSOC_MATLAB_CFAR.a(WaveDAC8.o)
 .debug_abbrev  0x00000c5f       0x90 .\CortexM3\ARM_GCC_541\Debug\PSOC_MATLAB_CFAR.a(LED_yellow.o)
 .debug_abbrev  0x00000cef       0x90 .\CortexM3\ARM_GCC_541\Debug\PSOC_MATLAB_CFAR.a(LED_red.o)
 .debug_abbrev  0x00000d7f       0x90 .\CortexM3\ARM_GCC_541\Debug\PSOC_MATLAB_CFAR.a(LED_green.o)
 .debug_abbrev  0x00000e0f      0x173 .\CortexM3\ARM_GCC_541\Debug\PSOC_MATLAB_CFAR.a(isr_button.o)
 .debug_abbrev  0x00000f82      0x175 .\CortexM3\ARM_GCC_541\Debug\PSOC_MATLAB_CFAR.a(UART_LOG.o)
 .debug_abbrev  0x000010f7      0x173 .\CortexM3\ARM_GCC_541\Debug\PSOC_MATLAB_CFAR.a(isr_rx.o)
 .debug_abbrev  0x0000126a       0x90 .\CortexM3\ARM_GCC_541\Debug\PSOC_MATLAB_CFAR.a(Button.o)
 .debug_abbrev  0x000012fa      0x1eb .\CortexM3\ARM_GCC_541\Debug\PSOC_MATLAB_CFAR.a(ADC.o)
 .debug_abbrev  0x000014e5       0x42 .\CortexM3\ARM_GCC_541\Debug\PSOC_MATLAB_CFAR.a(ADC_INT.o)
 .debug_abbrev  0x00001527       0xcd .\CortexM3\ARM_GCC_541\Debug\PSOC_MATLAB_CFAR.a(DMA_ADC_dma.o)
 .debug_abbrev  0x000015f4       0xac .\CortexM3\ARM_GCC_541\Debug\PSOC_MATLAB_CFAR.a(Status_Reg_1.o)
 .debug_abbrev  0x000016a0      0x139 .\CortexM3\ARM_GCC_541\Debug\PSOC_MATLAB_CFAR.a(WaveDAC8_DacClk.o)
 .debug_abbrev  0x000017d9       0xcd .\CortexM3\ARM_GCC_541\Debug\PSOC_MATLAB_CFAR.a(WaveDAC8_Wave1_DMA_dma.o)
 .debug_abbrev  0x000018a6       0xcd .\CortexM3\ARM_GCC_541\Debug\PSOC_MATLAB_CFAR.a(WaveDAC8_Wave2_DMA_dma.o)
 .debug_abbrev  0x00001973       0xf7 .\CortexM3\ARM_GCC_541\Debug\PSOC_MATLAB_CFAR.a(WaveDAC8_VDAC8.o)
 .debug_abbrev  0x00001a6a       0xb2 .\CortexM3\ARM_GCC_541\Debug\PSOC_MATLAB_CFAR.a(WaveDAC8_BuffAmp.o)
 .debug_abbrev  0x00001b1c      0x139 .\CortexM3\ARM_GCC_541\Debug\PSOC_MATLAB_CFAR.a(UART_LOG_IntClock.o)
 .debug_abbrev  0x00001c55       0xb1 .\CortexM3\ARM_GCC_541\Debug\PSOC_MATLAB_CFAR.a(ADC_AMux.o)
 .debug_abbrev  0x00001d06      0x139 .\CortexM3\ARM_GCC_541\Debug\PSOC_MATLAB_CFAR.a(ADC_Ext_CP_Clk.o)
 .debug_abbrev  0x00001e3f      0x121 .\CortexM3\ARM_GCC_541\Debug\PSOC_MATLAB_CFAR.a(ADC_theACLK.o)
 .debug_abbrev  0x00001f60      0x1b2 .\CortexM3\ARM_GCC_541\Debug\PSOC_MATLAB_CFAR.a(CyDmac.o)
 .debug_abbrev  0x00002112      0x254 .\CortexM3\ARM_GCC_541\Debug\PSOC_MATLAB_CFAR.a(CyLib.o)
 .debug_abbrev  0x00002366      0x1ab .\CortexM3\ARM_GCC_541\Debug\PSOC_MATLAB_CFAR.a(cyPm.o)
 .debug_abbrev  0x00002511       0x14 .\CortexM3\ARM_GCC_541\Debug\PSOC_MATLAB_CFAR.a(CyBootAsmGnu.o)
 .debug_abbrev  0x00002525      0x1a7 .\CortexM3\ARM_GCC_541\Debug\PSOC_MATLAB_CFAR.a(CyFlash.o)
 .debug_abbrev  0x000026cc      0x194 .\CortexM3\ARM_GCC_541\Debug\PSOC_MATLAB_CFAR.a(CySpc.o)
 .debug_abbrev  0x00002860      0x15d .\bsw\fft_application\lib\libfft_application.a(fft_application.o)
 .debug_abbrev  0x000029bd      0x128 .\bsw\fft_application\lib\libfft_application.a(arm_rfft_q31.o)
 .debug_abbrev  0x00002ae5      0x12e .\bsw\fft_application\lib\libfft_application.a(arm_rfft_init_q31.o)
 .debug_abbrev  0x00002c13       0xfb .\bsw\fft_application\lib\libfft_application.a(arm_cfft_q31.o)
 .debug_abbrev  0x00002d0e      0x142 .\bsw\fft_application\lib\libfft_application.a(arm_cfft_radix4_q31.o)
 .debug_abbrev  0x00002e50       0xcb .\bsw\fft_application\lib\libfft_application.a(arm_const_structs.o)
 .debug_abbrev  0x00002f1b       0x14 .\bsw\fft_application\lib\libfft_application.a(arm_bitreversal2.o)
 .debug_abbrev  0x00002f2f       0x84 .\bsw\fft_application\lib\libfft_application.a(arm_common_tables.o)

.debug_line     0x00000000     0x4ed1
 *(.debug_line)
 .debug_line    0x00000000      0x255 .\CortexM3\ARM_GCC_541\Debug\cfar.o
 .debug_line    0x00000255      0x352 .\CortexM3\ARM_GCC_541\Debug\main.o
 .debug_line    0x000005a7       0x7f .\CortexM3\ARM_GCC_541\Debug\dsp.o
 .debug_line    0x00000626      0x1af .\CortexM3\ARM_GCC_541\Debug\logging.o
 .debug_line    0x000007d5      0x25a .\CortexM3\ARM_GCC_541\Debug\led.o
 .debug_line    0x00000a2f      0x22a .\CortexM3\ARM_GCC_541\Debug\cyfitter_cfg.o
 .debug_line    0x00000c59      0x141 .\CortexM3\ARM_GCC_541\Debug\cymetadata.o
 .debug_line    0x00000d9a      0x241 .\CortexM3\ARM_GCC_541\Debug\Cm3Start.o
 .debug_line    0x00000fdb      0x16a .\CortexM3\ARM_GCC_541\Debug\PSOC_MATLAB_CFAR.a(WaveDAC8.o)
 .debug_line    0x00001145       0x97 .\CortexM3\ARM_GCC_541\Debug\PSOC_MATLAB_CFAR.a(LED_yellow.o)
 .debug_line    0x000011dc       0x94 .\CortexM3\ARM_GCC_541\Debug\PSOC_MATLAB_CFAR.a(LED_red.o)
 .debug_line    0x00001270       0x96 .\CortexM3\ARM_GCC_541\Debug\PSOC_MATLAB_CFAR.a(LED_green.o)
 .debug_line    0x00001306      0x137 .\CortexM3\ARM_GCC_541\Debug\PSOC_MATLAB_CFAR.a(isr_button.o)
 .debug_line    0x0000143d      0x2c4 .\CortexM3\ARM_GCC_541\Debug\PSOC_MATLAB_CFAR.a(UART_LOG.o)
 .debug_line    0x00001701      0x133 .\CortexM3\ARM_GCC_541\Debug\PSOC_MATLAB_CFAR.a(isr_rx.o)
 .debug_line    0x00001834       0xb7 .\CortexM3\ARM_GCC_541\Debug\PSOC_MATLAB_CFAR.a(Button.o)
 .debug_line    0x000018eb      0x34f .\CortexM3\ARM_GCC_541\Debug\PSOC_MATLAB_CFAR.a(ADC.o)
 .debug_line    0x00001c3a       0x80 .\CortexM3\ARM_GCC_541\Debug\PSOC_MATLAB_CFAR.a(ADC_INT.o)
 .debug_line    0x00001cba       0x84 .\CortexM3\ARM_GCC_541\Debug\PSOC_MATLAB_CFAR.a(DMA_ADC_dma.o)
 .debug_line    0x00001d3e       0xb8 .\CortexM3\ARM_GCC_541\Debug\PSOC_MATLAB_CFAR.a(Status_Reg_1.o)
 .debug_line    0x00001df6      0x17e .\CortexM3\ARM_GCC_541\Debug\PSOC_MATLAB_CFAR.a(WaveDAC8_DacClk.o)
 .debug_line    0x00001f74       0x8f .\CortexM3\ARM_GCC_541\Debug\PSOC_MATLAB_CFAR.a(WaveDAC8_Wave1_DMA_dma.o)
 .debug_line    0x00002003       0x8f .\CortexM3\ARM_GCC_541\Debug\PSOC_MATLAB_CFAR.a(WaveDAC8_Wave2_DMA_dma.o)
 .debug_line    0x00002092       0xea .\CortexM3\ARM_GCC_541\Debug\PSOC_MATLAB_CFAR.a(WaveDAC8_VDAC8.o)
 .debug_line    0x0000217c       0xb3 .\CortexM3\ARM_GCC_541\Debug\PSOC_MATLAB_CFAR.a(WaveDAC8_BuffAmp.o)
 .debug_line    0x0000222f      0x180 .\CortexM3\ARM_GCC_541\Debug\PSOC_MATLAB_CFAR.a(UART_LOG_IntClock.o)
 .debug_line    0x000023af       0xac .\CortexM3\ARM_GCC_541\Debug\PSOC_MATLAB_CFAR.a(ADC_AMux.o)
 .debug_line    0x0000245b      0x17d .\CortexM3\ARM_GCC_541\Debug\PSOC_MATLAB_CFAR.a(ADC_Ext_CP_Clk.o)
 .debug_line    0x000025d8      0x19d .\CortexM3\ARM_GCC_541\Debug\PSOC_MATLAB_CFAR.a(ADC_theACLK.o)
 .debug_line    0x00002775      0x2e4 .\CortexM3\ARM_GCC_541\Debug\PSOC_MATLAB_CFAR.a(CyDmac.o)
 .debug_line    0x00002a59      0x816 .\CortexM3\ARM_GCC_541\Debug\PSOC_MATLAB_CFAR.a(CyLib.o)
 .debug_line    0x0000326f      0x367 .\CortexM3\ARM_GCC_541\Debug\PSOC_MATLAB_CFAR.a(cyPm.o)
 .debug_line    0x000035d6       0x66 .\CortexM3\ARM_GCC_541\Debug\PSOC_MATLAB_CFAR.a(CyBootAsmGnu.o)
 .debug_line    0x0000363c      0x21a .\CortexM3\ARM_GCC_541\Debug\PSOC_MATLAB_CFAR.a(CyFlash.o)
 .debug_line    0x00003856      0x260 .\CortexM3\ARM_GCC_541\Debug\PSOC_MATLAB_CFAR.a(CySpc.o)
 .debug_line    0x00003ab6      0x22f .\bsw\fft_application\lib\libfft_application.a(fft_application.o)
 .debug_line    0x00003ce5      0x1ff .\bsw\fft_application\lib\libfft_application.a(arm_rfft_q31.o)
 .debug_line    0x00003ee4      0x1dd .\bsw\fft_application\lib\libfft_application.a(arm_rfft_init_q31.o)
 .debug_line    0x000040c1      0x2f5 .\bsw\fft_application\lib\libfft_application.a(arm_cfft_q31.o)
 .debug_line    0x000043b6      0x792 .\bsw\fft_application\lib\libfft_application.a(arm_cfft_radix4_q31.o)
 .debug_line    0x00004b48      0x17c .\bsw\fft_application\lib\libfft_application.a(arm_const_structs.o)
 .debug_line    0x00004cc4       0xa8 .\bsw\fft_application\lib\libfft_application.a(arm_bitreversal2.o)
 .debug_line    0x00004d6c      0x165 .\bsw\fft_application\lib\libfft_application.a(arm_common_tables.o)

.debug_frame    0x00000000     0x295c
 *(.debug_frame)
 .debug_frame   0x00000000       0x94 .\CortexM3\ARM_GCC_541\Debug\cfar.o
 .debug_frame   0x00000094       0x9c .\CortexM3\ARM_GCC_541\Debug\main.o
 .debug_frame   0x00000130       0x6c .\CortexM3\ARM_GCC_541\Debug\dsp.o
 .debug_frame   0x0000019c       0x48 .\CortexM3\ARM_GCC_541\Debug\logging.o
 .debug_frame   0x000001e4       0x6c .\CortexM3\ARM_GCC_541\Debug\led.o
 .debug_frame   0x00000250      0x104 .\CortexM3\ARM_GCC_541\Debug\cyfitter_cfg.o
 .debug_frame   0x00000354       0xb8 .\CortexM3\ARM_GCC_541\Debug\Cm3Start.o
 .debug_frame   0x0000040c       0xe0 .\CortexM3\ARM_GCC_541\Debug\PSOC_MATLAB_CFAR.a(WaveDAC8.o)
 .debug_frame   0x000004ec       0x50 .\CortexM3\ARM_GCC_541\Debug\PSOC_MATLAB_CFAR.a(LED_yellow.o)
 .debug_frame   0x0000053c       0x50 .\CortexM3\ARM_GCC_541\Debug\PSOC_MATLAB_CFAR.a(LED_red.o)
 .debug_frame   0x0000058c       0x50 .\CortexM3\ARM_GCC_541\Debug\PSOC_MATLAB_CFAR.a(LED_green.o)
 .debug_frame   0x000005dc      0x104 .\CortexM3\ARM_GCC_541\Debug\PSOC_MATLAB_CFAR.a(isr_button.o)
 .debug_frame   0x000006e0      0x250 .\CortexM3\ARM_GCC_541\Debug\PSOC_MATLAB_CFAR.a(UART_LOG.o)
 .debug_frame   0x00000930      0x104 .\CortexM3\ARM_GCC_541\Debug\PSOC_MATLAB_CFAR.a(isr_rx.o)
 .debug_frame   0x00000a34       0x70 .\CortexM3\ARM_GCC_541\Debug\PSOC_MATLAB_CFAR.a(Button.o)
 .debug_frame   0x00000aa4      0x278 .\CortexM3\ARM_GCC_541\Debug\PSOC_MATLAB_CFAR.a(ADC.o)
 .debug_frame   0x00000d1c       0x50 .\CortexM3\ARM_GCC_541\Debug\PSOC_MATLAB_CFAR.a(ADC_INT.o)
 .debug_frame   0x00000d6c       0x54 .\CortexM3\ARM_GCC_541\Debug\PSOC_MATLAB_CFAR.a(DMA_ADC_dma.o)
 .debug_frame   0x00000dc0       0x78 .\CortexM3\ARM_GCC_541\Debug\PSOC_MATLAB_CFAR.a(Status_Reg_1.o)
 .debug_frame   0x00000e38       0xe0 .\CortexM3\ARM_GCC_541\Debug\PSOC_MATLAB_CFAR.a(WaveDAC8_DacClk.o)
 .debug_frame   0x00000f18       0x54 .\CortexM3\ARM_GCC_541\Debug\PSOC_MATLAB_CFAR.a(WaveDAC8_Wave1_DMA_dma.o)
 .debug_frame   0x00000f6c       0x54 .\CortexM3\ARM_GCC_541\Debug\PSOC_MATLAB_CFAR.a(WaveDAC8_Wave2_DMA_dma.o)
 .debug_frame   0x00000fc0       0xb4 .\CortexM3\ARM_GCC_541\Debug\PSOC_MATLAB_CFAR.a(WaveDAC8_VDAC8.o)
 .debug_frame   0x00001074       0x78 .\CortexM3\ARM_GCC_541\Debug\PSOC_MATLAB_CFAR.a(WaveDAC8_BuffAmp.o)
 .debug_frame   0x000010ec       0xe0 .\CortexM3\ARM_GCC_541\Debug\PSOC_MATLAB_CFAR.a(UART_LOG_IntClock.o)
 .debug_frame   0x000011cc       0x64 .\CortexM3\ARM_GCC_541\Debug\PSOC_MATLAB_CFAR.a(ADC_AMux.o)
 .debug_frame   0x00001230       0xe0 .\CortexM3\ARM_GCC_541\Debug\PSOC_MATLAB_CFAR.a(ADC_Ext_CP_Clk.o)
 .debug_frame   0x00001310      0x100 .\CortexM3\ARM_GCC_541\Debug\PSOC_MATLAB_CFAR.a(ADC_theACLK.o)
 .debug_frame   0x00001410      0x1f8 .\CortexM3\ARM_GCC_541\Debug\PSOC_MATLAB_CFAR.a(CyDmac.o)
 .debug_frame   0x00001608      0x738 .\CortexM3\ARM_GCC_541\Debug\PSOC_MATLAB_CFAR.a(CyLib.o)
 .debug_frame   0x00001d40      0x1f8 .\CortexM3\ARM_GCC_541\Debug\PSOC_MATLAB_CFAR.a(cyPm.o)
 .debug_frame   0x00001f38      0x194 .\CortexM3\ARM_GCC_541\Debug\PSOC_MATLAB_CFAR.a(CyFlash.o)
 .debug_frame   0x000020cc      0x180 .\CortexM3\ARM_GCC_541\Debug\PSOC_MATLAB_CFAR.a(CySpc.o)
 .debug_frame   0x0000224c       0x38 .\bsw\fft_application\lib\libfft_application.a(fft_application.o)
 .debug_frame   0x00002284       0xac .\bsw\fft_application\lib\libfft_application.a(arm_rfft_q31.o)
 .debug_frame   0x00002330       0x2c .\bsw\fft_application\lib\libfft_application.a(arm_rfft_init_q31.o)
 .debug_frame   0x0000235c       0xa0 .\bsw\fft_application\lib\libfft_application.a(arm_cfft_q31.o)
 .debug_frame   0x000023fc       0xa0 .\bsw\fft_application\lib\libfft_application.a(arm_cfft_radix4_q31.o)
 .debug_frame   0x0000249c       0x40 c:/program files (x86)/cypress/psoc creator/4.4/psoc creator/import/gnu/arm/5.4.1/bin/../lib/gcc/arm-none-eabi/5.4.1/../../../../arm-none-eabi/lib/armv7-m\libm.a(lib_a-w_log10.o)
 .debug_frame   0x000024dc       0x4c c:/program files (x86)/cypress/psoc creator/4.4/psoc creator/import/gnu/arm/5.4.1/bin/../lib/gcc/arm-none-eabi/5.4.1/../../../../arm-none-eabi/lib/armv7-m\libm.a(lib_a-w_pow.o)
 .debug_frame   0x00002528       0x34 c:/program files (x86)/cypress/psoc creator/4.4/psoc creator/import/gnu/arm/5.4.1/bin/../lib/gcc/arm-none-eabi/5.4.1/../../../../arm-none-eabi/lib/armv7-m\libm.a(lib_a-e_log10.o)
 .debug_frame   0x0000255c       0x68 c:/program files (x86)/cypress/psoc creator/4.4/psoc creator/import/gnu/arm/5.4.1/bin/../lib/gcc/arm-none-eabi/5.4.1/../../../../arm-none-eabi/lib/armv7-m\libm.a(lib_a-e_pow.o)
 .debug_frame   0x000025c4       0x30 c:/program files (x86)/cypress/psoc creator/4.4/psoc creator/import/gnu/arm/5.4.1/bin/../lib/gcc/arm-none-eabi/5.4.1/../../../../arm-none-eabi/lib/armv7-m\libm.a(lib_a-e_sqrt.o)
 .debug_frame   0x000025f4       0x20 c:/program files (x86)/cypress/psoc creator/4.4/psoc creator/import/gnu/arm/5.4.1/bin/../lib/gcc/arm-none-eabi/5.4.1/../../../../arm-none-eabi/lib/armv7-m\libm.a(lib_a-s_fabs.o)
 .debug_frame   0x00002614       0x20 c:/program files (x86)/cypress/psoc creator/4.4/psoc creator/import/gnu/arm/5.4.1/bin/../lib/gcc/arm-none-eabi/5.4.1/../../../../arm-none-eabi/lib/armv7-m\libm.a(lib_a-s_finite.o)
 .debug_frame   0x00002634       0x20 c:/program files (x86)/cypress/psoc creator/4.4/psoc creator/import/gnu/arm/5.4.1/bin/../lib/gcc/arm-none-eabi/5.4.1/../../../../arm-none-eabi/lib/armv7-m\libm.a(lib_a-s_matherr.o)
 .debug_frame   0x00002654       0x20 c:/program files (x86)/cypress/psoc creator/4.4/psoc creator/import/gnu/arm/5.4.1/bin/../lib/gcc/arm-none-eabi/5.4.1/../../../../arm-none-eabi/lib/armv7-m\libm.a(lib_a-s_nan.o)
 .debug_frame   0x00002674       0x3c c:/program files (x86)/cypress/psoc creator/4.4/psoc creator/import/gnu/arm/5.4.1/bin/../lib/gcc/arm-none-eabi/5.4.1/../../../../arm-none-eabi/lib/armv7-m\libm.a(lib_a-s_rint.o)
 .debug_frame   0x000026b0       0x30 c:/program files (x86)/cypress/psoc creator/4.4/psoc creator/import/gnu/arm/5.4.1/bin/../lib/gcc/arm-none-eabi/5.4.1/../../../../arm-none-eabi/lib/armv7-m\libm.a(lib_a-s_scalbn.o)
 .debug_frame   0x000026e0       0x54 c:/program files (x86)/cypress/psoc creator/4.4/psoc creator/import/gnu/arm/5.4.1/bin/../lib/gcc/arm-none-eabi/5.4.1/../../../../arm-none-eabi/lib/armv7-m\libm.a(lib_a-e_log.o)
 .debug_frame   0x00002734       0x20 c:/program files (x86)/cypress/psoc creator/4.4/psoc creator/import/gnu/arm/5.4.1/bin/../lib/gcc/arm-none-eabi/5.4.1/../../../../arm-none-eabi/lib/armv7-m\libm.a(lib_a-s_copysign.o)
 .debug_frame   0x00002754       0x20 c:/program files (x86)/cypress/psoc creator/4.4/psoc creator/import/gnu/arm/5.4.1/bin/../lib/gcc/arm-none-eabi/5.4.1/../../../../arm-none-eabi/lib/armv7-m\libg_nano.a(lib_a-errno.o)
 .debug_frame   0x00002774       0x28 c:/program files (x86)/cypress/psoc creator/4.4/psoc creator/import/gnu/arm/5.4.1/bin/../lib/gcc/arm-none-eabi/5.4.1/../../../../arm-none-eabi/lib/armv7-m\libg_nano.a(lib_a-exit.o)
 .debug_frame   0x0000279c       0x2c c:/program files (x86)/cypress/psoc creator/4.4/psoc creator/import/gnu/arm/5.4.1/bin/../lib/gcc/arm-none-eabi/5.4.1/../../../../arm-none-eabi/lib/armv7-m\libg_nano.a(lib_a-init.o)
 .debug_frame   0x000027c8       0x30 c:/program files (x86)/cypress/psoc creator/4.4/psoc creator/import/gnu/arm/5.4.1/bin/../lib/gcc/arm-none-eabi/5.4.1/../../../../arm-none-eabi/lib/armv7-m\libg_nano.a(lib_a-malloc.o)
 .debug_frame   0x000027f8       0x28 c:/program files (x86)/cypress/psoc creator/4.4/psoc creator/import/gnu/arm/5.4.1/bin/../lib/gcc/arm-none-eabi/5.4.1/../../../../arm-none-eabi/lib/armv7-m\libg_nano.a(lib_a-memcpy-stub.o)
 .debug_frame   0x00002820       0x20 c:/program files (x86)/cypress/psoc creator/4.4/psoc creator/import/gnu/arm/5.4.1/bin/../lib/gcc/arm-none-eabi/5.4.1/../../../../arm-none-eabi/lib/armv7-m\libg_nano.a(lib_a-memset.o)
 .debug_frame   0x00002840       0x38 c:/program files (x86)/cypress/psoc creator/4.4/psoc creator/import/gnu/arm/5.4.1/bin/../lib/gcc/arm-none-eabi/5.4.1/../../../../arm-none-eabi/lib/armv7-m\libg_nano.a(lib_a-nano-freer.o)
 .debug_frame   0x00002878       0x2c c:/program files (x86)/cypress/psoc creator/4.4/psoc creator/import/gnu/arm/5.4.1/bin/../lib/gcc/arm-none-eabi/5.4.1/../../../../arm-none-eabi/lib/armv7-m\libg_nano.a(lib_a-nano-mallocr.o)
 .debug_frame   0x000028a4       0x2c c:/program files (x86)/cypress/psoc creator/4.4/psoc creator/import/gnu/arm/5.4.1/bin/../lib/gcc/arm-none-eabi/5.4.1/../../../../arm-none-eabi/lib/armv7-m\libg_nano.a(lib_a-sbrkr.o)
 .debug_frame   0x000028d0       0x30 c:/program files (x86)/cypress/psoc creator/4.4/psoc creator/import/gnu/arm/5.4.1/bin/../lib/gcc/arm-none-eabi/5.4.1/../../../../arm-none-eabi/lib/armv7-m\libg_nano.a(lib_a-mlock.o)
 .debug_frame   0x00002900       0x5c c:/program files (x86)/cypress/psoc creator/4.4/psoc creator/import/gnu/arm/5.4.1/bin/../lib/gcc/arm-none-eabi/5.4.1/../../../../arm-none-eabi/lib/armv7-m\libg_nano.a(lib_a-reent.o)

.debug_str      0x00000000     0x42f6
 *(.debug_str)
 .debug_str     0x00000000      0x442 .\CortexM3\ARM_GCC_541\Debug\cfar.o
                                0x49b (size before relaxing)
 .debug_str     0x00000442      0x306 .\CortexM3\ARM_GCC_541\Debug\main.o
                                0x522 (size before relaxing)
 .debug_str     0x00000748       0x14 .\CortexM3\ARM_GCC_541\Debug\dsp.o
                                0x3ad (size before relaxing)
 .debug_str     0x0000075c       0xcb .\CortexM3\ARM_GCC_541\Debug\logging.o
                                0x449 (size before relaxing)
 .debug_str     0x00000827       0xbb .\CortexM3\ARM_GCC_541\Debug\led.o
                                0x47c (size before relaxing)
 .debug_str     0x000008e2      0x1e9 .\CortexM3\ARM_GCC_541\Debug\cyfitter_cfg.o
                                0x39d (size before relaxing)
 .debug_str     0x00000acb       0x75 .\CortexM3\ARM_GCC_541\Debug\cymetadata.o
                                0x1f1 (size before relaxing)
 .debug_str     0x00000b40      0x154 .\CortexM3\ARM_GCC_541\Debug\Cm3Start.o
                                0x327 (size before relaxing)
 .debug_str     0x00000c94      0x24c .\CortexM3\ARM_GCC_541\Debug\PSOC_MATLAB_CFAR.a(WaveDAC8.o)
                                0x472 (size before relaxing)
 .debug_str     0x00000ee0       0x73 .\CortexM3\ARM_GCC_541\Debug\PSOC_MATLAB_CFAR.a(LED_yellow.o)
                                0x208 (size before relaxing)
 .debug_str     0x00000f53       0x57 .\CortexM3\ARM_GCC_541\Debug\PSOC_MATLAB_CFAR.a(LED_red.o)
                                0x1f9 (size before relaxing)
 .debug_str     0x00000faa       0x5f .\CortexM3\ARM_GCC_541\Debug\PSOC_MATLAB_CFAR.a(LED_green.o)
                                0x203 (size before relaxing)
 .debug_str     0x00001009      0x119 .\CortexM3\ARM_GCC_541\Debug\PSOC_MATLAB_CFAR.a(isr_button.o)
                                0x2f9 (size before relaxing)
 .debug_str     0x00001122      0x309 .\CortexM3\ARM_GCC_541\Debug\PSOC_MATLAB_CFAR.a(UART_LOG.o)
                                0x4fe (size before relaxing)
 .debug_str     0x0000142b       0xe5 .\CortexM3\ARM_GCC_541\Debug\PSOC_MATLAB_CFAR.a(isr_rx.o)
                                0x2c1 (size before relaxing)
 .debug_str     0x00001510       0x81 .\CortexM3\ARM_GCC_541\Debug\PSOC_MATLAB_CFAR.a(Button.o)
                                0x232 (size before relaxing)
 .debug_str     0x00001591      0x365 .\CortexM3\ARM_GCC_541\Debug\PSOC_MATLAB_CFAR.a(ADC.o)
                                0x5d6 (size before relaxing)
 .debug_str     0x000018f6       0x45 .\CortexM3\ARM_GCC_541\Debug\PSOC_MATLAB_CFAR.a(ADC_INT.o)
                                0x1cd (size before relaxing)
 .debug_str     0x0000193b       0xc7 .\CortexM3\ARM_GCC_541\Debug\PSOC_MATLAB_CFAR.a(DMA_ADC_dma.o)
                                0x281 (size before relaxing)
 .debug_str     0x00001a02       0xa2 .\CortexM3\ARM_GCC_541\Debug\PSOC_MATLAB_CFAR.a(Status_Reg_1.o)
                                0x274 (size before relaxing)
 .debug_str     0x00001aa4      0x18f .\CortexM3\ARM_GCC_541\Debug\PSOC_MATLAB_CFAR.a(WaveDAC8_DacClk.o)
                                0x35b (size before relaxing)
 .debug_str     0x00001c33       0x6b .\CortexM3\ARM_GCC_541\Debug\PSOC_MATLAB_CFAR.a(WaveDAC8_Wave1_DMA_dma.o)
                                0x2ad (size before relaxing)
 .debug_str     0x00001c9e       0x6b .\CortexM3\ARM_GCC_541\Debug\PSOC_MATLAB_CFAR.a(WaveDAC8_Wave2_DMA_dma.o)
                                0x2ad (size before relaxing)
 .debug_str     0x00001d09       0x77 .\CortexM3\ARM_GCC_541\Debug\PSOC_MATLAB_CFAR.a(WaveDAC8_VDAC8.o)
                                0x286 (size before relaxing)
 .debug_str     0x00001d80       0x8a .\CortexM3\ARM_GCC_541\Debug\PSOC_MATLAB_CFAR.a(WaveDAC8_BuffAmp.o)
                                0x251 (size before relaxing)
 .debug_str     0x00001e0a      0x160 .\CortexM3\ARM_GCC_541\Debug\PSOC_MATLAB_CFAR.a(UART_LOG_IntClock.o)
                                0x373 (size before relaxing)
 .debug_str     0x00001f6a       0x5f .\CortexM3\ARM_GCC_541\Debug\PSOC_MATLAB_CFAR.a(ADC_AMux.o)
                                0x20c (size before relaxing)
 .debug_str     0x00001fc9      0x12a .\CortexM3\ARM_GCC_541\Debug\PSOC_MATLAB_CFAR.a(ADC_Ext_CP_Clk.o)
                                0x34f (size before relaxing)
 .debug_str     0x000020f3      0x14f .\CortexM3\ARM_GCC_541\Debug\PSOC_MATLAB_CFAR.a(ADC_theACLK.o)
                                0x36e (size before relaxing)
 .debug_str     0x00002242      0x292 .\CortexM3\ARM_GCC_541\Debug\PSOC_MATLAB_CFAR.a(CyDmac.o)
                                0x557 (size before relaxing)
 .debug_str     0x000024d4      0x7ac .\CortexM3\ARM_GCC_541\Debug\PSOC_MATLAB_CFAR.a(CyLib.o)
                                0xa54 (size before relaxing)
 .debug_str     0x00002c80      0x365 .\CortexM3\ARM_GCC_541\Debug\PSOC_MATLAB_CFAR.a(cyPm.o)
                                0x740 (size before relaxing)
 .debug_str     0x00002fe5      0x1b4 .\CortexM3\ARM_GCC_541\Debug\PSOC_MATLAB_CFAR.a(CyFlash.o)
                                0x3cd (size before relaxing)
 .debug_str     0x00003199       0xac .\CortexM3\ARM_GCC_541\Debug\PSOC_MATLAB_CFAR.a(CySpc.o)
                                0x345 (size before relaxing)
 .debug_str     0x00003245      0x2bb .\bsw\fft_application\lib\libfft_application.a(fft_application.o)
                                0x3d0 (size before relaxing)
 .debug_str     0x00003500       0xe6 .\bsw\fft_application\lib\libfft_application.a(arm_rfft_q31.o)
                                0x390 (size before relaxing)
 .debug_str     0x000035e6      0x132 .\bsw\fft_application\lib\libfft_application.a(arm_rfft_init_q31.o)
                                0x479 (size before relaxing)
 .debug_str     0x00003718       0xd5 .\bsw\fft_application\lib\libfft_application.a(arm_cfft_q31.o)
                                0x334 (size before relaxing)
 .debug_str     0x000037ed      0x104 .\bsw\fft_application\lib\libfft_application.a(arm_cfft_radix4_q31.o)
                                0x37c (size before relaxing)
 .debug_str     0x000038f1      0x973 .\bsw\fft_application\lib\libfft_application.a(arm_const_structs.o)
                                0xd0d (size before relaxing)
 .debug_str     0x00004264       0x92 .\bsw\fft_application\lib\libfft_application.a(arm_common_tables.o)
                                0x6f2 (size before relaxing)

.debug_loc      0x00000000     0x6405
 *(.debug_loc)
 .debug_loc     0x00000000      0x3d1 .\CortexM3\ARM_GCC_541\Debug\cfar.o
 .debug_loc     0x000003d1       0x6f .\CortexM3\ARM_GCC_541\Debug\main.o
 .debug_loc     0x00000440       0xc3 .\CortexM3\ARM_GCC_541\Debug\dsp.o
 .debug_loc     0x00000503       0x4d .\CortexM3\ARM_GCC_541\Debug\logging.o
 .debug_loc     0x00000550      0x2bf .\CortexM3\ARM_GCC_541\Debug\led.o
 .debug_loc     0x0000080f      0x29c .\CortexM3\ARM_GCC_541\Debug\cyfitter_cfg.o