Archive member included to satisfy reference by file (symbol)

.\CortexM3\ARM_GCC_541\Debug\PSOC_FFT.a(WaveDAC8.o)
                              .\CortexM3\ARM_GCC_541\Debug\main.o (WaveDAC8_Enable)
.\CortexM3\ARM_GCC_541\Debug\PSOC_FFT.a(LED_yellow.o)
                              .\CortexM3\ARM_GCC_541\Debug\led.o (LED_yellow_Write)
.\CortexM3\ARM_GCC_541\Debug\PSOC_FFT.a(LED_red.o)
                              .\CortexM3\ARM_GCC_541\Debug\led.o (LED_red_Write)
.\CortexM3\ARM_GCC_541\Debug\PSOC_FFT.a(LED_green.o)
                              .\CortexM3\ARM_GCC_541\Debug\led.o (LED_green_Write)
.\CortexM3\ARM_GCC_541\Debug\PSOC_FFT.a(isr_button.o)
                              .\CortexM3\ARM_GCC_541\Debug\main.o (isr_button_StartEx)
.\CortexM3\ARM_GCC_541\Debug\PSOC_FFT.a(UART_LOG.o)
                              .\CortexM3\ARM_GCC_541\Debug\logging.o (UART_LOG_Start)
.\CortexM3\ARM_GCC_541\Debug\PSOC_FFT.a(isr_rx.o)
                              .\CortexM3\ARM_GCC_541\Debug\main.o (isr_rx_StartEx)
.\CortexM3\ARM_GCC_541\Debug\PSOC_FFT.a(Button.o)
                              .\CortexM3\ARM_GCC_541\Debug\main.o (Button_ClearInterrupt)
.\CortexM3\ARM_GCC_541\Debug\PSOC_FFT.a(ADC.o)
                              .\CortexM3\ARM_GCC_541\Debug\main.o (ADC_Start)
.\CortexM3\ARM_GCC_541\Debug\PSOC_FFT.a(ADC_INT.o)
                              .\CortexM3\ARM_GCC_541\Debug\PSOC_FFT.a(ADC.o) (ADC_ISR1)
.\CortexM3\ARM_GCC_541\Debug\PSOC_FFT.a(DMA_ADC_dma.o)
                              .\CortexM3\ARM_GCC_541\Debug\main.o (DMA_ADC_DmaInitialize)
.\CortexM3\ARM_GCC_541\Debug\PSOC_FFT.a(Status_Reg_1.o)
                              .\CortexM3\ARM_GCC_541\Debug\main.o (Status_Reg_1_Read)
.\CortexM3\ARM_GCC_541\Debug\PSOC_FFT.a(WaveDAC8_DacClk.o)
                              .\CortexM3\ARM_GCC_541\Debug\PSOC_FFT.a(WaveDAC8.o) (WaveDAC8_DacClk_Start)
.\CortexM3\ARM_GCC_541\Debug\PSOC_FFT.a(WaveDAC8_Wave1_DMA_dma.o)
                              .\CortexM3\ARM_GCC_541\Debug\PSOC_FFT.a(WaveDAC8.o) (WaveDAC8_Wave1_DMA_DmaInitialize)
.\CortexM3\ARM_GCC_541\Debug\PSOC_FFT.a(WaveDAC8_Wave2_DMA_dma.o)
                              .\CortexM3\ARM_GCC_541\Debug\PSOC_FFT.a(WaveDAC8.o) (WaveDAC8_Wave2_DMA_DmaInitialize)
.\CortexM3\ARM_GCC_541\Debug\PSOC_FFT.a(WaveDAC8_VDAC8.o)
                              .\CortexM3\ARM_GCC_541\Debug\PSOC_FFT.a(WaveDAC8.o) (WaveDAC8_VDAC8_Enable)
.\CortexM3\ARM_GCC_541\Debug\PSOC_FFT.a(WaveDAC8_BuffAmp.o)
                              .\CortexM3\ARM_GCC_541\Debug\PSOC_FFT.a(WaveDAC8.o) (WaveDAC8_BuffAmp_Enable)
.\CortexM3\ARM_GCC_541\Debug\PSOC_FFT.a(UART_LOG_IntClock.o)
                              .\CortexM3\ARM_GCC_541\Debug\PSOC_FFT.a(UART_LOG.o) (UART_LOG_IntClock_Start)
.\CortexM3\ARM_GCC_541\Debug\PSOC_FFT.a(ADC_AMux.o)
                              .\CortexM3\ARM_GCC_541\Debug\PSOC_FFT.a(ADC.o) (ADC_AMux_Select)
.\CortexM3\ARM_GCC_541\Debug\PSOC_FFT.a(ADC_Ext_CP_Clk.o)
                              .\CortexM3\ARM_GCC_541\Debug\PSOC_FFT.a(ADC.o) (ADC_Ext_CP_Clk_SetModeRegister)
.\CortexM3\ARM_GCC_541\Debug\PSOC_FFT.a(ADC_theACLK.o)
                              .\CortexM3\ARM_GCC_541\Debug\PSOC_FFT.a(ADC.o) (ADC_theACLK_SetModeRegister)
.\CortexM3\ARM_GCC_541\Debug\PSOC_FFT.a(CyDmac.o)
                              .\CortexM3\ARM_GCC_541\Debug\Cm3Start.o (CyDmacConfigure)
.\CortexM3\ARM_GCC_541\Debug\PSOC_FFT.a(CyLib.o)
                              .\CortexM3\ARM_GCC_541\Debug\Cm3Start.o (CyHalt)
.\CortexM3\ARM_GCC_541\Debug\PSOC_FFT.a(cyPm.o)
                              .\CortexM3\ARM_GCC_541\Debug\PSOC_FFT.a(CyLib.o) (CyPmReadStatus)
.\CortexM3\ARM_GCC_541\Debug\PSOC_FFT.a(CyBootAsmGnu.o)
                              .\CortexM3\ARM_GCC_541\Debug\cyfitter_cfg.o (CyDelayCycles)
.\CortexM3\ARM_GCC_541\Debug\PSOC_FFT.a(CyFlash.o)
                              .\CortexM3\ARM_GCC_541\Debug\PSOC_FFT.a(cyPm.o) (CyFlash_SetWaitCycles)
.\CortexM3\ARM_GCC_541\Debug\PSOC_FFT.a(CySpc.o)
                              .\CortexM3\ARM_GCC_541\Debug\PSOC_FFT.a(CyFlash.o) (CySpcStart)
.\bsw\fft_application\lib\libfft_application.a(fft_application.o)
                              .\CortexM3\ARM_GCC_541\Debug\main.o (fft_app)
.\bsw\fft_application\lib\libfft_application.a(arm_rfft_q31.o)
                              .\bsw\fft_application\lib\libfft_application.a(fft_application.o) (arm_rfft_q31)
.\bsw\fft_application\lib\libfft_application.a(arm_rfft_init_q31.o)
                              .\bsw\fft_application\lib\libfft_application.a(fft_application.o) (arm_rfft_init_q31)
.\bsw\fft_application\lib\libfft_application.a(arm_cfft_q31.o)
                              .\bsw\fft_application\lib\libfft_application.a(arm_rfft_q31.o) (arm_cfft_q31)
.\bsw\fft_application\lib\libfft_application.a(arm_cfft_radix4_q31.o)
                              .\bsw\fft_application\lib\libfft_application.a(arm_cfft_q31.o) (arm_radix4_butterfly_q31)
[...]
Memory Configuration

Name             Origin             Length             Attributes
rom              0x00000000         0x00040000         xr
ram              0x1fff8000         0x00010000         xrw
*default*        0x00000000         0xffffffff

Linker script and memory map

LOAD c:/program files (x86)/cypress/psoc creator/4.4/psoc creator/import/gnu/arm/5.4.1/bin/../lib/gcc/arm-none-eabi/5.4.1/armv7-m/crti.o
LOAD c:/program files (x86)/cypress/psoc creator/4.4/psoc creator/import/gnu/arm/5.4.1/bin/../lib/gcc/arm-none-eabi/5.4.1/armv7-m/crtbegin.o
LOAD c:/program files (x86)/cypress/psoc creator/4.4/psoc creator/import/gnu/arm/5.4.1/bin/../lib/gcc/arm-none-eabi/5.4.1/../../../../arm-none-eabi/lib/armv7-m/crt0.o
START GROUP
LOAD .\CortexM3\ARM_GCC_541\Debug\cfar.o
LOAD .\CortexM3\ARM_GCC_541\Debug\main.o
LOAD .\CortexM3\ARM_GCC_541\Debug\dsp.o
LOAD .\CortexM3\ARM_GCC_541\Debug\logging.o
LOAD .\CortexM3\ARM_GCC_541\Debug\led.o
LOAD .\CortexM3\ARM_GCC_541\Debug\cyfitter_cfg.o
LOAD .\CortexM3\ARM_GCC_541\Debug\cymetadata.o
LOAD .\CortexM3\ARM_GCC_541\Debug\Cm3Start.o
LOAD .\CortexM3\ARM_GCC_541\Debug\PSOC_FFT.a
LOAD C:\Program Files (x86)\Cypress\PSoC Creator\4.4\PSoC Creator\psoc\content\cycomponentlibrary\CyComponentLibrary.cylib\CortexM3\ARM_GCC_541\Debug\CyComponentLibrary.a
LOAD .\bsw\fft_application\lib\libfft_application.a
LOAD c:/program files (x86)/cypress/psoc creator/4.4/psoc creator/import/gnu/arm/5.4.1/bin/../lib/gcc/arm-none-eabi/5.4.1/../../../../arm-none-eabi/lib/armv7-m\libm.a
END GROUP
START GROUP
LOAD c:/program files (x86)/cypress/psoc creator/4.4/psoc creator/import/gnu/arm/5.4.1/bin/../lib/gcc/arm-none-eabi/5.4.1/armv7-m\libgcc.a
LOAD c:/program files (x86)/cypress/psoc creator/4.4/psoc creator/import/gnu/arm/5.4.1/bin/../lib/gcc/arm-none-eabi/5.4.1/../../../../arm-none-eabi/lib/armv7-m\libg_nano.a
LOAD c:/program files (x86)/cypress/psoc creator/4.4/psoc creator/import/gnu/arm/5.4.1/bin/../lib/gcc/arm-none-eabi/5.4.1/../../../../arm-none-eabi/lib/armv7-m\libc_nano.a
END GROUP
START GROUP
LOAD c:/program files (x86)/cypress/psoc creator/4.4/psoc creator/import/gnu/arm/5.4.1/bin/../lib/gcc/arm-none-eabi/5.4.1/armv7-m\libgcc.a
LOAD c:/program files (x86)/cypress/psoc creator/4.4/psoc creator/import/gnu/arm/5.4.1/bin/../lib/gcc/arm-none-eabi/5.4.1/../../../../arm-none-eabi/lib/armv7-m\libc_nano.a
END GROUP
LOAD c:/program files (x86)/cypress/psoc creator/4.4/psoc creator/import/gnu/arm/5.4.1/bin/../lib/gcc/arm-none-eabi/5.4.1/armv7-m/crtend.o
LOAD c:/program files (x86)/cypress/psoc creator/4.4/psoc creator/import/gnu/arm/5.4.1/bin/../lib/gcc/arm-none-eabi/5.4.1/armv7-m/crtn.o
START GROUP
LOAD c:/program files (x86)/cypress/psoc creator/4.4/psoc creator/import/gnu/arm/5.4.1/bin/../lib/gcc/arm-none-eabi/5.4.1/armv7-m\libgcc.a
LOAD c:/program files (x86)/cypress/psoc creator/4.4/psoc creator/import/gnu/arm/5.4.1/bin/../lib/gcc/arm-none-eabi/5.4.1/../../../../arm-none-eabi/lib/armv7-m\libc.a
LOAD c:/program files (x86)/cypress/psoc creator/4.4/psoc creator/import/gnu/arm/5.4.1/bin/../lib/gcc/arm-none-eabi/5.4.1/../../../../arm-none-eabi/lib/armv7-m\libnosys.a
END GROUP
                0x00000000                CY_APPL_ORIGIN = 0x0
                0x00000100                CY_FLASH_ROW_SIZE = 0x100
                0x00000020                CY_ECC_ROW_SIZE = 0x20
                0x00000000                CY_EE_IN_BTLDR = 0x0
                0x00000000                CY_APPL_LOADABLE = 0x0
                0x00000800                CY_EE_SIZE = 0x800
                0x00000001                CY_APPL_NUM = 0x1
                0x00000001                CY_APPL_MAX = 0x1
                0x00000040                CY_METADATA_SIZE = 0x40
                0x00000000                CY_APPL_LOADABLE = 0x0
                0x00000000                CY_CHECKSUM_EXCLUDE_SIZE = ALIGN (0x0, CY_FLASH_ROW_SIZE)
                [!provide]                PROVIDE (__cy_heap_start, _end)
                0x00000001                PROVIDE (__cy_region_num, ((__cy_regions_end - __cy_regions) / 0x10))
                0x20008000                PROVIDE (__cy_stack, (ORIGIN (ram) + LENGTH (ram)))
                [!provide]                PROVIDE (__cy_heap_end, (__cy_stack - 0x2000))

.cybootloader   0x00000000        0x0
 *(.cybootloader)
                0x00000000                appl1_start = CY_APPL_ORIGIN?CY_APPL_ORIGIN:ALIGN (CY_FLASH_ROW_SIZE)
                0x0001ff00                appl2_start = (appl1_start + ALIGN ((((LENGTH (rom) - appl1_start) - (0x2 * CY_FLASH_ROW_SIZE)) / 0x2), CY_FLASH_ROW_SIZE))
                0x00000000                appl_start = (CY_APPL_NUM == 0x1)?appl1_start:appl2_start
                0x00000000                ecc_offset = ((appl_start / CY_FLASH_ROW_SIZE) * CY_ECC_ROW_SIZE)
                0x00000000                ee_offset = (CY_APPL_LOADABLE && ! (CY_EE_IN_BTLDR))?((CY_EE_SIZE / CY_APPL_MAX) * (CY_APPL_NUM - 0x1)):0x0
                0x00000800                ee_size = (CY_APPL_LOADABLE && ! (CY_EE_IN_BTLDR))?(CY_EE_SIZE / CY_APPL_MAX):CY_EE_SIZE
                [!provide]                PROVIDE (CY_ECC_OFFSET, ecc_offset)

.text           0x00000000     0x5e3a
 CREATE_OBJECT_SYMBOLS
                0x00000000                PROVIDE (__cy_interrupt_vector, RomVectors)
 *(.romvectors)
 .romvectors    0x00000000       0x10 .\CortexM3\ARM_GCC_541\Debug\Cm3Start.o
                0x00000000                RomVectors
                0x00000001                ASSERT ((. != __cy_interrupt_vector), No interrupt vector)
                0x00000001                ASSERT (CY_APPL_ORIGIN?(SIZEOF (.cybootloader) <= CY_APPL_ORIGIN):0x1, Wrong image location)
                0x00000010                PROVIDE (__cy_reset, Reset)
 *(.text.Reset)
 .text.Reset    0x00000010       0x18 .\CortexM3\ARM_GCC_541\Debug\Cm3Start.o
                0x00000010                Reset
                0x00000001                ASSERT ((. != __cy_reset), No reset code)
 *(.dma_init)
                0x00000001                ASSERT ((((appl_start + .) <= 0x10000) || 0x1), DMA Init must be within the first 64k of flash)
 *(.text .text.* .gnu.linkonce.t.*)
 .text          0x00000028       0x5c c:/program files (x86)/cypress/psoc creator/4.4/psoc creator/import/gnu/arm/5.4.1/bin/../lib/gcc/arm-none-eabi/5.4.1/armv7-m/crtbegin.o
 .text.calcPowerSpectrum
                0x00000084       0xa4 .\CortexM3\ARM_GCC_541\Debug\cfar.o
                0x00000084                calcPowerSpectrum
 .text.CA_CFAR  0x00000128      0x140 .\CortexM3\ARM_GCC_541\Debug\cfar.o
                0x00000128                CA_CFAR
 .text.isr_button_handler
                0x00000268       0x24 .\CortexM3\ARM_GCC_541\Debug\main.o
                0x00000268                isr_button_handler
 .text.isr_rx_handler
                0x0000028c       0x28 .\CortexM3\ARM_GCC_541\Debug\main.o
                0x0000028c                isr_rx_handler
 .text.DMA_Config
                0x000002b4       0x50 .\CortexM3\ARM_GCC_541\Debug\main.o
                0x000002b4                DMA_Config
 .text.shieldInit
                0x00000304       0x30 .\CortexM3\ARM_GCC_541\Debug\main.o
                0x00000304                shieldInit
 *fill*         0x00000334        0x4 
 .text.main     0x00000338      0x1b0 .\CortexM3\ARM_GCC_541\Debug\main.o
                0x00000338                main
 .text.applyHanningWindow
                0x000004e8       0x90 .\CortexM3\ARM_GCC_541\Debug\dsp.o
                0x000004e8                applyHanningWindow
 .text.LOG_Init
                0x00000578       0x2c .\CortexM3\ARM_GCC_541\Debug\logging.o
                0x00000578                LOG_Init
 .text.LOG_send
                0x000005a4       0x2c .\CortexM3\ARM_GCC_541\Debug\logging.o
                0x000005a4                LOG_send
 .text.LED_Set  0x000005d0       0x60 .\CortexM3\ARM_GCC_541\Debug\led.o
                0x000005d0                LED_Set
 .text.LED_Init
                0x00000630       0x28 .\CortexM3\ARM_GCC_541\Debug\led.o
                0x00000630                LED_Init
 .text.CyClockStartupError
                0x00000658        0x4 .\CortexM3\ARM_GCC_541\Debug\cyfitter_cfg.o
 .text.cfg_write_bytes32
                0x0000065c       0x34 .\CortexM3\ARM_GCC_541\Debug\cyfitter_cfg.o
 .text.AnalogSetDefault
                0x00000690       0x54 .\CortexM3\ARM_GCC_541\Debug\cyfitter_cfg.o
 .text.CYMEMZERO
                0x000006e4        0xc .\CortexM3\ARM_GCC_541\Debug\cyfitter_cfg.o
 .text.CYCONFIGCPY
                0x000006f0        0x8 .\CortexM3\ARM_GCC_541\Debug\cyfitter_cfg.o
 .text.ClockSetup
                0x000006f8       0xfc .\CortexM3\ARM_GCC_541\Debug\cyfitter_cfg.o
 .text.ADC_AMux_Set
                0x000007f4       0x1c .\CortexM3\ARM_GCC_541\Debug\cyfitter_cfg.o
                0x000007f4                ADC_AMux_Set
 .text.ADC_AMux_Unset
                0x00000810       0x1c .\CortexM3\ARM_GCC_541\Debug\cyfitter_cfg.o
                0x00000810                ADC_AMux_Unset
 .text.cyfitter_cfg
                0x0000082c      0x154 .\CortexM3\ARM_GCC_541\Debug\cyfitter_cfg.o
                0x0000082c                cyfitter_cfg
 .text.IntDefaultHandler
                0x00000980       0x10 .\CortexM3\ARM_GCC_541\Debug\Cm3Start.o
                0x00000980                IntDefaultHandler
 .text._sbrk    0x00000990       0x30 .\CortexM3\ARM_GCC_541\Debug\Cm3Start.o
                0x00000990                _sbrk
 .text.Start_c  0x000009c0       0x4c .\CortexM3\ARM_GCC_541\Debug\Cm3Start.o
                0x000009c0                Start_c
 .text.initialize_psoc
                0x00000a0c       0x6c .\CortexM3\ARM_GCC_541\Debug\Cm3Start.o
                0x00000a0c                initialize_psoc
 .text.WaveDAC8_Enable
                0x00000a78       0x2c .\CortexM3\ARM_GCC_541\Debug\PSOC_FFT.a(WaveDAC8.o)
                0x00000a78                WaveDAC8_Enable
 .text.WaveDAC8_Wave1Setup
                0x00000aa4       0x40 .\CortexM3\ARM_GCC_541\Debug\PSOC_FFT.a(WaveDAC8.o)
                0x00000aa4                WaveDAC8_Wave1Setup
 .text.WaveDAC8_Wave2Setup
                0x00000ae4       0x40 .\CortexM3\ARM_GCC_541\Debug\PSOC_FFT.a(WaveDAC8.o)
                0x00000ae4                WaveDAC8_Wave2Setup
 .text.WaveDAC8_Init
                0x00000b24       0x40 .\CortexM3\ARM_GCC_541\Debug\PSOC_FFT.a(WaveDAC8.o)
                0x00000b24                WaveDAC8_Init
 .text.WaveDAC8_Start
                0x00000b64       0x1c .\CortexM3\ARM_GCC_541\Debug\PSOC_FFT.a(WaveDAC8.o)
                0x00000b64                WaveDAC8_Start
 .text.LED_yellow_Write
                0x00000b80       0x18 .\CortexM3\ARM_GCC_541\Debug\PSOC_FFT.a(LED_yellow.o)
                0x00000b80                LED_yellow_Write
 .text.LED_red_Write
                0x00000b98       0x18 .\CortexM3\ARM_GCC_541\Debug\PSOC_FFT.a(LED_red.o)
                0x00000b98                LED_red_Write
 .text.LED_green_Write
                0x00000bb0       0x18 .\CortexM3\ARM_GCC_541\Debug\PSOC_FFT.a(LED_green.o)
                0x00000bb0                LED_green_Write
 .text.isr_button_SetVector
                0x00000bc8        0xc .\CortexM3\ARM_GCC_541\Debug\PSOC_FFT.a(isr_button.o)
                0x00000bc8                isr_button_SetVector
 .text.isr_button_SetPriority
                0x00000bd4       0x10 .\CortexM3\ARM_GCC_541\Debug\PSOC_FFT.a(isr_button.o)
                0x00000bd4                isr_button_SetPriority
 .text.isr_button_Enable
                0x00000be4        0xc .\CortexM3\ARM_GCC_541\Debug\PSOC_FFT.a(isr_button.o)
                0x00000be4                isr_button_Enable
 .text.isr_button_Disable
                0x00000bf0        0xc .\CortexM3\ARM_GCC_541\Debug\PSOC_FFT.a(isr_button.o)
                0x00000bf0                isr_button_Disable
 .text.isr_button_StartEx
                0x00000bfc       0x1c .\CortexM3\ARM_GCC_541\Debug\PSOC_FFT.a(isr_button.o)
                0x00000bfc                isr_button_StartEx
 .text.isr_button_ClearPending
                0x00000c18        0xc .\CortexM3\ARM_GCC_541\Debug\PSOC_FFT.a(isr_button.o)
                0x00000c18                isr_button_ClearPending
 .text.UART_LOG_Init
                0x00000c24       0x24 .\CortexM3\ARM_GCC_541\Debug\PSOC_FFT.a(UART_LOG.o)
                0x00000c24                UART_LOG_Init
 .text.UART_LOG_Enable
                0x00000c48       0x38 .\CortexM3\ARM_GCC_541\Debug\PSOC_FFT.a(UART_LOG.o)
                0x00000c48                UART_LOG_Enable
 .text.UART_LOG_Start
                0x00000c80       0x1c .\CortexM3\ARM_GCC_541\Debug\PSOC_FFT.a(UART_LOG.o)
                0x00000c80                UART_LOG_Start
 .text.UART_LOG_ReadRxData
                0x00000c9c        0xc .\CortexM3\ARM_GCC_541\Debug\PSOC_FFT.a(UART_LOG.o)
                0x00000c9c                UART_LOG_ReadRxData
 .text.UART_LOG_PutChar
                0x00000ca8       0x18 .\CortexM3\ARM_GCC_541\Debug\PSOC_FFT.a(UART_LOG.o)
                0x00000ca8                UART_LOG_PutChar
 .text.UART_LOG_PutString
                0x00000cc0       0x24 .\CortexM3\ARM_GCC_541\Debug\PSOC_FFT.a(UART_LOG.o)
                0x00000cc0                UART_LOG_PutString
 .text.isr_rx_SetVector
                0x00000ce4        0xc .\CortexM3\ARM_GCC_541\Debug\PSOC_FFT.a(isr_rx.o)
                0x00000ce4                isr_rx_SetVector
 .text.isr_rx_SetPriority
                0x00000cf0       0x10 .\CortexM3\ARM_GCC_541\Debug\PSOC_FFT.a(isr_rx.o)
                0x00000cf0                isr_rx_SetPriority
 .text.isr_rx_Enable
                0x00000d00        0xc .\CortexM3\ARM_GCC_541\Debug\PSOC_FFT.a(isr_rx.o)
                0x00000d00                isr_rx_Enable
 .text.isr_rx_Disable
                0x00000d0c        0xc .\CortexM3\ARM_GCC_541\Debug\PSOC_FFT.a(isr_rx.o)
                0x00000d0c                isr_rx_Disable
 .text.isr_rx_StartEx
                0x00000d18       0x1c .\CortexM3\ARM_GCC_541\Debug\PSOC_FFT.a(isr_rx.o)
                0x00000d18                isr_rx_StartEx
 .text.Button_ClearInterrupt
                0x00000d34        0xc .\CortexM3\ARM_GCC_541\Debug\PSOC_FFT.a(Button.o)
                0x00000d34                Button_ClearInterrupt
 .text.ADC_GainCompensation
                0x00000d40       0xdc .\CortexM3\ARM_GCC_541\Debug\PSOC_FFT.a(ADC.o)
 .text.ADC_SetDSMRef0Reg
                0x00000e1c       0x4c .\CortexM3\ARM_GCC_541\Debug\PSOC_FFT.a(ADC.o)
 .text.ADC_InitConfig
                0x00000e68       0xe8 .\CortexM3\ARM_GCC_541\Debug\PSOC_FFT.a(ADC.o)
 .text.ADC_Init
                0x00000f50       0xc4 .\CortexM3\ARM_GCC_541\Debug\PSOC_FFT.a(ADC.o)
                0x00000f50                ADC_Init
 .text.ADC_Enable
                0x00001014       0xd8 .\CortexM3\ARM_GCC_541\Debug\PSOC_FFT.a(ADC.o)
                0x00001014                ADC_Enable
 .text.ADC_Start
                0x000010ec       0x28 .\CortexM3\ARM_GCC_541\Debug\PSOC_FFT.a(ADC.o)
                0x000010ec                ADC_Start
 .text.ADC_StartConvert
                0x00001114       0x10 .\CortexM3\ARM_GCC_541\Debug\PSOC_FFT.a(ADC.o)
                0x00001114                ADC_StartConvert
 .text.ADC_StopConvert
                0x00001124       0x10 .\CortexM3\ARM_GCC_541\Debug\PSOC_FFT.a(ADC.o)
                0x00001124                ADC_StopConvert
 .text.ADC_ISR1
                0x00001134        0x4 .\CortexM3\ARM_GCC_541\Debug\PSOC_FFT.a(ADC_INT.o)
                0x00001134                ADC_ISR1
 .text.DMA_ADC_DmaInitialize
                0x00001138       0x3c .\CortexM3\ARM_GCC_541\Debug\PSOC_FFT.a(DMA_ADC_dma.o)
                0x00001138                DMA_ADC_DmaInitialize
 .text.Status_Reg_1_Read
                0x00001174        0xc .\CortexM3\ARM_GCC_541\Debug\PSOC_FFT.a(Status_Reg_1.o)
                0x00001174                Status_Reg_1_Read
 .text.WaveDAC8_DacClk_Start
                0x00001180       0x1c .\CortexM3\ARM_GCC_541\Debug\PSOC_FFT.a(WaveDAC8_DacClk.o)
                0x00001180                WaveDAC8_DacClk_Start
 .text.WaveDAC8_Wave1_DMA_DmaInitialize
                0x0000119c       0x3c .\CortexM3\ARM_GCC_541\Debug\PSOC_FFT.a(WaveDAC8_Wave1_DMA_dma.o)
                0x0000119c                WaveDAC8_Wave1_DMA_DmaInitialize
 .text.WaveDAC8_Wave2_DMA_DmaInitialize
                0x000011d8       0x3c .\CortexM3\ARM_GCC_541\Debug\PSOC_FFT.a(WaveDAC8_Wave2_DMA_dma.o)
                0x000011d8                WaveDAC8_Wave2_DMA_DmaInitialize
 .text.WaveDAC8_VDAC8_Enable
                0x00001214       0x1c .\CortexM3\ARM_GCC_541\Debug\PSOC_FFT.a(WaveDAC8_VDAC8.o)
                0x00001214                WaveDAC8_VDAC8_Enable
 .text.WaveDAC8_VDAC8_SetSpeed
                0x00001230       0x1c .\CortexM3\ARM_GCC_541\Debug\PSOC_FFT.a(WaveDAC8_VDAC8.o)
                0x00001230                WaveDAC8_VDAC8_SetSpeed
 .text.WaveDAC8_VDAC8_SetValue
                0x0000124c        0xc .\CortexM3\ARM_GCC_541\Debug\PSOC_FFT.a(WaveDAC8_VDAC8.o)
                0x0000124c                WaveDAC8_VDAC8_SetValue
 .text.WaveDAC8_VDAC8_DacTrim
                0x00001258       0x24 .\CortexM3\ARM_GCC_541\Debug\PSOC_FFT.a(WaveDAC8_VDAC8.o)
                0x00001258                WaveDAC8_VDAC8_DacTrim
 .text.WaveDAC8_VDAC8_SetRange
                0x0000127c       0x20 .\CortexM3\ARM_GCC_541\Debug\PSOC_FFT.a(WaveDAC8_VDAC8.o)
                0x0000127c                WaveDAC8_VDAC8_SetRange
 .text.WaveDAC8_VDAC8_Init
                0x0000129c       0x2c .\CortexM3\ARM_GCC_541\Debug\PSOC_FFT.a(WaveDAC8_VDAC8.o)
                0x0000129c                WaveDAC8_VDAC8_Init
 .text.WaveDAC8_BuffAmp_Enable
                0x000012c8       0x28 .\CortexM3\ARM_GCC_541\Debug\PSOC_FFT.a(WaveDAC8_BuffAmp.o)
                0x000012c8                WaveDAC8_BuffAmp_Enable
 .text.WaveDAC8_BuffAmp_SetPower
                0x000012f0       0x1c .\CortexM3\ARM_GCC_541\Debug\PSOC_FFT.a(WaveDAC8_BuffAmp.o)
                0x000012f0                WaveDAC8_BuffAmp_SetPower
 .text.WaveDAC8_BuffAmp_Init
                0x0000130c        0xc .\CortexM3\ARM_GCC_541\Debug\PSOC_FFT.a(WaveDAC8_BuffAmp.o)
                0x0000130c                WaveDAC8_BuffAmp_Init
 .text.UART_LOG_IntClock_Start
                0x00001318       0x1c .\CortexM3\ARM_GCC_541\Debug\PSOC_FFT.a(UART_LOG_IntClock.o)
                0x00001318                UART_LOG_IntClock_Start
 .text.ADC_AMux_Start
                0x00001334       0x20 .\CortexM3\ARM_GCC_541\Debug\PSOC_FFT.a(ADC_AMux.o)
                0x00001334                ADC_AMux_Start
 .text.ADC_AMux_Select
                0x00001354       0x18 .\CortexM3\ARM_GCC_541\Debug\PSOC_FFT.a(ADC_AMux.o)
                0x00001354                ADC_AMux_Select
 .text.ADC_Ext_CP_Clk_GetDividerRegister
                0x0000136c        0xc .\CortexM3\ARM_GCC_541\Debug\PSOC_FFT.a(ADC_Ext_CP_Clk.o)
                0x0000136c                ADC_Ext_CP_Clk_GetDividerRegister
 .text.ADC_Ext_CP_Clk_SetModeRegister
                0x00001378       0x14 .\CortexM3\ARM_GCC_541\Debug\PSOC_FFT.a(ADC_Ext_CP_Clk.o)
                0x00001378                ADC_Ext_CP_Clk_SetModeRegister
 .text.ADC_Ext_CP_Clk_GetSourceRegister
                0x0000138c       0x10 .\CortexM3\ARM_GCC_541\Debug\PSOC_FFT.a(ADC_Ext_CP_Clk.o)
                0x0000138c                ADC_Ext_CP_Clk_GetSourceRegister
 .text.ADC_Ext_CP_Clk_SetDividerRegister
                0x0000139c       0xd8 .\CortexM3\ARM_GCC_541\Debug\PSOC_FFT.a(ADC_Ext_CP_Clk.o)
                0x0000139c                ADC_Ext_CP_Clk_SetDividerRegister
 .text.ADC_theACLK_GetDividerRegister
                0x00001474        0xc .\CortexM3\ARM_GCC_541\Debug\PSOC_FFT.a(ADC_theACLK.o)
                0x00001474                ADC_theACLK_GetDividerRegister
 .text.ADC_theACLK_SetModeRegister
                0x00001480       0x14 .\CortexM3\ARM_GCC_541\Debug\PSOC_FFT.a(ADC_theACLK.o)
                0x00001480                ADC_theACLK_SetModeRegister
 .text.ADC_theACLK_GetSourceRegister
                0x00001494       0x10 .\CortexM3\ARM_GCC_541\Debug\PSOC_FFT.a(ADC_theACLK.o)
                0x00001494                ADC_theACLK_GetSourceRegister
 .text.ADC_theACLK_SetDividerRegister
                0x000014a4       0xd8 .\CortexM3\ARM_GCC_541\Debug\PSOC_FFT.a(ADC_theACLK.o)
                0x000014a4                ADC_theACLK_SetDividerRegister
 .text.CyDmacConfigure
                0x0000157c       0x34 .\CortexM3\ARM_GCC_541\Debug\PSOC_FFT.a(CyDmac.o)
                0x0000157c                CyDmacConfigure
 .text.CyDmaChEnable
                0x000015b0       0x38 .\CortexM3\ARM_GCC_541\Debug\PSOC_FFT.a(CyDmac.o)
                0x000015b0                CyDmaChEnable
 .text.CyDmaChDisable
                0x000015e8       0x24 .\CortexM3\ARM_GCC_541\Debug\PSOC_FFT.a(CyDmac.o)
                0x000015e8                CyDmaChDisable
 .text.CyDmaChPriority
                0x0000160c       0x24 .\CortexM3\ARM_GCC_541\Debug\PSOC_FFT.a(CyDmac.o)
                0x0000160c                CyDmaChPriority
 .text.CyDmaChSetExtendedAddress
                0x00001630       0x34 .\CortexM3\ARM_GCC_541\Debug\PSOC_FFT.a(CyDmac.o)
                0x00001630                CyDmaChSetExtendedAddress
 .text.CyDmaChSetInitialTd
                0x00001664       0x18 .\CortexM3\ARM_GCC_541\Debug\PSOC_FFT.a(CyDmac.o)
                0x00001664                CyDmaChSetInitialTd
 .text.CyDmaChSetConfiguration
                0x0000167c       0x44 .\CortexM3\ARM_GCC_541\Debug\PSOC_FFT.a(CyDmac.o)
                0x0000167c                CyDmaChSetConfiguration
 .text.CyDmaTdAllocate
                0x000016c0       0x34 .\CortexM3\ARM_GCC_541\Debug\PSOC_FFT.a(CyDmac.o)
                0x000016c0                CyDmaTdAllocate
 .text.CyDmaTdSetConfiguration
                0x000016f4       0x28 .\CortexM3\ARM_GCC_541\Debug\PSOC_FFT.a(CyDmac.o)
                0x000016f4                CyDmaTdSetConfiguration
 .text.CyDmaTdSetAddress
                0x0000171c       0x1c .\CortexM3\ARM_GCC_541\Debug\PSOC_FFT.a(CyDmac.o)
                0x0000171c                CyDmaTdSetAddress
 .text.CyHalt   0x00001738        0x4 .\CortexM3\ARM_GCC_541\Debug\PSOC_FFT.a(CyLib.o)
                0x00001738                CyHalt
 .text.CyDelay  0x0000173c       0x2c .\CortexM3\ARM_GCC_541\Debug\PSOC_FFT.a(CyLib.o)
                0x0000173c                CyDelay
 .text.CyDelayUs
                0x00001768       0x14 .\CortexM3\ARM_GCC_541\Debug\PSOC_FFT.a(CyLib.o)
                0x00001768                CyDelayUs
 .text.CyIntSetVector
                0x0000177c       0x28 .\CortexM3\ARM_GCC_541\Debug\PSOC_FFT.a(CyLib.o)
                0x0000177c                CyIntSetVector
 .text.CyIntSetPriority
                0x000017a4       0x30 .\CortexM3\ARM_GCC_541\Debug\PSOC_FFT.a(CyLib.o)
                0x000017a4                CyIntSetPriority
 *fill*         0x000017d4        0x4 
 .text          0x000017d8       0x20 .\CortexM3\ARM_GCC_541\Debug\PSOC_FFT.a(CyBootAsmGnu.o)
                0x000017d8                CyDelayCycles
                0x000017e8                CyEnterCriticalSection
                0x000017f0                CyExitCriticalSection
 .text.fft_app  0x000017f8       0x44 .\bsw\fft_application\lib\libfft_application.a(fft_application.o)
                0x000017f8                fft_app
 .text.arm_split_rfft_q31
                0x0000183c      0x21c .\bsw\fft_application\lib\libfft_application.a(arm_rfft_q31.o)
                0x0000183c                arm_split_rfft_q31
 .text.arm_split_rifft_q31
                0x00001a58      0x1bc .\bsw\fft_application\lib\libfft_application.a(arm_rfft_q31.o)
                0x00001a58                arm_split_rifft_q31
 .text.arm_rfft_q31
                0x00001c14       0x70 .\bsw\fft_application\lib\libfft_application.a(arm_rfft_q31.o)
                0x00001c14                arm_rfft_q31
 .text.arm_rfft_init_q31
                0x00001c84       0xf0 .\bsw\fft_application\lib\libfft_application.a(arm_rfft_init_q31.o)
                0x00001c84                arm_rfft_init_q31
 .text.arm_cfft_radix4by2_q31
                0x00001d74      0x18c .\bsw\fft_application\lib\libfft_application.a(arm_cfft_q31.o)
                0x00001d74                arm_cfft_radix4by2_q31
 .text.arm_cfft_radix4by2_inverse_q31
                0x00001f00      0x18c .\bsw\fft_application\lib\libfft_application.a(arm_cfft_q31.o)
                0x00001f00                arm_cfft_radix4by2_inverse_q31
 .text.arm_cfft_q31
                0x0000208c       0xbc .\bsw\fft_application\lib\libfft_application.a(arm_cfft_q31.o)
                0x0000208c                arm_cfft_q31
 .text.arm_radix4_butterfly_q31
                0x00002148      0x570 .\bsw\fft_application\lib\libfft_application.a(arm_cfft_radix4_q31.o)
                0x00002148                arm_radix4_butterfly_q31
 .text.arm_radix4_butterfly_inverse_q31
                0x000026b8      0x570 .\bsw\fft_application\lib\libfft_application.a(arm_cfft_radix4_q31.o)
                0x000026b8                arm_radix4_butterfly_inverse_q31
 .text          0x00002c28       0xc0 .\bsw\fft_application\lib\libfft_application.a(arm_bitreversal2.o)
                0x00002c28                arm_bitreversal_32
                0x00002c92                arm_bitreversal_16
 .text.log10    0x00002ce8      0x104 c:/program files (x86)/cypress/psoc creator/4.4/psoc creator/import/gnu/arm/5.4.1/bin/../lib/gcc/arm-none-eabi/5.4.1/../../../../arm-none-eabi/lib/armv7-m\libm.a(lib_a-w_log10.o)
                0x00002ce8                log10
 .text.pow      0x00002dec      0x330 c:/program files (x86)/cypress/psoc creator/4.4/psoc creator/import/gnu/arm/5.4.1/bin/../lib/gcc/arm-none-eabi/5.4.1/../../../../arm-none-eabi/lib/armv7-m\libm.a(lib_a-w_pow.o)
                0x00002dec                pow
 .text.sqrt     0x0000311c       0xb8 c:/program files (x86)/cypress/psoc creator/4.4/psoc creator/import/gnu/arm/5.4.1/bin/../lib/gcc/arm-none-eabi/5.4.1/../../../../arm-none-eabi/lib/armv7-m\libm.a(lib_a-w_sqrt.o)
                0x0000311c                sqrt
 *fill*         0x000031d4        0x4 
 .text.__ieee754_log10
                0x000031d8      0x114 c:/program files (x86)/cypress/psoc creator/4.4/psoc creator/import/gnu/arm/5.4.1/bin/../lib/gcc/arm-none-eabi/5.4.1/../../../../arm-none-eabi/lib/armv7-m\libm.a(lib_a-e_log10.o)
                0x000031d8                __ieee754_log10
 *fill*         0x000032ec        0x4 
 .text.__ieee754_pow
                0x000032f0      0xac4 c:/program files (x86)/cypress/psoc creator/4.4/psoc creator/import/gnu/arm/5.4.1/bin/../lib/gcc/arm-none-eabi/5.4.1/../../../../arm-none-eabi/lib/armv7-m\libm.a(lib_a-e_pow.o)
                0x000032f0                __ieee754_pow
 .text.__ieee754_sqrt
                0x00003db4      0x188 c:/program files (x86)/cypress/psoc creator/4.4/psoc creator/import/gnu/arm/5.4.1/bin/../lib/gcc/arm-none-eabi/5.4.1/../../../../arm-none-eabi/lib/armv7-m\libm.a(lib_a-e_sqrt.o)
                0x00003db4                __ieee754_sqrt
 .text.fabs     0x00003f3c        0x8 c:/program files (x86)/cypress/psoc creator/4.4/psoc creator/import/gnu/arm/5.4.1/bin/../lib/gcc/arm-none-eabi/5.4.1/../../../../arm-none-eabi/lib/armv7-m\libm.a(lib_a-s_fabs.o)
                0x00003f3c                fabs
 .text.finite   0x00003f44        0xc c:/program files (x86)/cypress/psoc creator/4.4/psoc creator/import/gnu/arm/5.4.1/bin/../lib/gcc/arm-none-eabi/5.4.1/../../../../arm-none-eabi/lib/armv7-m\libm.a(lib_a-s_finite.o)
                0x00003f44                finite
 .text.matherr  0x00003f50        0x4 c:/program files (x86)/cypress/psoc creator/4.4/psoc creator/import/gnu/arm/5.4.1/bin/../lib/gcc/arm-none-eabi/5.4.1/../../../../arm-none-eabi/lib/armv7-m\libm.a(lib_a-s_matherr.o)
                0x00003f50                matherr
 .text.nan      0x00003f54        0xc c:/program files (x86)/cypress/psoc creator/4.4/psoc creator/import/gnu/arm/5.4.1/bin/../lib/gcc/arm-none-eabi/5.4.1/../../../../arm-none-eabi/lib/armv7-m\libm.a(lib_a-s_nan.o)
                0x00003f54                nan
 .text.rint     0x00003f60      0x120 c:/program files (x86)/cypress/psoc creator/4.4/psoc creator/import/gnu/arm/5.4.1/bin/../lib/gcc/arm-none-eabi/5.4.1/../../../../arm-none-eabi/lib/armv7-m\libm.a(lib_a-s_rint.o)
                0x00003f60                rint
 .text.scalbn   0x00004080       0xe4 c:/program files (x86)/cypress/psoc creator/4.4/psoc creator/import/gnu/arm/5.4.1/bin/../lib/gcc/arm-none-eabi/5.4.1/../../../../arm-none-eabi/lib/armv7-m\libm.a(lib_a-s_scalbn.o)
                0x00004080                scalbn
 *fill*         0x00004164        0x4 
 .text.__ieee754_log
                0x00004168      0x3e8 c:/program files (x86)/cypress/psoc creator/4.4/psoc creator/import/gnu/arm/5.4.1/bin/../lib/gcc/arm-none-eabi/5.4.1/../../../../arm-none-eabi/lib/armv7-m\libm.a(lib_a-e_log.o)
                0x00004168                __ieee754_log
 .text.copysign
                0x00004550       0x10 c:/program files (x86)/cypress/psoc creator/4.4/psoc creator/import/gnu/arm/5.4.1/bin/../lib/gcc/arm-none-eabi/5.4.1/../../../../arm-none-eabi/lib/armv7-m\libm.a(lib_a-s_copysign.o)
                0x00004550                copysign
 .text          0x00004560      0x370 c:/program files (x86)/cypress/psoc creator/4.4/psoc creator/import/gnu/arm/5.4.1/bin/../lib/gcc/arm-none-eabi/5.4.1/armv7-m\libgcc.a(_arm_addsubdf3.o)
                0x00004560                __aeabi_drsub
                0x00004568                __aeabi_dsub
                0x00004568                __subdf3
                0x0000456c                __aeabi_dadd
                0x0000456c                __adddf3
                0x000047e4                __floatunsidf
                0x000047e4                __aeabi_ui2d
                0x00004804                __floatsidf
                0x00004804                __aeabi_i2d
                0x00004828                __aeabi_f2d
                0x00004828                __extendsfdf2
                0x00004864                __floatundidf
                0x00004864                __aeabi_ul2d
                0x00004874                __floatdidf
                0x00004874                __aeabi_l2d
 .text          0x000048d0      0x424 c:/program files (x86)/cypress/psoc creator/4.4/psoc creator/import/gnu/arm/5.4.1/bin/../lib/gcc/arm-none-eabi/5.4.1/armv7-m\libgcc.a(_arm_muldivdf3.o)
                0x000048d0                __aeabi_dmul
                0x000048d0                __muldf3
                0x00004b24                __divdf3
                0x00004b24                __aeabi_ddiv
 .text          0x00004cf4      0x110 c:/program files (x86)/cypress/psoc creator/4.4/psoc creator/import/gnu/arm/5.4.1/bin/../lib/gcc/arm-none-eabi/5.4.1/armv7-m\libgcc.a(_arm_cmpdf2.o)
                0x00004cf4                __gtdf2
                0x00004cf4                __gedf2
                0x00004cfc                __ltdf2
                0x00004cfc                __ledf2
                0x00004d04                __nedf2
                0x00004d04                __eqdf2
                0x00004d04                __cmpdf2
                0x00004d80                __aeabi_cdrcmple
                0x00004d90                __aeabi_cdcmpeq
                0x00004d90                __aeabi_cdcmple
                0x00004da0                __aeabi_dcmpeq
                0x00004db4                __aeabi_dcmplt
                0x00004dc8                __aeabi_dcmple
                0x00004ddc                __aeabi_dcmpge
                0x00004df0                __aeabi_dcmpgt
 .text          0x00004e04       0x2c c:/program files (x86)/cypress/psoc creator/4.4/psoc creator/import/gnu/arm/5.4.1/bin/../lib/gcc/arm-none-eabi/5.4.1/armv7-m\libgcc.a(_arm_unorddf2.o)
                0x00004e04                __unorddf2
                0x00004e04                __aeabi_dcmpun
 .text          0x00004e30       0x50 c:/program files (x86)/cypress/psoc creator/4.4/psoc creator/import/gnu/arm/5.4.1/bin/../lib/gcc/arm-none-eabi/5.4.1/armv7-m\libgcc.a(_arm_fixdfsi.o)
                0x00004e30                __aeabi_d2iz
                0x00004e30                __fixdfsi
 .text          0x00004e80       0xa0 c:/program files (x86)/cypress/psoc creator/4.4/psoc creator/import/gnu/arm/5.4.1/bin/../lib/gcc/arm-none-eabi/5.4.1/armv7-m\libgcc.a(_arm_truncdfsf2.o)
                0x00004e80                __truncdfsf2
                0x00004e80                __aeabi_d2f
 .text          0x00004f20      0x21c c:/program files (x86)/cypress/psoc creator/4.4/psoc creator/import/gnu/arm/5.4.1/bin/../lib/gcc/arm-none-eabi/5.4.1/armv7-m\libgcc.a(_arm_addsubsf3.o)
                0x00004f20                __aeabi_frsub
                0x00004f28                __subsf3
                0x00004f28                __aeabi_fsub
                0x00004f2c                __aeabi_fadd
                0x00004f2c                __addsf3
                0x0000508c                __aeabi_ui2f
                0x0000508c                __floatunsisf
                0x00005094                __aeabi_i2f
                0x00005094                __floatsisf
                0x000050b0                __aeabi_ul2f
                0x000050b0                __floatundisf
                0x000050c0                __aeabi_l2f
                0x000050c0                __floatdisf
 .text          0x0000513c      0x2a0 c:/program files (x86)/cypress/psoc creator/4.4/psoc creator/import/gnu/arm/5.4.1/bin/../lib/gcc/arm-none-eabi/5.4.1/armv7-m\libgcc.a(_arm_muldivsf3.o)
                0x0000513c                __mulsf3
                0x0000513c                __aeabi_fmul
                0x000052a4                __aeabi_fdiv
                0x000052a4                __divsf3
 .text          0x000053dc       0xec c:/program files (x86)/cypress/psoc creator/4.4/psoc creator/import/gnu/arm/5.4.1/bin/../lib/gcc/arm-none-eabi/5.4.1/armv7-m\libgcc.a(_arm_cmpsf2.o)
                0x000053dc                __gesf2
                0x000053dc                __gtsf2
                0x000053e4                __lesf2
                0x000053e4                __ltsf2
                0x000053ec                __nesf2
                0x000053ec                __eqsf2
                0x000053ec                __cmpsf2
                0x0000544c                __aeabi_cfrcmple
                0x00005454                __aeabi_cfcmpeq
                0x00005454                __aeabi_cfcmple
                0x00005464                __aeabi_fcmpeq
                0x00005478                __aeabi_fcmplt
                0x0000548c                __aeabi_fcmple
                0x000054a0                __aeabi_fcmpge
                0x000054b4                __aeabi_fcmpgt
 .text          0x000054c8       0x4c c:/program files (x86)/cypress/psoc creator/4.4/psoc creator/import/gnu/arm/5.4.1/bin/../lib/gcc/arm-none-eabi/5.4.1/armv7-m\libgcc.a(_arm_fixsfsi.o)
                0x000054c8                __aeabi_f2iz
                0x000054c8                __fixsfsi
 .text          0x00005514       0x40 c:/program files (x86)/cypress/psoc creator/4.4/psoc creator/import/gnu/arm/5.4.1/bin/../lib/gcc/arm-none-eabi/5.4.1/armv7-m\libgcc.a(_arm_fixunssfsi.o)
                0x00005514                __fixunssfsi
                0x00005514                __aeabi_f2uiz
 .text.__errno  0x00005554        0xc c:/program files (x86)/cypress/psoc creator/4.4/psoc creator/import/gnu/arm/5.4.1/bin/../lib/gcc/arm-none-eabi/5.4.1/../../../../arm-none-eabi/lib/armv7-m\libg_nano.a(lib_a-errno.o)
                0x00005554                __errno
 .text.__libc_init_array
                0x00005560       0x4c c:/program files (x86)/cypress/psoc creator/4.4/psoc creator/import/gnu/arm/5.4.1/bin/../lib/gcc/arm-none-eabi/5.4.1/../../../../arm-none-eabi/lib/armv7-m\libg_nano.a(lib_a-init.o)
                0x00005560                __libc_init_array
 .text.malloc   0x000055ac       0x10 c:/program files (x86)/cypress/psoc creator/4.4/psoc creator/import/gnu/arm/5.4.1/bin/../lib/gcc/arm-none-eabi/5.4.1/../../../../arm-none-eabi/lib/armv7-m\libg_nano.a(lib_a-malloc.o)
                0x000055ac                malloc
 .text.free     0x000055bc       0x10 c:/program files (x86)/cypress/psoc creator/4.4/psoc creator/import/gnu/arm/5.4.1/bin/../lib/gcc/arm-none-eabi/5.4.1/../../../../arm-none-eabi/lib/armv7-m\libg_nano.a(lib_a-malloc.o)
                0x000055bc                free
 .text.memcpy   0x000055cc       0x16 c:/program files (x86)/cypress/psoc creator/4.4/psoc creator/import/gnu/arm/5.4.1/bin/../lib/gcc/arm-none-eabi/5.4.1/../../../../arm-none-eabi/lib/armv7-m\libg_nano.a(lib_a-memcpy-stub.o)
                0x000055cc                memcpy
 .text.memset   0x000055e2       0x10 c:/program files (x86)/cypress/psoc creator/4.4/psoc creator/import/gnu/arm/5.4.1/bin/../lib/gcc/arm-none-eabi/5.4.1/../../../../arm-none-eabi/lib/armv7-m\libg_nano.a(lib_a-memset.o)
                0x000055e2                memset
 *fill*         0x000055f2        0x2 
 .text._free_r  0x000055f4       0x98 c:/program files (x86)/cypress/psoc creator/4.4/psoc creator/import/gnu/arm/5.4.1/bin/../lib/gcc/arm-none-eabi/5.4.1/../../../../arm-none-eabi/lib/armv7-m\libg_nano.a(lib_a-nano-freer.o)
                0x000055f4                _free_r
 .text._malloc_r
                0x0000568c       0xbc c:/program files (x86)/cypress/psoc creator/4.4/psoc creator/import/gnu/arm/5.4.1/bin/../lib/gcc/arm-none-eabi/5.4.1/../../../../arm-none-eabi/lib/armv7-m\libg_nano.a(lib_a-nano-mallocr.o)
                0x0000568c                _malloc_r
 .text._sbrk_r  0x00005748       0x20 c:/program files (x86)/cypress/psoc creator/4.4/psoc creator/import/gnu/arm/5.4.1/bin/../lib/gcc/arm-none-eabi/5.4.1/../../../../arm-none-eabi/lib/armv7-m\libg_nano.a(lib_a-sbrkr.o)
                0x00005748                _sbrk_r
 .text.sprintf  0x00005768       0x48 c:/program files (x86)/cypress/psoc creator/4.4/psoc creator/import/gnu/arm/5.4.1/bin/../lib/gcc/arm-none-eabi/5.4.1/../../../../arm-none-eabi/lib/armv7-m\libg_nano.a(lib_a-sprintf.o)
                0x00005768                siprintf
                0x00005768                sprintf
 .text.__malloc_lock
                0x000057b0        0x2 c:/program files (x86)/cypress/psoc creator/4.4/psoc creator/import/gnu/arm/5.4.1/bin/../lib/gcc/arm-none-eabi/5.4.1/../../../../arm-none-eabi/lib/armv7-m\libg_nano.a(lib_a-mlock.o)
                0x000057b0                __malloc_lock
 .text.__malloc_unlock
                0x000057b2        0x2 c:/program files (x86)/cypress/psoc creator/4.4/psoc creator/import/gnu/arm/5.4.1/bin/../lib/gcc/arm-none-eabi/5.4.1/../../../../arm-none-eabi/lib/armv7-m\libg_nano.a(lib_a-mlock.o)
                0x000057b2                __malloc_unlock
 .text.__ssputs_r
                0x000057b4       0xb2 c:/program files (x86)/cypress/psoc creator/4.4/psoc creator/import/gnu/arm/5.4.1/bin/../lib/gcc/arm-none-eabi/5.4.1/../../../../arm-none-eabi/lib/armv7-m\libg_nano.a(lib_a-nano-svfprintf.o)
                0x000057b4                __ssputs_r
 *fill*         0x00005866        0x2 
 .text._svfprintf_r
                0x00005868      0x1e8 c:/program files (x86)/cypress/psoc creator/4.4/psoc creator/import/gnu/arm/5.4.1/bin/../lib/gcc/arm-none-eabi/5.4.1/../../../../arm-none-eabi/lib/armv7-m\libg_nano.a(lib_a-nano-svfprintf.o)
                0x00005868                _svfiprintf_r
                0x00005868                _svfprintf_r
 .text._printf_common
                0x00005a50       0xec c:/program files (x86)/cypress/psoc creator/4.4/psoc creator/import/gnu/arm/5.4.1/bin/../lib/gcc/arm-none-eabi/5.4.1/../../../../arm-none-eabi/lib/armv7-m\libg_nano.a(lib_a-nano-vfprintf_i.o)
                0x00005a50                _printf_common
 .text._printf_i
                0x00005b3c      0x24c c:/program files (x86)/cypress/psoc creator/4.4/psoc creator/import/gnu/arm/5.4.1/bin/../lib/gcc/arm-none-eabi/5.4.1/../../../../arm-none-eabi/lib/armv7-m\libg_nano.a(lib_a-nano-vfprintf_i.o)
                0x00005b3c                _printf_i
 .text.memchr   0x00005d88       0x1c c:/program files (x86)/cypress/psoc creator/4.4/psoc creator/import/gnu/arm/5.4.1/bin/../lib/gcc/arm-none-eabi/5.4.1/../../../../arm-none-eabi/lib/armv7-m\libg_nano.a(lib_a-memchr-stub.o)
                0x00005d88                memchr
 .text.memmove  0x00005da4       0x36 c:/program files (x86)/cypress/psoc creator/4.4/psoc creator/import/gnu/arm/5.4.1/bin/../lib/gcc/arm-none-eabi/5.4.1/../../../../arm-none-eabi/lib/armv7-m\libg_nano.a(lib_a-memmove.o)
                0x00005da4                memmove
 .text._realloc_r
                0x00005dda       0x4c c:/program files (x86)/cypress/psoc creator/4.4/psoc creator/import/gnu/arm/5.4.1/bin/../lib/gcc/arm-none-eabi/5.4.1/../../../../arm-none-eabi/lib/armv7-m\libg_nano.a(lib_a-nano-reallocr.o)
                0x00005dda                _realloc_r
 .text._malloc_usable_size_r
                0x00005e26       0x14 c:/program files (x86)/cypress/psoc creator/4.4/psoc creator/import/gnu/arm/5.4.1/bin/../lib/gcc/arm-none-eabi/5.4.1/../../../../arm-none-eabi/lib/armv7-m\libg_nano.a(lib_a-nano-msizer.o)
                0x00005e26                _malloc_usable_size_r
 *(.plt)
 *(.gnu.warning)
 *(.glue_7t)
 .glue_7t       0x00005e3a        0x0 linker stubs
 *(.glue_7)
 .glue_7        0x00005e3a        0x0 linker stubs
 *(.vfp11_veneer)
 .vfp11_veneer  0x00005e3a        0x0 linker stubs
 *(.bootloader)
 *(.ARM.extab* .gnu.linkonce.armextab.*)
 *(.gcc_except_table)

.v4_bx          0x00005e3c        0x0
 .v4_bx         0x00005e3c        0x0 linker stubs

.iplt           0x00005e3c        0x0
 .iplt          0x00005e3c        0x0 c:/program files (x86)/cypress/psoc creator/4.4/psoc creator/import/gnu/arm/5.4.1/bin/../lib/gcc/arm-none-eabi/5.4.1/armv7-m/crtbegin.o

.eh_frame_hdr
 *(.eh_frame_hdr)

.eh_frame       0x00005e3c        0x4
 *(.eh_frame)
 .eh_frame      0x00005e3c        0x0 c:/program files (x86)/cypress/psoc creator/4.4/psoc creator/import/gnu/arm/5.4.1/bin/../lib/gcc/arm-none-eabi/5.4.1/armv7-m/crtbegin.o
 .eh_frame      0x00005e3c        0x4 c:/program files (x86)/cypress/psoc creator/4.4/psoc creator/import/gnu/arm/5.4.1/bin/../lib/gcc/arm-none-eabi/5.4.1/armv7-m/crtend.o
                [!provide]                PROVIDE (__exidx_start, .)

.ARM.exidx
 *(.ARM.exidx* .gnu.linkonce.armexidx.*)
                0x00005e40                __exidx_end = .

.rodata         0x00005e40    0x22008
 *(.rodata .rodata.* .gnu.linkonce.r.*)
 .rodata.str1.4
                0x00005e40       0x14 .\CortexM3\ARM_GCC_541\Debug\main.o
 *fill*         0x00005e54        0x4 
 .rodata        0x00005e58     0x2000 .\CortexM3\ARM_GCC_541\Debug\dsp.o
 .rodata.str1.4
                0x00007e58       0x18 .\CortexM3\ARM_GCC_541\Debug\logging.o
 .rodata        0x00007e70       0x52 .\CortexM3\ARM_GCC_541\Debug\cyfitter_cfg.o
                0x00007e70                ADC_AMux__addrTable
                0x00007e78                ADC_AMux__maskTable
 *fill*         0x00007ec2        0x2 
 .rodata        0x00007ec4       0xc8 .\CortexM3\ARM_GCC_541\Debug\PSOC_FFT.a(WaveDAC8.o)
                0x00007ec4                WaveDAC8_wave1
                0x00007f28                WaveDAC8_wave2
 .rodata.realCoefAQ31
                0x00007f8c     0x8000 .\bsw\fft_application\lib\libfft_application.a(arm_rfft_init_q31.o)
                0x00007f8c                realCoefAQ31
 .rodata.realCoefBQ31
                0x0000ff8c     0x8000 .\bsw\fft_application\lib\libfft_application.a(arm_rfft_init_q31.o)
                0x0000ff8c                realCoefBQ31
 .rodata.arm_cfft_sR_q31_len32
                0x00017f8c       0x10 .\bsw\fft_application\lib\libfft_application.a(arm_const_structs.o)
                0x00017f8c                arm_cfft_sR_q31_len32
 .rodata.arm_cfft_sR_q31_len512
                0x00017f9c       0x10 .\bsw\fft_application\lib\libfft_application.a(arm_const_structs.o)
                0x00017f9c                arm_cfft_sR_q31_len512
 .rodata.arm_cfft_sR_q31_len16
                0x00017fac       0x10 .\bsw\fft_application\lib\libfft_application.a(arm_const_structs.o)
                0x00017fac                arm_cfft_sR_q31_len16
 .rodata.arm_cfft_sR_q31_len256
                0x00017fbc       0x10 .\bsw\fft_application\lib\libfft_application.a(arm_const_structs.o)
                0x00017fbc                arm_cfft_sR_q31_len256
 .rodata.arm_cfft_sR_q31_len1024
                0x00017fcc       0x10 .\bsw\fft_application\lib\libfft_application.a(arm_const_structs.o)
                0x00017fcc                arm_cfft_sR_q31_len1024
 .rodata.arm_cfft_sR_q31_len64
                0x00017fdc       0x10 .\bsw\fft_application\lib\libfft_application.a(arm_const_structs.o)
                0x00017fdc                arm_cfft_sR_q31_len64
 .rodata.arm_cfft_sR_q31_len128
                0x00017fec       0x10 .\bsw\fft_application\lib\libfft_application.a(arm_const_structs.o)
                0x00017fec                arm_cfft_sR_q31_len128
 .rodata.arm_cfft_sR_q31_len2048
                0x00017ffc       0x10 .\bsw\fft_application\lib\libfft_application.a(arm_const_structs.o)
                0x00017ffc                arm_cfft_sR_q31_len2048
 .rodata.arm_cfft_sR_q31_len4096
                0x0001800c       0x10 .\bsw\fft_application\lib\libfft_application.a(arm_const_structs.o)
                0x0001800c                arm_cfft_sR_q31_len4096
 .rodata.armBitRevIndexTable_fixed_128
                0x0001801c       0xe0 .\bsw\fft_application\lib\libfft_application.a(arm_common_tables.o)
                0x0001801c                armBitRevIndexTable_fixed_128
 .rodata.armBitRevIndexTable_fixed_2048
                0x000180fc      0xf80 .\bsw\fft_application\lib\libfft_application.a(arm_common_tables.o)
                0x000180fc                armBitRevIndexTable_fixed_2048
 .rodata.twiddleCoef_32_q31
                0x0001907c       0xc0 .\bsw\fft_application\lib\libfft_application.a(arm_common_tables.o)
                0x0001907c                twiddleCoef_32_q31
 .rodata.armBitRevIndexTable_fixed_4096
                0x0001913c     0x1f80 .\bsw\fft_application\lib\libfft_application.a(arm_common_tables.o)
                0x0001913c                armBitRevIndexTable_fixed_4096
 .rodata.armBitRevIndexTable_fixed_1024
                0x0001b0bc      0x7c0 .\bsw\fft_application\lib\libfft_application.a(arm_common_tables.o)
                0x0001b0bc                armBitRevIndexTable_fixed_1024
 .rodata.twiddleCoef_1024_q31
                0x0001b87c     0x1800 .\bsw\fft_application\lib\libfft_application.a(arm_common_tables.o)
                0x0001b87c                twiddleCoef_1024_q31
 .rodata.twiddleCoef_4096_q31
                0x0001d07c     0x6000 .\bsw\fft_application\lib\libfft_application.a(arm_common_tables.o)
                0x0001d07c                twiddleCoef_4096_q31
 .rodata.twiddleCoef_16_q31
                0x0002307c       0x60 .\bsw\fft_application\lib\libfft_application.a(arm_common_tables.o)
                0x0002307c                twiddleCoef_16_q31
 .rodata.twiddleCoef_64_q31
                0x000230dc      0x180 .\bsw\fft_application\lib\libfft_application.a(arm_common_tables.o)
                0x000230dc                twiddleCoef_64_q31
 .rodata.twiddleCoef_2048_q31
                0x0002325c     0x3000 .\bsw\fft_application\lib\libfft_application.a(arm_common_tables.o)
                0x0002325c                twiddleCoef_2048_q31
 .rodata.twiddleCoef_256_q31
                0x0002625c      0x600 .\bsw\fft_application\lib\libfft_application.a(arm_common_tables.o)
                0x0002625c                twiddleCoef_256_q31
 .rodata.twiddleCoef_512_q31
                0x0002685c      0xc00 .\bsw\fft_application\lib\libfft_application.a(arm_common_tables.o)
                0x0002685c                twiddleCoef_512_q31
 .rodata.armBitRevIndexTable_fixed_512
                0x0002745c      0x3c0 .\bsw\fft_application\lib\libfft_application.a(arm_common_tables.o)
                0x0002745c                armBitRevIndexTable_fixed_512
 .rodata.armBitRevIndexTable_fixed_16
                0x0002781c       0x18 .\bsw\fft_application\lib\libfft_application.a(arm_common_tables.o)
                0x0002781c                armBitRevIndexTable_fixed_16
 .rodata.armBitRevIndexTable_fixed_32
                0x00027834       0x30 .\bsw\fft_application\lib\libfft_application.a(arm_common_tables.o)
                0x00027834                armBitRevIndexTable_fixed_32
 .rodata.armBitRevIndexTable_fixed_256
                0x00027864      0x1e0 .\bsw\fft_application\lib\libfft_application.a(arm_common_tables.o)
                0x00027864                armBitRevIndexTable_fixed_256
 .rodata.armBitRevIndexTable_fixed_64
                0x00027a44       0x70 .\bsw\fft_application\lib\libfft_application.a(arm_common_tables.o)
                0x00027a44                armBitRevIndexTable_fixed_64
 .rodata.twiddleCoef_128_q31
                0x00027ab4      0x300 .\bsw\fft_application\lib\libfft_application.a(arm_common_tables.o)
                0x00027ab4                twiddleCoef_128_q31
 .rodata.str1.4
                0x00027db4        0x6 c:/program files (x86)/cypress/psoc creator/4.4/psoc creator/import/gnu/arm/5.4.1/bin/../lib/gcc/arm-none-eabi/5.4.1/../../../../arm-none-eabi/lib/armv7-m\libm.a(lib_a-w_log10.o)
                                  0x9 (size before relaxing)
 *fill*         0x00027dba        0x2 
 .rodata.str1.4
                0x00027dbc        0x4 c:/program files (x86)/cypress/psoc creator/4.4/psoc creator/import/gnu/arm/5.4.1/bin/../lib/gcc/arm-none-eabi/5.4.1/../../../../arm-none-eabi/lib/armv7-m\libm.a(lib_a-w_pow.o)
 .rodata.str1.4
                0x00027dc0        0x8 c:/program files (x86)/cypress/psoc creator/4.4/psoc creator/import/gnu/arm/5.4.1/bin/../lib/gcc/arm-none-eabi/5.4.1/../../../../arm-none-eabi/lib/armv7-m\libm.a(lib_a-w_sqrt.o)
                                  0x5 (size before relaxing)
 .rodata.str1.4
                0x00027dc8        0x1 c:/program files (x86)/cypress/psoc creator/4.4/psoc creator/import/gnu/arm/5.4.1/bin/../lib/gcc/arm-none-eabi/5.4.1/../../../../arm-none-eabi/lib/armv7-m\libm.a(lib_a-e_pow.o)
 .rodata.TWO52  0x00027dc8       0x10 c:/program files (x86)/cypress/psoc creator/4.4/psoc creator/import/gnu/arm/5.4.1/bin/../lib/gcc/arm-none-eabi/5.4.1/../../../../arm-none-eabi/lib/armv7-m\libm.a(lib_a-s_rint.o)
 .rodata.str1.1
                0x00027dd8        0x2 c:/program files (x86)/cypress/psoc creator/4.4/psoc creator/import/gnu/arm/5.4.1/bin/../lib/gcc/arm-none-eabi/5.4.1/../../../../arm-none-eabi/lib/armv7-m\libg_nano.a(lib_a-impure.o)
 .rodata.str1.1
                0x00027dda       0x11 c:/program files (x86)/cypress/psoc creator/4.4/psoc creator/import/gnu/arm/5.4.1/bin/../lib/gcc/arm-none-eabi/5.4.1/../../../../arm-none-eabi/lib/armv7-m\libg_nano.a(lib_a-nano-svfprintf.o)
 .rodata.str1.1
                0x00027deb       0x22 c:/program files (x86)/cypress/psoc creator/4.4/psoc creator/import/gnu/arm/5.4.1/bin/../lib/gcc/arm-none-eabi/5.4.1/../../../../arm-none-eabi/lib/armv7-m\libg_nano.a(lib_a-nano-vfprintf_i.o)
                0x00027e10                . = ALIGN (0x4)
 *fill*         0x00027e0d        0x3 
 *(.init)
 .init          0x00027e10        0x4 c:/program files (x86)/cypress/psoc creator/4.4/psoc creator/import/gnu/arm/5.4.1/bin/../lib/gcc/arm-none-eabi/5.4.1/armv7-m/crti.o
                0x00027e10                _init
 .init          0x00027e14        0x8 c:/program files (x86)/cypress/psoc creator/4.4/psoc creator/import/gnu/arm/5.4.1/bin/../lib/gcc/arm-none-eabi/5.4.1/armv7-m/crtn.o
                0x00027e1c                . = ALIGN (0x4)
                0x00027e1c                __preinit_array_start = .
 *(.preinit_array)
                0x00027e1c                __preinit_array_end = .
                0x00027e1c                . = ALIGN (0x4)
                0x00027e1c                __init_array_start = .
 *(SORT(.init_array.*))
 *(.init_array)
 .init_array    0x00027e1c        0x4 c:/program files (x86)/cypress/psoc creator/4.4/psoc creator/import/gnu/arm/5.4.1/bin/../lib/gcc/arm-none-eabi/5.4.1/armv7-m/crtbegin.o
 .init_array    0x00027e20        0x4 .\CortexM3\ARM_GCC_541\Debug\Cm3Start.o
                0x00027e24                __init_array_end = .
                0x00027e24                . = ALIGN (0x4)
 *(.fini)
 .fini          0x00027e24        0x4 c:/program files (x86)/cypress/psoc creator/4.4/psoc creator/import/gnu/arm/5.4.1/bin/../lib/gcc/arm-none-eabi/5.4.1/armv7-m/crti.o
                0x00027e24                _fini
 .fini          0x00027e28        0x8 c:/program files (x86)/cypress/psoc creator/4.4/psoc creator/import/gnu/arm/5.4.1/bin/../lib/gcc/arm-none-eabi/5.4.1/armv7-m/crtn.o
                0x00027e30                . = ALIGN (0x4)
                0x00027e30                __fini_array_start = .
 *(.fini_array)
 .fini_array    0x00027e30        0x4 c:/program files (x86)/cypress/psoc creator/4.4/psoc creator/import/gnu/arm/5.4.1/bin/../lib/gcc/arm-none-eabi/5.4.1/armv7-m/crtbegin.o
 *(SORT(.fini_array.*))
                0x00027e34                __fini_array_end = .
                0x00027e34                . = ALIGN (0x4)
 *crtbegin.o(.ctors)
 *(EXCLUDE_FILE(*crtend.o) .ctors)
 *(SORT(.ctors.*))
 *crtend.o(.ctors)
                0x00027e34                . = ALIGN (0x4)
 *crtbegin.o(.dtors)
 *(EXCLUDE_FILE(*crtend.o) .dtors)
 *(SORT(.dtors.*))
 *crtend.o(.dtors)
                0x00027e34                . = ALIGN (0x4)
                0x00027e34                __cy_regions = .
                0x00027e34        0x4 LONG 0x27e48 __cy_region_init_ram
                0x00027e38        0x4 LONG 0x1fff80c8 __cy_region_start_data
                0x00027e3c        0x4 LONG 0x90 __cy_region_init_size_ram
                0x00027e40        0x4 LONG 0x5858 __cy_region_zero_size_ram
                0x00027e44                __cy_regions_end = .
                0x00027e48                . = ALIGN (0x8)
 *fill*         0x00027e44        0x4 
                0x00027e48                _etext = .

.cy_checksum_exclude
                0x00027e48        0x0
 *(.cy_checksum_exclude)

.ramvectors     0x1fff8000       0xc0
                0x1fff8000                __cy_region_start_ram = .
 *(.ramvectors)
 .ramvectors    0x1fff8000       0xc0 .\CortexM3\ARM_GCC_541\Debug\Cm3Start.o
                0x1fff8000                CyRamVectors

.noinit         0x1fff80c0        0x1
 *(.noinit)
 .noinit        0x1fff80c0        0x1 .\CortexM3\ARM_GCC_541\Debug\PSOC_FFT.a(CyLib.o)
                0x1fff80c0                CyResetStatus

.data           0x1fff80c8       0x90 load address 0x00027e48
                0x1fff80c8                __cy_region_start_data = .
 *(.jcr)
 .jcr           0x1fff80c8        0x0 c:/program files (x86)/cypress/psoc creator/4.4/psoc creator/import/gnu/arm/5.4.1/bin/../lib/gcc/arm-none-eabi/5.4.1/armv7-m/crtbegin.o
 .jcr           0x1fff80c8        0x4 c:/program files (x86)/cypress/psoc creator/4.4/psoc creator/import/gnu/arm/5.4.1/bin/../lib/gcc/arm-none-eabi/5.4.1/armv7-m/crtend.o
 *(.got.plt)
 *(.got)
 *(.shdata)
 *(.data .data.* .gnu.linkonce.d.*)
 .data          0x1fff80cc        0x4 .\CortexM3\ARM_GCC_541\Debug\Cm3Start.o
 .data          0x1fff80d0        0x1 .\CortexM3\ARM_GCC_541\Debug\PSOC_FFT.a(ADC.o)
                0x1fff80d0                ADC_Config
 .data          0x1fff80d1        0x1 .\CortexM3\ARM_GCC_541\Debug\PSOC_FFT.a(DMA_ADC_dma.o)
                0x1fff80d1                DMA_ADC_DmaHandle
 .data          0x1fff80d2        0x1 .\CortexM3\ARM_GCC_541\Debug\PSOC_FFT.a(WaveDAC8_Wave1_DMA_dma.o)
                0x1fff80d2                WaveDAC8_Wave1_DMA_DmaHandle
 .data          0x1fff80d3        0x1 .\CortexM3\ARM_GCC_541\Debug\PSOC_FFT.a(WaveDAC8_Wave2_DMA_dma.o)
                0x1fff80d3                WaveDAC8_Wave2_DMA_DmaHandle
 .data          0x1fff80d4        0x1 .\CortexM3\ARM_GCC_541\Debug\PSOC_FFT.a(ADC_AMux.o)
 *fill*         0x1fff80d5        0x3 
 .data          0x1fff80d8        0x8 .\CortexM3\ARM_GCC_541\Debug\PSOC_FFT.a(CyDmac.o)
 .data          0x1fff80e0       0x10 .\CortexM3\ARM_GCC_541\Debug\PSOC_FFT.a(CyLib.o)
                0x1fff80e0                cydelay_32k_ms
                0x1fff80e4                cydelay_freq_khz
                0x1fff80e8                cydelay_freq_mhz
                0x1fff80ec                cydelay_freq_hz
 .data.__fdlib_version
                0x1fff80f0        0x1 c:/program files (x86)/cypress/psoc creator/4.4/psoc creator/import/gnu/arm/5.4.1/bin/../lib/gcc/arm-none-eabi/5.4.1/../../../../arm-none-eabi/lib/armv7-m\libm.a(lib_a-s_lib_ver.o)
                0x1fff80f0                __fdlib_version
 *fill*         0x1fff80f1        0x3 
 .data.impure_data
                0x1fff80f4       0x60 c:/program files (x86)/cypress/psoc creator/4.4/psoc creator/import/gnu/arm/5.4.1/bin/../lib/gcc/arm-none-eabi/5.4.1/../../../../arm-none-eabi/lib/armv7-m\libg_nano.a(lib_a-impure.o)
 .data._impure_ptr
                0x1fff8154        0x4 c:/program files (x86)/cypress/psoc creator/4.4/psoc creator/import/gnu/arm/5.4.1/bin/../lib/gcc/arm-none-eabi/5.4.1/../../../../arm-none-eabi/lib/armv7-m\libg_nano.a(lib_a-impure.o)
                0x1fff8154                _impure_ptr
                0x1fff8158                . = ALIGN (0x8)
 *(.ram)
                0x1fff8158                _edata = .

.igot.plt       0x1fff8158        0x0 load address 0x00027ed8
 .igot.plt      0x1fff8158        0x0 c:/program files (x86)/cypress/psoc creator/4.4/psoc creator/import/gnu/arm/5.4.1/bin/../lib/gcc/arm-none-eabi/5.4.1/armv7-m/crtbegin.o

.bss            0x1fff8158     0x5858 load address 0x00027ed8
                0x1fff8158                PROVIDE (__bss_start__, .)
 *(.shbss)
 *(.bss .bss.* .gnu.linkonce.b.*)
 .bss           0x1fff8158       0x1c c:/program files (x86)/cypress/psoc creator/4.4/psoc creator/import/gnu/arm/5.4.1/bin/../lib/gcc/arm-none-eabi/5.4.1/armv7-m/crtbegin.o
 .bss           0x1fff8174     0x580c .\CortexM3\ARM_GCC_541\Debug\main.o
 .bss           0x1fffd980        0x3 .\CortexM3\ARM_GCC_541\Debug\led.o
 .bss           0x1fffd983        0x5 .\CortexM3\ARM_GCC_541\Debug\PSOC_FFT.a(WaveDAC8.o)
                0x1fffd987                WaveDAC8_initVar
 .bss           0x1fffd988        0x2 .\CortexM3\ARM_GCC_541\Debug\PSOC_FFT.a(UART_LOG.o)
                0x1fffd988                UART_LOG_initVar
 *fill*         0x1fffd98a        0x2 
 .bss           0x1fffd98c        0xc .\CortexM3\ARM_GCC_541\Debug\PSOC_FFT.a(ADC.o)
                0x1fffd990                ADC_stopConversion
                0x1fffd991                ADC_convDone
                0x1fffd992                ADC_initVar
                0x1fffd993                ADC_started
                0x1fffd994                ADC_Offset
 .bss.__malloc_sbrk_start
                0x1fffd998        0x4 c:/program files (x86)/cypress/psoc creator/4.4/psoc creator/import/gnu/arm/5.4.1/bin/../lib/gcc/arm-none-eabi/5.4.1/../../../../arm-none-eabi/lib/armv7-m\libg_nano.a(lib_a-nano-mallocr.o)
                0x1fffd998                __malloc_sbrk_start
 .bss.__malloc_free_list
                0x1fffd99c        0x4 c:/program files (x86)/cypress/psoc creator/4.4/psoc creator/import/gnu/arm/5.4.1/bin/../lib/gcc/arm-none-eabi/5.4.1/../../../../arm-none-eabi/lib/armv7-m\libg_nano.a(lib_a-nano-mallocr.o)
                0x1fffd99c                __malloc_free_list
 *(COMMON)
 COMMON         0x1fffd9a0        0x2 .\CortexM3\ARM_GCC_541\Debug\main.o
                0x1fffd9a0                DMA_ADC_TD
                0x1fffd9a1                DMA_ADC_Chan
 *fill*         0x1fffd9a2        0x2 
 COMMON         0x1fffd9a4        0x4 .\CortexM3\ARM_GCC_541\Debug\PSOC_FFT.a(ADC.o)
                0x1fffd9a4                ADC_CountsPerVolt
 COMMON         0x1fffd9a8        0x4 c:/program files (x86)/cypress/psoc creator/4.4/psoc creator/import/gnu/arm/5.4.1/bin/../lib/gcc/arm-none-eabi/5.4.1/../../../../arm-none-eabi/lib/armv7-m\libg_nano.a(lib_a-reent.o)
                0x1fffd9a8                errno
                0x1fffd9b0                . = ALIGN (0x8)
 *fill*         0x1fffd9ac        0x4 
 *(.ram.b)
                0x1fffd9b0                _end = .
                0x1fffd9b0                __end = .
                0x1fffd9b0                PROVIDE (end, .)
                0x1fffd9b0                PROVIDE (__bss_end__, .)
                0x00027e48                __cy_region_init_ram = LOADADDR (.data)
                0x00000090                __cy_region_init_size_ram = (_edata - ADDR (.data))
                0x00005858                __cy_region_zero_size_ram = (_end - _edata)

.heap           0x1fffd9b0     0x2000 load address 0x00027ed8
                0x1fffd9b0                . = _end
                0x1ffff9b0                . = (. + 0x2000)
 *fill*         0x1fffd9b0     0x2000 
                0x1ffff9b0                __cy_heap_limit = .

.stack          0x20006000     0x2000
                0x20006000                __cy_stack_limit = .
                0x20008000                . = (. + 0x2000)
 *fill*         0x20006000     0x2000 
                0x00000001                ASSERT ((__cy_stack_limit >= __cy_heap_limit), region RAM overflowed with stack)
                0x00000000                cy_checksum_exclude_size = (CY_APPL_LOADABLE == 0x1)?SIZEOF (.cy_checksum_exclude):0x0
                0x00000001                ASSERT ((cy_checksum_exclude_size <= CY_CHECKSUM_EXCLUDE_SIZE), CY_BOOT: Section .cy_checksum_exclude size exceedes specified limit.)

.cyloadermeta
 *(.cyloadermeta)

.cyloadablemeta
 *(.cyloadablemeta)

.cyconfigecc    0x80000000      0x47c
 *(.cyconfigecc)
 .cyconfigecc   0x80000000      0x47c .\CortexM3\ARM_GCC_541\Debug\cymetadata.o
                0x80000000                cy_meta_configecc

.cycustnvl      0x90000000        0x4
 *(.cycustnvl)
 .cycustnvl     0x90000000        0x4 .\CortexM3\ARM_GCC_541\Debug\cymetadata.o
                0x90000000                cy_meta_custnvl

.cywolatch      0x90100000        0x4
 *(.cywolatch)
 .cywolatch     0x90100000        0x4 .\CortexM3\ARM_GCC_541\Debug\cymetadata.o
                0x90100000                cy_meta_wonvl

.cyeeprom       0x90200000        0x0
 *(.cyeeprom)
                0x00000001                ASSERT ((. <= ((0x90200000 + ee_offset) + ee_size)), .cyeeprom data will not fit in EEPROM)

.cyflashprotect
                0x90400000      0x100
 *(.cyflashprotect)
 .cyflashprotect
                0x90400000      0x100 .\CortexM3\ARM_GCC_541\Debug\cymetadata.o
                0x90400000                cy_meta_flashprotect

.cymeta         0x90500000        0xc
 *(.cymeta)
 .cymeta        0x90500000        0xc .\CortexM3\ARM_GCC_541\Debug\cymetadata.o
                0x90500000                cy_metadata

.rel.dyn        0x00027ed8        0x0 load address 0x9050000c
 .rel.iplt      0x00027ed8        0x0 c:/program files (x86)/cypress/psoc creator/4.4/psoc creator/import/gnu/arm/5.4.1/bin/../lib/gcc/arm-none-eabi/5.4.1/armv7-m/crtbegin.o

.stab
 *(.stab)

.stabstr
 *(.stabstr)

.debug
 *(.debug)

.line
 *(.line)

.debug_srcinfo
 *(.debug_srcinfo)

.debug_sfnames
 *(.debug_sfnames)

.debug_aranges  0x00000000      0xfa0
 *(.debug_aranges)
 .debug_aranges
                0x00000000       0x28 .\CortexM3\ARM_GCC_541\Debug\cfar.o
 .debug_aranges
                0x00000028       0x40 .\CortexM3\ARM_GCC_541\Debug\main.o
 .debug_aranges
                0x00000068       0x20 .\CortexM3\ARM_GCC_541\Debug\dsp.o
 .debug_aranges
                0x00000088       0x28 .\CortexM3\ARM_GCC_541\Debug\logging.o
 .debug_aranges
                0x000000b0       0x30 .\CortexM3\ARM_GCC_541\Debug\led.o
 .debug_aranges
                0x000000e0       0x68 .\CortexM3\ARM_GCC_541\Debug\cyfitter_cfg.o
 .debug_aranges
                0x00000148       0x18 .\CortexM3\ARM_GCC_541\Debug\cymetadata.o
 .debug_aranges
                0x00000160       0x48 .\CortexM3\ARM_GCC_541\Debug\Cm3Start.o
 .debug_aranges
                0x000001a8       0x50 .\CortexM3\ARM_GCC_541\Debug\PSOC_FFT.a(WaveDAC8.o)
 .debug_aranges
                0x000001f8       0x38 .\CortexM3\ARM_GCC_541\Debug\PSOC_FFT.a(LED_yellow.o)
 .debug_aranges
                0x00000230       0x38 .\CortexM3\ARM_GCC_541\Debug\PSOC_FFT.a(LED_red.o)
 .debug_aranges
                0x00000268       0x38 .\CortexM3\ARM_GCC_541\Debug\PSOC_FFT.a(LED_green.o)
 .debug_aranges
                0x000002a0       0x80 .\CortexM3\ARM_GCC_541\Debug\PSOC_FFT.a(isr_button.o)
 .debug_aranges
                0x00000320       0xf0 .\CortexM3\ARM_GCC_541\Debug\PSOC_FFT.a(UART_LOG.o)
 .debug_aranges
                0x00000410       0x80 .\CortexM3\ARM_GCC_541\Debug\PSOC_FFT.a(isr_rx.o)
 .debug_aranges
                0x00000490       0x48 .\CortexM3\ARM_GCC_541\Debug\PSOC_FFT.a(Button.o)
 .debug_aranges
                0x000004d8       0xe8 .\CortexM3\ARM_GCC_541\Debug\PSOC_FFT.a(ADC.o)
 .debug_aranges
                0x000005c0       0x38 .\CortexM3\ARM_GCC_541\Debug\PSOC_FFT.a(ADC_INT.o)
 .debug_aranges
                0x000005f8       0x28 .\CortexM3\ARM_GCC_541\Debug\PSOC_FFT.a(DMA_ADC_dma.o)
 .debug_aranges
                0x00000620       0x40 .\CortexM3\ARM_GCC_541\Debug\PSOC_FFT.a(Status_Reg_1.o)
 .debug_aranges
                0x00000660       0x70 .\CortexM3\ARM_GCC_541\Debug\PSOC_FFT.a(WaveDAC8_DacClk.o)
 .debug_aranges
                0x000006d0       0x28 .\CortexM3\ARM_GCC_541\Debug\PSOC_FFT.a(WaveDAC8_Wave1_DMA_dma.o)
 .debug_aranges
                0x000006f8       0x28 .\CortexM3\ARM_GCC_541\Debug\PSOC_FFT.a(WaveDAC8_Wave2_DMA_dma.o)
 .debug_aranges
                0x00000720       0x58 .\CortexM3\ARM_GCC_541\Debug\PSOC_FFT.a(WaveDAC8_VDAC8.o)
 .debug_aranges
                0x00000778       0x40 .\CortexM3\ARM_GCC_541\Debug\PSOC_FFT.a(WaveDAC8_BuffAmp.o)
 .debug_aranges
                0x000007b8       0x70 .\CortexM3\ARM_GCC_541\Debug\PSOC_FFT.a(UART_LOG_IntClock.o)
 .debug_aranges
                0x00000828       0x30 .\CortexM3\ARM_GCC_541\Debug\PSOC_FFT.a(ADC_AMux.o)
 .debug_aranges
                0x00000858       0x70 .\CortexM3\ARM_GCC_541\Debug\PSOC_FFT.a(ADC_Ext_CP_Clk.o)
 .debug_aranges
                0x000008c8       0x80 .\CortexM3\ARM_GCC_541\Debug\PSOC_FFT.a(ADC_theACLK.o)
 .debug_aranges
                0x00000948       0xd8 .\CortexM3\ARM_GCC_541\Debug\PSOC_FFT.a(CyDmac.o)
 .debug_aranges
                0x00000a20      0x2a0 .\CortexM3\ARM_GCC_541\Debug\PSOC_FFT.a(CyLib.o)
 .debug_aranges
                0x00000cc0       0x98 .\CortexM3\ARM_GCC_541\Debug\PSOC_FFT.a(cyPm.o)
 .debug_aranges
                0x00000d58       0x20 .\CortexM3\ARM_GCC_541\Debug\PSOC_FFT.a(CyBootAsmGnu.o)
 .debug_aranges
                0x00000d78       0x88 .\CortexM3\ARM_GCC_541\Debug\PSOC_FFT.a(CyFlash.o)
 .debug_aranges
                0x00000e00       0x80 .\CortexM3\ARM_GCC_541\Debug\PSOC_FFT.a(CySpc.o)
 .debug_aranges
                0x00000e80       0x20 .\bsw\fft_application\lib\libfft_application.a(fft_application.o)
 .debug_aranges
                0x00000ea0       0x30 .\bsw\fft_application\lib\libfft_application.a(arm_rfft_q31.o)
 .debug_aranges
                0x00000ed0       0x20 .\bsw\fft_application\lib\libfft_application.a(arm_rfft_init_q31.o)
 .debug_aranges
                0x00000ef0       0x30 .\bsw\fft_application\lib\libfft_application.a(arm_cfft_q31.o)
 .debug_aranges
                0x00000f20       0x30 .\bsw\fft_application\lib\libfft_application.a(arm_cfft_radix4_q31.o)
 .debug_aranges
                0x00000f50       0x18 .\bsw\fft_application\lib\libfft_application.a(arm_const_structs.o)
 .debug_aranges
                0x00000f68       0x20 .\bsw\fft_application\lib\libfft_application.a(arm_bitreversal2.o)
 .debug_aranges
                0x00000f88       0x18 .\bsw\fft_application\lib\libfft_application.a(arm_common_tables.o)

.debug_pubnames
 *(.debug_pubnames)

.debug_info     0x00000000     0xdd07
 *(.debug_info .gnu.linkonce.wi.*)
 .debug_info    0x00000000      0x3f4 .\CortexM3\ARM_GCC_541\Debug\cfar.o
 .debug_info    0x000003f4     0x28cc .\CortexM3\ARM_GCC_541\Debug\main.o
 .debug_info    0x00002cc0      0x1f1 .\CortexM3\ARM_GCC_541\Debug\dsp.o
 .debug_info    0x00002eb1      0x347 .\CortexM3\ARM_GCC_541\Debug\logging.o
 .debug_info    0x000031f8      0x620 .\CortexM3\ARM_GCC_541\Debug\led.o
 .debug_info    0x00003818      0x6ea .\CortexM3\ARM_GCC_541\Debug\cyfitter_cfg.o
 .debug_info    0x00003f02      0x136 .\CortexM3\ARM_GCC_541\Debug\cymetadata.o
 .debug_info    0x00004038      0x3cf .\CortexM3\ARM_GCC_541\Debug\Cm3Start.o
 .debug_info    0x00004407      0x52f .\CortexM3\ARM_GCC_541\Debug\PSOC_FFT.a(WaveDAC8.o)
 .debug_info    0x00004936      0x11f .\CortexM3\ARM_GCC_541\Debug\PSOC_FFT.a(LED_yellow.o)
 .debug_info    0x00004a55      0x11f .\CortexM3\ARM_GCC_541\Debug\PSOC_FFT.a(LED_red.o)
 .debug_info    0x00004b74      0x11f .\CortexM3\ARM_GCC_541\Debug\PSOC_FFT.a(LED_green.o)
 .debug_info    0x00004c93      0x2d2 .\CortexM3\ARM_GCC_541\Debug\PSOC_FFT.a(isr_button.o)
 .debug_info    0x00004f65      0x60c .\CortexM3\ARM_GCC_541\Debug\PSOC_FFT.a(UART_LOG.o)
 .debug_info    0x00005571      0x2d2 .\CortexM3\ARM_GCC_541\Debug\PSOC_FFT.a(isr_rx.o)
 .debug_info    0x00005843      0x174 .\CortexM3\ARM_GCC_541\Debug\PSOC_FFT.a(Button.o)
 .debug_info    0x000059b7      0xa18 .\CortexM3\ARM_GCC_541\Debug\PSOC_FFT.a(ADC.o)
 .debug_info    0x000063cf       0xd3 .\CortexM3\ARM_GCC_541\Debug\PSOC_FFT.a(ADC_INT.o)
 .debug_info    0x000064a2      0x1a8 .\CortexM3\ARM_GCC_541\Debug\PSOC_FFT.a(DMA_ADC_dma.o)
 .debug_info    0x0000664a      0x17f .\CortexM3\ARM_GCC_541\Debug\PSOC_FFT.a(Status_Reg_1.o)
 .debug_info    0x000067c9      0x283 .\CortexM3\ARM_GCC_541\Debug\PSOC_FFT.a(WaveDAC8_DacClk.o)
 .debug_info    0x00006a4c      0x1aa .\CortexM3\ARM_GCC_541\Debug\PSOC_FFT.a(WaveDAC8_Wave1_DMA_dma.o)
 .debug_info    0x00006bf6      0x1a7 .\CortexM3\ARM_GCC_541\Debug\PSOC_FFT.a(WaveDAC8_Wave2_DMA_dma.o)
 .debug_info    0x00006d9d      0x1de .\CortexM3\ARM_GCC_541\Debug\PSOC_FFT.a(WaveDAC8_VDAC8.o)
 .debug_info    0x00006f7b      0x151 .\CortexM3\ARM_GCC_541\Debug\PSOC_FFT.a(WaveDAC8_BuffAmp.o)
 .debug_info    0x000070cc      0x283 .\CortexM3\ARM_GCC_541\Debug\PSOC_FFT.a(UART_LOG_IntClock.o)
 .debug_info    0x0000734f      0x165 .\CortexM3\ARM_GCC_541\Debug\PSOC_FFT.a(ADC_AMux.o)
 .debug_info    0x000074b4      0x283 .\CortexM3\ARM_GCC_541\Debug\PSOC_FFT.a(ADC_Ext_CP_Clk.o)
 .debug_info    0x00007737      0x2c4 .\CortexM3\ARM_GCC_541\Debug\PSOC_FFT.a(ADC_theACLK.o)
 .debug_info    0x000079fb      0x94e .\CortexM3\ARM_GCC_541\Debug\PSOC_FFT.a(CyDmac.o)
 .debug_info    0x00008349     0x1374 .\CortexM3\ARM_GCC_541\Debug\PSOC_FFT.a(CyLib.o)
 .debug_info    0x000096bd      0xa2a .\CortexM3\ARM_GCC_541\Debug\PSOC_FFT.a(cyPm.o)
 .debug_info    0x0000a0e7       0x95 .\CortexM3\ARM_GCC_541\Debug\PSOC_FFT.a(CyBootAsmGnu.o)
 .debug_info    0x0000a17c      0x64d .\CortexM3\ARM_GCC_541\Debug\PSOC_FFT.a(CyFlash.o)
 .debug_info    0x0000a7c9      0x550 .\CortexM3\ARM_GCC_541\Debug\PSOC_FFT.a(CySpc.o)
 .debug_info    0x0000ad19      0x36c .\bsw\fft_application\lib\libfft_application.a(fft_application.o)
 .debug_info    0x0000b085      0x4f7 .\bsw\fft_application\lib\libfft_application.a(arm_rfft_q31.o)
 .debug_info    0x0000b57c      0x327 .\bsw\fft_application\lib\libfft_application.a(arm_rfft_init_q31.o)
 .debug_info    0x0000b8a3      0x4a3 .\bsw\fft_application\lib\libfft_application.a(arm_cfft_q31.o)
 .debug_info    0x0000bd46      0x815 .\bsw\fft_application\lib\libfft_application.a(arm_cfft_radix4_q31.o)
 .debug_info    0x0000c55b      0xd8a .\bsw\fft_application\lib\libfft_application.a(arm_const_structs.o)
 .debug_info    0x0000d2e5       0xac .\bsw\fft_application\lib\libfft_application.a(arm_bitreversal2.o)
 .debug_info    0x0000d391      0x976 .\bsw\fft_application\lib\libfft_application.a(arm_common_tables.o)

.debug_abbrev   0x00000000     0x2fe9
 *(.debug_abbrev)
 .debug_abbrev  0x00000000      0x139 .\CortexM3\ARM_GCC_541\Debug\cfar.o
 .debug_abbrev  0x00000139      0x1ef .\CortexM3\ARM_GCC_541\Debug\main.o
 .debug_abbrev  0x00000328       0xe2 .\CortexM3\ARM_GCC_541\Debug\dsp.o
 .debug_abbrev  0x0000040a      0x139 .\CortexM3\ARM_GCC_541\Debug\logging.o
 .debug_abbrev  0x00000543      0x1bb .\CortexM3\ARM_GCC_541\Debug\led.o
 .debug_abbrev  0x000006fe      0x22d .\CortexM3\ARM_GCC_541\Debug\cyfitter_cfg.o
 .debug_abbrev  0x0000092b       0x77 .\CortexM3\ARM_GCC_541\Debug\cymetadata.o
 .debug_abbrev  0x000009a2      0x1e8 .\CortexM3\ARM_GCC_541\Debug\Cm3Start.o
 .debug_abbrev  0x00000b8a      0x10b .\CortexM3\ARM_GCC_541\Debug\PSOC_FFT.a(WaveDAC8.o)
 .debug_abbrev  0x00000c95       0x90 .\CortexM3\ARM_GCC_541\Debug\PSOC_FFT.a(LED_yellow.o)
 .debug_abbrev  0x00000d25       0x90 .\CortexM3\ARM_GCC_541\Debug\PSOC_FFT.a(LED_red.o)
 .debug_abbrev  0x00000db5       0x90 .\CortexM3\ARM_GCC_541\Debug\PSOC_FFT.a(LED_green.o)
 .debug_abbrev  0x00000e45      0x173 .\CortexM3\ARM_GCC_541\Debug\PSOC_FFT.a(isr_button.o)
 .debug_abbrev  0x00000fb8      0x175 .\CortexM3\ARM_GCC_541\Debug\PSOC_FFT.a(UART_LOG.o)
 .debug_abbrev  0x0000112d      0x173 .\CortexM3\ARM_GCC_541\Debug\PSOC_FFT.a(isr_rx.o)
 .debug_abbrev  0x000012a0       0x90 .\CortexM3\ARM_GCC_541\Debug\PSOC_FFT.a(Button.o)
 .debug_abbrev  0x00001330      0x1eb .\CortexM3\ARM_GCC_541\Debug\PSOC_FFT.a(ADC.o)
 .debug_abbrev  0x0000151b       0x42 .\CortexM3\ARM_GCC_541\Debug\PSOC_FFT.a(ADC_INT.o)
 .debug_abbrev  0x0000155d       0xcd .\CortexM3\ARM_GCC_541\Debug\PSOC_FFT.a(DMA_ADC_dma.o)
 .debug_abbrev  0x0000162a       0xac .\CortexM3\ARM_GCC_541\Debug\PSOC_FFT.a(Status_Reg_1.o)
 .debug_abbrev  0x000016d6      0x139 .\CortexM3\ARM_GCC_541\Debug\PSOC_FFT.a(WaveDAC8_DacClk.o)
 .debug_abbrev  0x0000180f       0xcd .\CortexM3\ARM_GCC_541\Debug\PSOC_FFT.a(WaveDAC8_Wave1_DMA_dma.o)
 .debug_abbrev  0x000018dc       0xcd .\CortexM3\ARM_GCC_541\Debug\PSOC_FFT.a(WaveDAC8_Wave2_DMA_dma.o)
 .debug_abbrev  0x000019a9       0xf7 .\CortexM3\ARM_GCC_541\Debug\PSOC_FFT.a(WaveDAC8_VDAC8.o)
 .debug_abbrev  0x00001aa0       0xb2 .\CortexM3\ARM_GCC_541\Debug\PSOC_FFT.a(WaveDAC8_BuffAmp.o)
 .debug_abbrev  0x00001b52      0x139 .\CortexM3\ARM_GCC_541\Debug\PSOC_FFT.a(UART_LOG_IntClock.o)
 .debug_abbrev  0x00001c8b       0xb1 .\CortexM3\ARM_GCC_541\Debug\PSOC_FFT.a(ADC_AMux.o)
 .debug_abbrev  0x00001d3c      0x139 .\CortexM3\ARM_GCC_541\Debug\PSOC_FFT.a(ADC_Ext_CP_Clk.o)
 .debug_abbrev  0x00001e75      0x121 .\CortexM3\ARM_GCC_541\Debug\PSOC_FFT.a(ADC_theACLK.o)
 .debug_abbrev  0x00001f96      0x1b2 .\CortexM3\ARM_GCC_541\Debug\PSOC_FFT.a(CyDmac.o)
 .debug_abbrev  0x00002148      0x254 .\CortexM3\ARM_GCC_541\Debug\PSOC_FFT.a(CyLib.o)
 .debug_abbrev  0x0000239c      0x1ab .\CortexM3\ARM_GCC_541\Debug\PSOC_FFT.a(cyPm.o)
 .debug_abbrev  0x00002547       0x14 .\CortexM3\ARM_GCC_541\Debug\PSOC_FFT.a(CyBootAsmGnu.o)
 .debug_abbrev  0x0000255b      0x1a7 .\CortexM3\ARM_GCC_541\Debug\PSOC_FFT.a(CyFlash.o)
 .debug_abbrev  0x00002702      0x194 .\CortexM3\ARM_GCC_541\Debug\PSOC_FFT.a(CySpc.o)
 .debug_abbrev  0x00002896      0x15d .\bsw\fft_application\lib\libfft_application.a(fft_application.o)
 .debug_abbrev  0x000029f3      0x128 .\bsw\fft_application\lib\libfft_application.a(arm_rfft_q31.o)
 .debug_abbrev  0x00002b1b      0x12e .\bsw\fft_application\lib\libfft_application.a(arm_rfft_init_q31.o)
 .debug_abbrev  0x00002c49       0xfb .\bsw\fft_application\lib\libfft_application.a(arm_cfft_q31.o)
 .debug_abbrev  0x00002d44      0x142 .\bsw\fft_application\lib\libfft_application.a(arm_cfft_radix4_q31.o)
 .debug_abbrev  0x00002e86       0xcb .\bsw\fft_application\lib\libfft_application.a(arm_const_structs.o)
 .debug_abbrev  0x00002f51       0x14 .\bsw\fft_application\lib\libfft_application.a(arm_bitreversal2.o)
 .debug_abbrev  0x00002f65       0x84 .\bsw\fft_application\lib\libfft_application.a(arm_common_tables.o)

.debug_line     0x00000000     0x4efa
 *(.debug_line)
 .debug_line    0x00000000      0x255 .\CortexM3\ARM_GCC_541\Debug\cfar.o
 .debug_line    0x00000255      0x37a .\CortexM3\ARM_GCC_541\Debug\main.o
 .debug_line    0x000005cf       0x80 .\CortexM3\ARM_GCC_541\Debug\dsp.o
 .debug_line    0x0000064f      0x1af .\CortexM3\ARM_GCC_541\Debug\logging.o
 .debug_line    0x000007fe      0x25a .\CortexM3\ARM_GCC_541\Debug\led.o
 .debug_line    0x00000a58      0x22a .\CortexM3\ARM_GCC_541\Debug\cyfitter_cfg.o
 .debug_line    0x00000c82      0x141 .\CortexM3\ARM_GCC_541\Debug\cymetadata.o
 .debug_line    0x00000dc3      0x241 .\CortexM3\ARM_GCC_541\Debug\Cm3Start.o
 .debug_line    0x00001004      0x16a .\CortexM3\ARM_GCC_541\Debug\PSOC_FFT.a(WaveDAC8.o)
 .debug_line    0x0000116e       0x97 .\CortexM3\ARM_GCC_541\Debug\PSOC_FFT.a(LED_yellow.o)
 .debug_line    0x00001205       0x94 .\CortexM3\ARM_GCC_541\Debug\PSOC_FFT.a(LED_red.o)
 .debug_line    0x00001299       0x96 .\CortexM3\ARM_GCC_541\Debug\PSOC_FFT.a(LED_green.o)
 .debug_line    0x0000132f      0x137 .\CortexM3\ARM_GCC_541\Debug\PSOC_FFT.a(isr_button.o)
 .debug_line    0x00001466      0x2c4 .\CortexM3\ARM_GCC_541\Debug\PSOC_FFT.a(UART_LOG.o)
 .debug_line    0x0000172a      0x133 .\CortexM3\ARM_GCC_541\Debug\PSOC_FFT.a(isr_rx.o)
 .debug_line    0x0000185d       0xb7 .\CortexM3\ARM_GCC_541\Debug\PSOC_FFT.a(Button.o)
 .debug_line    0x00001914      0x34f .\CortexM3\ARM_GCC_541\Debug\PSOC_FFT.a(ADC.o)
 .debug_line    0x00001c63       0x80 .\CortexM3\ARM_GCC_541\Debug\PSOC_FFT.a(ADC_INT.o)
 .debug_line    0x00001ce3       0x84 .\CortexM3\ARM_GCC_541\Debug\PSOC_FFT.a(DMA_ADC_dma.o)
 .debug_line    0x00001d67       0xb8 .\CortexM3\ARM_GCC_541\Debug\PSOC_FFT.a(Status_Reg_1.o)
 .debug_line    0x00001e1f      0x17e .\CortexM3\ARM_GCC_541\Debug\PSOC_FFT.a(WaveDAC8_DacClk.o)
 .debug_line    0x00001f9d       0x8f .\CortexM3\ARM_GCC_541\Debug\PSOC_FFT.a(WaveDAC8_Wave1_DMA_dma.o)
 .debug_line    0x0000202c       0x8f .\CortexM3\ARM_GCC_541\Debug\PSOC_FFT.a(WaveDAC8_Wave2_DMA_dma.o)
 .debug_line    0x000020bb       0xea .\CortexM3\ARM_GCC_541\Debug\PSOC_FFT.a(WaveDAC8_VDAC8.o)
 .debug_line    0x000021a5       0xb3 .\CortexM3\ARM_GCC_541\Debug\PSOC_FFT.a(WaveDAC8_BuffAmp.o)
 .debug_line    0x00002258      0x180 .\CortexM3\ARM_GCC_541\Debug\PSOC_FFT.a(UART_LOG_IntClock.o)
 .debug_line    0x000023d8       0xac .\CortexM3\ARM_GCC_541\Debug\PSOC_FFT.a(ADC_AMux.o)
 .debug_line    0x00002484      0x17d .\CortexM3\ARM_GCC_541\Debug\PSOC_FFT.a(ADC_Ext_CP_Clk.o)
 .debug_line    0x00002601      0x19d .\CortexM3\ARM_GCC_541\Debug\PSOC_FFT.a(ADC_theACLK.o)
 .debug_line    0x0000279e      0x2e4 .\CortexM3\ARM_GCC_541\Debug\PSOC_FFT.a(CyDmac.o)
 .debug_line    0x00002a82      0x816 .\CortexM3\ARM_GCC_541\Debug\PSOC_FFT.a(CyLib.o)
 .debug_line    0x00003298      0x367 .\CortexM3\ARM_GCC_541\Debug\PSOC_FFT.a(cyPm.o)
 .debug_line    0x000035ff       0x66 .\CortexM3\ARM_GCC_541\Debug\PSOC_FFT.a(CyBootAsmGnu.o)
 .debug_line    0x00003665      0x21a .\CortexM3\ARM_GCC_541\Debug\PSOC_FFT.a(CyFlash.o)
 .debug_line    0x0000387f      0x260 .\CortexM3\ARM_GCC_541\Debug\PSOC_FFT.a(CySpc.o)
 .debug_line    0x00003adf      0x22f .\bsw\fft_application\lib\libfft_application.a(fft_application.o)
 .debug_line    0x00003d0e      0x1ff .\bsw\fft_application\lib\libfft_application.a(arm_rfft_q31.o)
 .debug_line    0x00003f0d      0x1dd .\bsw\fft_application\lib\libfft_application.a(arm_rfft_init_q31.o)
 .debug_line    0x000040ea      0x2f5 .\bsw\fft_application\lib\libfft_application.a(arm_cfft_q31.o)
 .debug_line    0x000043df      0x792 .\bsw\fft_application\lib\libfft_application.a(arm_cfft_radix4_q31.o)
 .debug_line    0x00004b71      0x17c .\bsw\fft_application\lib\libfft_application.a(arm_const_structs.o)
 .debug_line    0x00004ced       0xa8 .\bsw\fft_application\lib\libfft_application.a(arm_bitreversal2.o)
 .debug_line    0x00004d95      0x165 .\bsw\fft_application\lib\libfft_application.a(arm_common_tables.o)

.debug_frame    0x00000000     0x2bac
 *(.debug_frame)
 .debug_frame   0x00000000       0x94 .\CortexM3\ARM_GCC_541\Debug\cfar.o
 .debug_frame   0x00000094       0x9c .\CortexM3\ARM_GCC_541\Debug\main.o
 .debug_frame   0x00000130       0x6c .\CortexM3\ARM_GCC_541\Debug\dsp.o
 .debug_frame   0x0000019c       0x48 .\CortexM3\ARM_GCC_541\Debug\logging.o
 .debug_frame   0x000001e4       0x6c .\CortexM3\ARM_GCC_541\Debug\led.o
 .debug_frame   0x00000250      0x104 .\CortexM3\ARM_GCC_541\Debug\cyfitter_cfg.o
 .debug_frame   0x00000354       0xb8 .\CortexM3\ARM_GCC_541\Debug\Cm3Start.o
 .debug_frame   0x0000040c       0xe0 .\CortexM3\ARM_GCC_541\Debug\PSOC_FFT.a(WaveDAC8.o)
 .debug_frame   0x000004ec       0x50 .\CortexM3\ARM_GCC_541\Debug\PSOC_FFT.a(LED_yellow.o)
 .debug_frame   0x0000053c       0x50 .\CortexM3\ARM_GCC_541\Debug\PSOC_FFT.a(LED_red.o)
 .debug_frame   0x0000058c       0x50 .\CortexM3\ARM_GCC_541\Debug\PSOC_FFT.a(LED_green.o)
 .debug_frame   0x000005dc      0x104 .\CortexM3\ARM_GCC_541\Debug\PSOC_FFT.a(isr_button.o)
 .debug_frame   0x000006e0      0x250 .\CortexM3\ARM_GCC_541\Debug\PSOC_FFT.a(UART_LOG.o)
 .debug_frame   0x00000930      0x104 .\CortexM3\ARM_GCC_541\Debug\PSOC_FFT.a(isr_rx.o)
 .debug_frame   0x00000a34       0x70 .\CortexM3\ARM_GCC_541\Debug\PSOC_FFT.a(Button.o)
 .debug_frame   0x00000aa4      0x278 .\CortexM3\ARM_GCC_541\Debug\PSOC_FFT.a(ADC.o)
 .debug_frame   0x00000d1c       0x50 .\CortexM3\ARM_GCC_541\Debug\PSOC_FFT.a(ADC_INT.o)
 .debug_frame   0x00000d6c       0x54 .\CortexM3\ARM_GCC_541\Debug\PSOC_FFT.a(DMA_ADC_dma.o)
 .debug_frame   0x00000dc0       0x78 .\CortexM3\ARM_GCC_541\Debug\PSOC_FFT.a(Status_Reg_1.o)
 .debug_frame   0x00000e38       0xe0 .\CortexM3\ARM_GCC_541\Debug\PSOC_FFT.a(WaveDAC8_DacClk.o)
 .debug_frame   0x00000f18       0x54 .\CortexM3\ARM_GCC_541\Debug\PSOC_FFT.a(WaveDAC8_Wave1_DMA_dma.o)
 .debug_frame   0x00000f6c       0x54 .\CortexM3\ARM_GCC_541\Debug\PSOC_FFT.a(WaveDAC8_Wave2_DMA_dma.o)
 .debug_frame   0x00000fc0       0xb4 .\CortexM3\ARM_GCC_541\Debug\PSOC_FFT.a(WaveDAC8_VDAC8.o)
 .debug_frame   0x00001074       0x78 .\CortexM3\ARM_GCC_541\Debug\PSOC_FFT.a(WaveDAC8_BuffAmp.o)
 .debug_frame   0x000010ec       0xe0 .\CortexM3\ARM_GCC_541\Debug\PSOC_FFT.a(UART_LOG_IntClock.o)
 .debug_frame   0x000011cc       0x64 .\CortexM3\ARM_GCC_541\Debug\PSOC_FFT.a(ADC_AMux.o)
 .debug_frame   0x00001230       0xe0 .\CortexM3\ARM_GCC_541\Debug\PSOC_FFT.a(ADC_Ext_CP_Clk.o)
 .debug_frame   0x00001310      0x100 .\CortexM3\ARM_GCC_541\Debug\PSOC_FFT.a(ADC_theACLK.o)
 .debug_frame   0x00001410      0x1f8 .\CortexM3\ARM_GCC_541\Debug\PSOC_FFT.a(CyDmac.o)
 .debug_frame   0x00001608      0x738 .\CortexM3\ARM_GCC_541\Debug\PSOC_FFT.a(CyLib.o)
 .debug_frame   0x00001d40      0x1f8 .\CortexM3\ARM_GCC_541\Debug\PSOC_FFT.a(cyPm.o)
 .debug_frame   0x00001f38      0x194 .\CortexM3\ARM_GCC_541\Debug\PSOC_FFT.a(CyFlash.o)
 .debug_frame   0x000020cc      0x180 .\CortexM3\ARM_GCC_541\Debug\PSOC_FFT.a(CySpc.o)
 .debug_frame   0x0000224c       0x38 .\bsw\fft_application\lib\libfft_application.a(fft_application.o)
 .debug_frame   0x00002284       0xac .\bsw\fft_application\lib\libfft_application.a(arm_rfft_q31.o)
 .debug_frame   0x00002330       0x2c .\bsw\fft_application\lib\libfft_application.a(arm_rfft_init_q31.o)
 .debug_frame   0x0000235c       0xa0 .\bsw\fft_application\lib\libfft_application.a(arm_cfft_q31.o)
 .debug_frame   0x000023fc       0xa0 .\bsw\fft_application\lib\libfft_application.a(arm_cfft_radix4_q31.o)
 .debug_frame   0x0000249c       0x40 c:/program files (x86)/cypress/psoc creator/4.4/psoc creator/import/gnu/arm/5.4.1/bin/../lib/gcc/arm-none-eabi/5.4.1/../../../../arm-none-eabi/lib/armv7-m\libm.a(lib_a-w_log10.o)
 .debug_frame   0x000024dc       0x4c c:/program files (x86)/cypress/psoc creator/4.4/psoc creator/import/gnu/arm/5.4.1/bin/../lib/gcc/arm-none-eabi/5.4.1/../../../../arm-none-eabi/lib/armv7-m\libm.a(lib_a-w_pow.o)
 .debug_frame   0x00002528       0x44 c:/program files (x86)/cypress/psoc creator/4.4/psoc creator/import/gnu/arm/5.4.1/bin/../lib/gcc/arm-none-eabi/5.4.1/../../../../arm-none-eabi/lib/armv7-m\libm.a(lib_a-w_sqrt.o)
 .debug_frame   0x0000256c       0x34 c:/program files (x86)/cypress/psoc creator/4.4/psoc creator/import/gnu/arm/5.4.1/bin/../lib/gcc/arm-none-eabi/5.4.1/../../../../arm-none-eabi/lib/armv7-m\libm.a(lib_a-e_log10.o)
 .debug_frame   0x000025a0       0x68 c:/program files (x86)/cypress/psoc creator/4.4/psoc creator/import/gnu/arm/5.4.1/bin/../lib/gcc/arm-none-eabi/5.4.1/../../../../arm-none-eabi/lib/armv7-m\libm.a(lib_a-e_pow.o)
 .debug_frame   0x00002608       0x30 c:/program files (x86)/cypress/psoc creator/4.4/psoc creator/import/gnu/arm/5.4.1/bin/../lib/gcc/arm-none-eabi/5.4.1/../../../../arm-none-eabi/lib/armv7-m\libm.a(lib_a-e_sqrt.o)
 .debug_frame   0x00002638       0x20 c:/program files (x86)/cypress/psoc creator/4.4/psoc creator/import/gnu/arm/5.4.1/bin/../lib/gcc/arm-none-eabi/5.4.1/../../../../arm-none-eabi/lib/armv7-m\libm.a(lib_a-s_fabs.o)
 .debug_frame   0x00002658       0x20 c:/program files (x86)/cypress/psoc creator/4.4/psoc creator/import/gnu/arm/5.4.1/bin/../lib/gcc/arm-none-eabi/5.4.1/../../../../arm-none-eabi/lib/armv7-m\libm.a(lib_a-s_finite.o)
 .debug_frame   0x00002678       0x20 c:/program files (x86)/cypress/psoc creator/4.4/psoc creator/import/gnu/arm/5.4.1/bin/../lib/gcc/arm-none-eabi/5.4.1/../../../../arm-none-eabi/lib/armv7-m\libm.a(lib_a-s_matherr.o)
 .debug_frame   0x00002698       0x20 c:/program files (x86)/cypress/psoc creator/4.4/psoc creator/import/gnu/arm/5.4.1/bin/../lib/gcc/arm-none-eabi/5.4.1/../../../../arm-none-eabi/lib/armv7-m\libm.a(lib_a-s_nan.o)
 .debug_frame   0x000026b8       0x3c c:/program files (x86)/cypress/psoc creator/4.4/psoc creator/import/gnu/arm/5.4.1/bin/../lib/gcc/arm-none-eabi/5.4.1/../../../../arm-none-eabi/lib/armv7-m\libm.a(lib_a-s_rint.o)
 .debug_frame   0x000026f4       0x30 c:/program files (x86)/cypress/psoc creator/4.4/psoc creator/import/gnu/arm/5.4.1/bin/../lib/gcc/arm-none-eabi/5.4.1/../../../../arm-none-eabi/lib/armv7-m\libm.a(lib_a-s_scalbn.o)
 .debug_frame   0x00002724       0x54 c:/program files (x86)/cypress/psoc creator/4.4/psoc creator/import/gnu/arm/5.4.1/bin/../lib/gcc/arm-none-eabi/5.4.1/../../../../arm-none-eabi/lib/armv7-m\libm.a(lib_a-e_log.o)
 .debug_frame   0x00002778       0x20 c:/program files (x86)/cypress/psoc creator/4.4/psoc creator/import/gnu/arm/5.4.1/bin/../lib/gcc/arm-none-eabi/5.4.1/../../../../arm-none-eabi/lib/armv7-m\libm.a(lib_a-s_copysign.o)
 .debug_frame   0x00002798       0x20 c:/program files (x86)/cypress/psoc creator/4.4/psoc creator/import/gnu/arm/5.4.1/bin/../lib/gcc/arm-none-eabi/5.4.1/../../../../arm-none-eabi/lib/armv7-m\libg_nano.a(lib_a-errno.o)
 .debug_frame   0x000027b8       0x28 c:/program files (x86)/cypress/psoc creator/4.4/psoc creator/import/gnu/arm/5.4.1/bin/../lib/gcc/arm-none-eabi/5.4.1/../../../../arm-none-eabi/lib/armv7-m\libg_nano.a(lib_a-exit.o)
 .debug_frame   0x000027e0       0x2c c:/program files (x86)/cypress/psoc creator/4.4/psoc creator/import/gnu/arm/5.4.1/bin/../lib/gcc/arm-none-eabi/5.4.1/../../../../arm-none-eabi/lib/armv7-m\libg_nano.a(lib_a-init.o)
 .debug_frame   0x0000280c       0x30 c:/program files (x86)/cypress/psoc creator/4.4/psoc creator/import/gnu/arm/5.4.1/bin/../lib/gcc/arm-none-eabi/5.4.1/../../../../arm-none-eabi/lib/armv7-m\libg_nano.a(lib_a-malloc.o)
 .debug_frame   0x0000283c       0x28 c:/program files (x86)/cypress/psoc creator/4.4/psoc creator/import/gnu/arm/5.4.1/bin/../lib/gcc/arm-none-eabi/5.4.1/../../../../arm-none-eabi/lib/armv7-m\libg_nano.a(lib_a-memcpy-stub.o)
 .debug_frame   0x00002864       0x20 c:/program files (x86)/cypress/psoc creator/4.4/psoc creator/import/gnu/arm/5.4.1/bin/../lib/gcc/arm-none-eabi/5.4.1/../../../../arm-none-eabi/lib/armv7-m\libg_nano.a(lib_a-memset.o)
 .debug_frame   0x00002884       0x38 c:/program files (x86)/cypress/psoc creator/4.4/psoc creator/import/gnu/arm/5.4.1/bin/../lib/gcc/arm-none-eabi/5.4.1/../../../../arm-none-eabi/lib/armv7-m\libg_nano.a(lib_a-nano-freer.o)
 .debug_frame   0x000028bc       0x2c c:/program files (x86)/cypress/psoc creator/4.4/psoc creator/import/gnu/arm/5.4.1/bin/../lib/gcc/arm-none-eabi/5.4.1/../../../../arm-none-eabi/lib/armv7-m\libg_nano.a(lib_a-nano-mallocr.o)
 .debug_frame   0x000028e8       0x2c c:/program files (x86)/cypress/psoc creator/4.4/psoc creator/import/gnu/arm/5.4.1/bin/../lib/gcc/arm-none-eabi/5.4.1/../../../../arm-none-eabi/lib/armv7-m\libg_nano.a(lib_a-sbrkr.o)
 .debug_frame   0x00002914       0x70 c:/program files (x86)/cypress/psoc creator/4.4/psoc creator/import/gnu/arm/5.4.1/bin/../lib/gcc/arm-none-eabi/5.4.1/../../../../arm-none-eabi/lib/armv7-m\libg_nano.a(lib_a-sprintf.o)
 .debug_frame   0x00002984       0x30 c:/program files (x86)/cypress/psoc creator/4.4/psoc creator/import/gnu/arm/5.4.1/bin/../lib/gcc/arm-none-eabi/5.4.1/../../../../arm-none-eabi/lib/armv7-m\libg_nano.a(lib_a-mlock.o)
 .debug_frame   0x000029b4       0x90 c:/program files (x86)/cypress/psoc creator/4.4/psoc creator/import/gnu/arm/5.4.1/bin/../lib/gcc/arm-none-eabi/5.4.1/../../../../arm-none-eabi/lib/armv7-m\libg_nano.a(lib_a-nano-svfprintf.o)
 .debug_frame   0x00002a44       0x60 c:/program files (x86)/cypress/psoc creator/4.4/psoc creator/import/gnu/arm/5.4.1/bin/../lib/gcc/arm-none-eabi/5.4.1/../../../../arm-none-eabi/lib/armv7-m\libg_nano.a(lib_a-nano-vfprintf_i.o)
 .debug_frame   0x00002aa4       0x5c c:/program files (x86)/cypress/psoc creator/4.4/psoc creator/import/gnu/arm/5.4.1/bin/../lib/gcc/arm-none-eabi/5.4.1/../../../../arm-none-eabi/lib/armv7-m\libg_nano.a(lib_a-reent.o)
 .debug_frame   0x00002b00       0x28 c:/program files (x86)/cypress/psoc creator/4.4/psoc creator/import/gnu/arm/5.4.1/bin/../lib/gcc/arm-none-eabi/5.4.1/../../../../arm-none-eabi/lib/armv7-m\libg_nano.a(lib_a-memchr-stub.o)
 .debug_frame   0x00002b28       0x28 c:/program files (x86)/cypress/psoc creator/4.4/psoc creator/import/gnu/arm/5.4.1/bin/../lib/gcc/arm-none-eabi/5.4.1/../../../../arm-none-eabi/lib/armv7-m\libg_nano.a(lib_a-memmove.o)
 .debug_frame   0x00002b50       0x3c c:/program files (x86)/cypress/psoc creator/4.4/psoc creator/import/gnu/arm/5.4.1/bin/../lib/gcc/arm-none-eabi/5.4.1/../../../../arm-none-eabi/lib/armv7-m\libg_nano.a(lib_a-nano-reallocr.o)
 .debug_frame   0x00002b8c       0x20 c:/program files (x86)/cypress/psoc creator/4.4/psoc creator/import/gnu/arm/5.4.1/bin/../lib/gcc/arm-none-eabi/5.4.1/../../../../arm-none-eabi/lib/armv7-m\libg_nano.a(lib_a-nano-msizer.o)

.debug_str      0x00000000     0x431b
 *(.debug_str)
 .debug_str     0x00000000      0x43f .\CortexM3\ARM_GCC_541\Debug\cfar.o
                                0x498 (size before relaxing)
 .debug_str     0x0000043f      0x3a5 .\CortexM3\ARM_GCC_541\Debug\main.o
                                0x5c2 (size before relaxing)
 .debug_str     0x000007e4       0x14 .\CortexM3\ARM_GCC_541\Debug\dsp.o
                                0x3a5 (size before relaxing)
 .debug_str     0x000007f8       0x56 .\CortexM3\ARM_GCC_541\Debug\logging.o
                                0x441 (size before relaxing)
 .debug_str     0x0000084e       0xbb .\CortexM3\ARM_GCC_541\Debug\led.o
                                0x474 (size before relaxing)
 .debug_str     0x00000909      0x1e9 .\CortexM3\ARM_GCC_541\Debug\cyfitter_cfg.o
                                0x395 (size before relaxing)
 .debug_str     0x00000af2       0x75 .\CortexM3\ARM_GCC_541\Debug\cymetadata.o
                                0x1e9 (size before relaxing)
 .debug_str     0x00000b67      0x154 .\CortexM3\ARM_GCC_541\Debug\Cm3Start.o
                                0x31f (size before relaxing)
 .debug_str     0x00000cbb      0x24c .\CortexM3\ARM_GCC_541\Debug\PSOC_FFT.a(WaveDAC8.o)
                                0x46a (size before relaxing)
 .debug_str     0x00000f07       0x73 .\CortexM3\ARM_GCC_541\Debug\PSOC_FFT.a(LED_yellow.o)
                                0x200 (size before relaxing)
 .debug_str     0x00000f7a       0x57 .\CortexM3\ARM_GCC_541\Debug\PSOC_FFT.a(LED_red.o)
                                0x1f1 (size before relaxing)
 .debug_str     0x00000fd1       0x5f .\CortexM3\ARM_GCC_541\Debug\PSOC_FFT.a(LED_green.o)
                                0x1fb (size before relaxing)
 .debug_str     0x00001030      0x119 .\CortexM3\ARM_GCC_541\Debug\PSOC_FFT.a(isr_button.o)
                                0x2f1 (size before relaxing)
 .debug_str     0x00001149      0x31a .\CortexM3\ARM_GCC_541\Debug\PSOC_FFT.a(UART_LOG.o)
                                0x4f6 (size before relaxing)
 .debug_str     0x00001463       0xe5 .\CortexM3\ARM_GCC_541\Debug\PSOC_FFT.a(isr_rx.o)
                                0x2b9 (size before relaxing)
 .debug_str     0x00001548       0x81 .\CortexM3\ARM_GCC_541\Debug\PSOC_FFT.a(Button.o)
                                0x22a (size before relaxing)
 .debug_str     0x000015c9      0x365 .\CortexM3\ARM_GCC_541\Debug\PSOC_FFT.a(ADC.o)
                                0x5ce (size before relaxing)
 .debug_str     0x0000192e       0x45 .\CortexM3\ARM_GCC_541\Debug\PSOC_FFT.a(ADC_INT.o)
                                0x1c5 (size before relaxing)