ARM GAS  C:\Users\vboxuser\AppData\Local\Temp\ccioFMK3.s 			page 1


   1              		.syntax unified
   2              		.cpu cortex-m3
   3              		.fpu softvfp
   4              		.eabi_attribute 20, 1
   5              		.eabi_attribute 21, 1
   6              		.eabi_attribute 23, 3
   7              		.eabi_attribute 24, 1
   8              		.eabi_attribute 25, 1
   9              		.eabi_attribute 26, 1
  10              		.eabi_attribute 30, 1
  11              		.eabi_attribute 34, 1
  12              		.eabi_attribute 18, 4
  13              		.thumb
  14              		.syntax unified
  15              		.file	"WaveDAC8_BuffAmp.c"
  16              		.text
  17              	.Ltext0:
  18              		.cfi_sections	.debug_frame
  19              		.section	.text.WaveDAC8_BuffAmp_Enable,"ax",%progbits
  20              		.align	2
  21              		.global	WaveDAC8_BuffAmp_Enable
  22              		.thumb
  23              		.thumb_func
  24              		.type	WaveDAC8_BuffAmp_Enable, %function
  25              	WaveDAC8_BuffAmp_Enable:
  26              	.LFB1:
  27              		.file 1 "Generated_Source\\PSoC5\\WaveDAC8_BuffAmp.c"
   1:Generated_Source\PSoC5/WaveDAC8_BuffAmp.c **** /*******************************************************************************
   2:Generated_Source\PSoC5/WaveDAC8_BuffAmp.c **** * File Name: WaveDAC8_BuffAmp.c
   3:Generated_Source\PSoC5/WaveDAC8_BuffAmp.c **** * Version 1.90
   4:Generated_Source\PSoC5/WaveDAC8_BuffAmp.c **** *
   5:Generated_Source\PSoC5/WaveDAC8_BuffAmp.c **** * Description:
   6:Generated_Source\PSoC5/WaveDAC8_BuffAmp.c **** *  This file provides the source code to the API for OpAmp (Analog Buffer) 
   7:Generated_Source\PSoC5/WaveDAC8_BuffAmp.c **** *  Component.
   8:Generated_Source\PSoC5/WaveDAC8_BuffAmp.c **** *
   9:Generated_Source\PSoC5/WaveDAC8_BuffAmp.c **** * Note:
  10:Generated_Source\PSoC5/WaveDAC8_BuffAmp.c **** *
  11:Generated_Source\PSoC5/WaveDAC8_BuffAmp.c **** ********************************************************************************
  12:Generated_Source\PSoC5/WaveDAC8_BuffAmp.c **** * Copyright 2008-2012, Cypress Semiconductor Corporation.  All rights reserved.
  13:Generated_Source\PSoC5/WaveDAC8_BuffAmp.c **** * You may use this file only in accordance with the license, terms, conditions, 
  14:Generated_Source\PSoC5/WaveDAC8_BuffAmp.c **** * disclaimers, and limitations in the end user license agreement accompanying 
  15:Generated_Source\PSoC5/WaveDAC8_BuffAmp.c **** * the software package with which this file was provided.
  16:Generated_Source\PSoC5/WaveDAC8_BuffAmp.c **** *******************************************************************************/
  17:Generated_Source\PSoC5/WaveDAC8_BuffAmp.c **** 
  18:Generated_Source\PSoC5/WaveDAC8_BuffAmp.c **** #include "WaveDAC8_BuffAmp.h"
  19:Generated_Source\PSoC5/WaveDAC8_BuffAmp.c **** 
  20:Generated_Source\PSoC5/WaveDAC8_BuffAmp.c **** uint8 WaveDAC8_BuffAmp_initVar = 0u;
  21:Generated_Source\PSoC5/WaveDAC8_BuffAmp.c **** 
  22:Generated_Source\PSoC5/WaveDAC8_BuffAmp.c **** 
  23:Generated_Source\PSoC5/WaveDAC8_BuffAmp.c **** /*******************************************************************************   
  24:Generated_Source\PSoC5/WaveDAC8_BuffAmp.c **** * Function Name: WaveDAC8_BuffAmp_Init
  25:Generated_Source\PSoC5/WaveDAC8_BuffAmp.c **** ********************************************************************************
  26:Generated_Source\PSoC5/WaveDAC8_BuffAmp.c **** *
  27:Generated_Source\PSoC5/WaveDAC8_BuffAmp.c **** * Summary:
  28:Generated_Source\PSoC5/WaveDAC8_BuffAmp.c **** *  Initialize component's parameters to the parameters set by user in the 
  29:Generated_Source\PSoC5/WaveDAC8_BuffAmp.c **** *  customizer of the component placed onto schematic. Usually called in 
  30:Generated_Source\PSoC5/WaveDAC8_BuffAmp.c **** *  WaveDAC8_BuffAmp_Start().
ARM GAS  C:\Users\vboxuser\AppData\Local\Temp\ccioFMK3.s 			page 2


  31:Generated_Source\PSoC5/WaveDAC8_BuffAmp.c **** *
  32:Generated_Source\PSoC5/WaveDAC8_BuffAmp.c **** * Parameters:
  33:Generated_Source\PSoC5/WaveDAC8_BuffAmp.c **** *  void
  34:Generated_Source\PSoC5/WaveDAC8_BuffAmp.c **** *
  35:Generated_Source\PSoC5/WaveDAC8_BuffAmp.c **** * Return:
  36:Generated_Source\PSoC5/WaveDAC8_BuffAmp.c **** *  void
  37:Generated_Source\PSoC5/WaveDAC8_BuffAmp.c **** *
  38:Generated_Source\PSoC5/WaveDAC8_BuffAmp.c **** *******************************************************************************/
  39:Generated_Source\PSoC5/WaveDAC8_BuffAmp.c **** void WaveDAC8_BuffAmp_Init(void) 
  40:Generated_Source\PSoC5/WaveDAC8_BuffAmp.c **** {
  41:Generated_Source\PSoC5/WaveDAC8_BuffAmp.c ****     WaveDAC8_BuffAmp_SetPower(WaveDAC8_BuffAmp_DEFAULT_POWER);
  42:Generated_Source\PSoC5/WaveDAC8_BuffAmp.c **** }
  43:Generated_Source\PSoC5/WaveDAC8_BuffAmp.c **** 
  44:Generated_Source\PSoC5/WaveDAC8_BuffAmp.c **** 
  45:Generated_Source\PSoC5/WaveDAC8_BuffAmp.c **** /*******************************************************************************   
  46:Generated_Source\PSoC5/WaveDAC8_BuffAmp.c **** * Function Name: WaveDAC8_BuffAmp_Enable
  47:Generated_Source\PSoC5/WaveDAC8_BuffAmp.c **** ********************************************************************************
  48:Generated_Source\PSoC5/WaveDAC8_BuffAmp.c **** *
  49:Generated_Source\PSoC5/WaveDAC8_BuffAmp.c **** * Summary:
  50:Generated_Source\PSoC5/WaveDAC8_BuffAmp.c **** *  Enables the OpAmp block operation
  51:Generated_Source\PSoC5/WaveDAC8_BuffAmp.c **** *
  52:Generated_Source\PSoC5/WaveDAC8_BuffAmp.c **** * Parameters:
  53:Generated_Source\PSoC5/WaveDAC8_BuffAmp.c **** *  void
  54:Generated_Source\PSoC5/WaveDAC8_BuffAmp.c **** *
  55:Generated_Source\PSoC5/WaveDAC8_BuffAmp.c **** * Return:
  56:Generated_Source\PSoC5/WaveDAC8_BuffAmp.c **** *  void
  57:Generated_Source\PSoC5/WaveDAC8_BuffAmp.c **** *
  58:Generated_Source\PSoC5/WaveDAC8_BuffAmp.c **** *******************************************************************************/
  59:Generated_Source\PSoC5/WaveDAC8_BuffAmp.c **** void WaveDAC8_BuffAmp_Enable(void) 
  60:Generated_Source\PSoC5/WaveDAC8_BuffAmp.c **** {
  28              		.loc 1 60 0
  29              		.cfi_startproc
  30              		@ args = 0, pretend = 0, frame = 0
  31              		@ frame_needed = 0, uses_anonymous_args = 0
  32              		@ link register save eliminated.
  61:Generated_Source\PSoC5/WaveDAC8_BuffAmp.c ****     /* Enable negative charge pumps in ANIF */
  62:Generated_Source\PSoC5/WaveDAC8_BuffAmp.c ****     WaveDAC8_BuffAmp_PUMP_CR1_REG  |= (WaveDAC8_BuffAmp_PUMP_CR1_CLKSEL | WaveDAC8_BuffAmp_PUMP_CR1
  33              		.loc 1 62 0
  34 0000 084A     		ldr	r2, .L2
  35 0002 1378     		ldrb	r3, [r2]	@ zero_extendqisi2
  36 0004 43F06003 		orr	r3, r3, #96
  37 0008 1370     		strb	r3, [r2]
  63:Generated_Source\PSoC5/WaveDAC8_BuffAmp.c **** 
  64:Generated_Source\PSoC5/WaveDAC8_BuffAmp.c ****     /* Enable power to buffer in active mode */
  65:Generated_Source\PSoC5/WaveDAC8_BuffAmp.c ****     WaveDAC8_BuffAmp_PM_ACT_CFG_REG |= WaveDAC8_BuffAmp_ACT_PWR_EN;
  38              		.loc 1 65 0
  39 000a A2F5A652 		sub	r2, r2, #5312
  40 000e 133A     		subs	r2, r2, #19
  41 0010 1378     		ldrb	r3, [r2]	@ zero_extendqisi2
  42 0012 43F00803 		orr	r3, r3, #8
  43 0016 1370     		strb	r3, [r2]
  66:Generated_Source\PSoC5/WaveDAC8_BuffAmp.c **** 
  67:Generated_Source\PSoC5/WaveDAC8_BuffAmp.c ****     /* Enable power to buffer in alternative active mode */
  68:Generated_Source\PSoC5/WaveDAC8_BuffAmp.c ****     WaveDAC8_BuffAmp_PM_STBY_CFG_REG |= WaveDAC8_BuffAmp_STBY_PWR_EN;
  44              		.loc 1 68 0
  45 0018 1032     		adds	r2, r2, #16
  46 001a 1378     		ldrb	r3, [r2]	@ zero_extendqisi2
ARM GAS  C:\Users\vboxuser\AppData\Local\Temp\ccioFMK3.s 			page 3


  47 001c 43F00803 		orr	r3, r3, #8
  48 0020 1370     		strb	r3, [r2]
  49 0022 7047     		bx	lr
  50              	.L3:
  51              		.align	2
  52              	.L2:
  53 0024 77580040 		.word	1073764471
  54              		.cfi_endproc
  55              	.LFE1:
  56              		.size	WaveDAC8_BuffAmp_Enable, .-WaveDAC8_BuffAmp_Enable
  57              		.section	.text.WaveDAC8_BuffAmp_Stop,"ax",%progbits
  58              		.align	2
  59              		.global	WaveDAC8_BuffAmp_Stop
  60              		.thumb
  61              		.thumb_func
  62              		.type	WaveDAC8_BuffAmp_Stop, %function
  63              	WaveDAC8_BuffAmp_Stop:
  64              	.LFB3:
  69:Generated_Source\PSoC5/WaveDAC8_BuffAmp.c **** }
  70:Generated_Source\PSoC5/WaveDAC8_BuffAmp.c **** 
  71:Generated_Source\PSoC5/WaveDAC8_BuffAmp.c **** 
  72:Generated_Source\PSoC5/WaveDAC8_BuffAmp.c **** /*******************************************************************************
  73:Generated_Source\PSoC5/WaveDAC8_BuffAmp.c **** * Function Name:   WaveDAC8_BuffAmp_Start
  74:Generated_Source\PSoC5/WaveDAC8_BuffAmp.c **** ********************************************************************************
  75:Generated_Source\PSoC5/WaveDAC8_BuffAmp.c **** *
  76:Generated_Source\PSoC5/WaveDAC8_BuffAmp.c **** * Summary:
  77:Generated_Source\PSoC5/WaveDAC8_BuffAmp.c **** *  The start function initializes the Analog Buffer with the default values and 
  78:Generated_Source\PSoC5/WaveDAC8_BuffAmp.c **** *  sets the power to the given level. A power level of 0, is same as 
  79:Generated_Source\PSoC5/WaveDAC8_BuffAmp.c **** *  executing the stop function.
  80:Generated_Source\PSoC5/WaveDAC8_BuffAmp.c **** *
  81:Generated_Source\PSoC5/WaveDAC8_BuffAmp.c **** * Parameters:
  82:Generated_Source\PSoC5/WaveDAC8_BuffAmp.c **** *  void
  83:Generated_Source\PSoC5/WaveDAC8_BuffAmp.c **** *
  84:Generated_Source\PSoC5/WaveDAC8_BuffAmp.c **** * Return:
  85:Generated_Source\PSoC5/WaveDAC8_BuffAmp.c **** *  void
  86:Generated_Source\PSoC5/WaveDAC8_BuffAmp.c **** *
  87:Generated_Source\PSoC5/WaveDAC8_BuffAmp.c **** * Global variables:
  88:Generated_Source\PSoC5/WaveDAC8_BuffAmp.c **** *  WaveDAC8_BuffAmp_initVar: Used to check the initial configuration, modified 
  89:Generated_Source\PSoC5/WaveDAC8_BuffAmp.c **** *  when this function is called for the first time.
  90:Generated_Source\PSoC5/WaveDAC8_BuffAmp.c **** *
  91:Generated_Source\PSoC5/WaveDAC8_BuffAmp.c **** *******************************************************************************/
  92:Generated_Source\PSoC5/WaveDAC8_BuffAmp.c **** void WaveDAC8_BuffAmp_Start(void) 
  93:Generated_Source\PSoC5/WaveDAC8_BuffAmp.c **** {
  94:Generated_Source\PSoC5/WaveDAC8_BuffAmp.c ****     if(WaveDAC8_BuffAmp_initVar == 0u)
  95:Generated_Source\PSoC5/WaveDAC8_BuffAmp.c ****     {
  96:Generated_Source\PSoC5/WaveDAC8_BuffAmp.c ****         WaveDAC8_BuffAmp_initVar = 1u;
  97:Generated_Source\PSoC5/WaveDAC8_BuffAmp.c ****         WaveDAC8_BuffAmp_Init();
  98:Generated_Source\PSoC5/WaveDAC8_BuffAmp.c ****     }
  99:Generated_Source\PSoC5/WaveDAC8_BuffAmp.c **** 
 100:Generated_Source\PSoC5/WaveDAC8_BuffAmp.c ****     WaveDAC8_BuffAmp_Enable();
 101:Generated_Source\PSoC5/WaveDAC8_BuffAmp.c **** }
 102:Generated_Source\PSoC5/WaveDAC8_BuffAmp.c **** 
 103:Generated_Source\PSoC5/WaveDAC8_BuffAmp.c **** 
 104:Generated_Source\PSoC5/WaveDAC8_BuffAmp.c **** /*******************************************************************************
 105:Generated_Source\PSoC5/WaveDAC8_BuffAmp.c **** * Function Name: WaveDAC8_BuffAmp_Stop
 106:Generated_Source\PSoC5/WaveDAC8_BuffAmp.c **** ********************************************************************************
 107:Generated_Source\PSoC5/WaveDAC8_BuffAmp.c **** *
ARM GAS  C:\Users\vboxuser\AppData\Local\Temp\ccioFMK3.s 			page 4


 108:Generated_Source\PSoC5/WaveDAC8_BuffAmp.c **** * Summary:
 109:Generated_Source\PSoC5/WaveDAC8_BuffAmp.c **** *  Powers down amplifier to lowest power state.
 110:Generated_Source\PSoC5/WaveDAC8_BuffAmp.c **** *
 111:Generated_Source\PSoC5/WaveDAC8_BuffAmp.c **** * Parameters:
 112:Generated_Source\PSoC5/WaveDAC8_BuffAmp.c **** *  void
 113:Generated_Source\PSoC5/WaveDAC8_BuffAmp.c **** *
 114:Generated_Source\PSoC5/WaveDAC8_BuffAmp.c **** * Return:
 115:Generated_Source\PSoC5/WaveDAC8_BuffAmp.c **** *  void
 116:Generated_Source\PSoC5/WaveDAC8_BuffAmp.c **** *
 117:Generated_Source\PSoC5/WaveDAC8_BuffAmp.c **** *******************************************************************************/
 118:Generated_Source\PSoC5/WaveDAC8_BuffAmp.c **** void WaveDAC8_BuffAmp_Stop(void) 
 119:Generated_Source\PSoC5/WaveDAC8_BuffAmp.c **** {
  65              		.loc 1 119 0
  66              		.cfi_startproc
  67              		@ args = 0, pretend = 0, frame = 0
  68              		@ frame_needed = 0, uses_anonymous_args = 0
  69              		@ link register save eliminated.
 120:Generated_Source\PSoC5/WaveDAC8_BuffAmp.c ****     /* Disable power to buffer in active mode template */
 121:Generated_Source\PSoC5/WaveDAC8_BuffAmp.c ****     WaveDAC8_BuffAmp_PM_ACT_CFG_REG &= (uint8)(~WaveDAC8_BuffAmp_ACT_PWR_EN);
  70              		.loc 1 121 0
  71 0000 094B     		ldr	r3, .L6
  72 0002 1A78     		ldrb	r2, [r3]	@ zero_extendqisi2
  73 0004 02F0F702 		and	r2, r2, #247
  74 0008 1A70     		strb	r2, [r3]
 122:Generated_Source\PSoC5/WaveDAC8_BuffAmp.c **** 
 123:Generated_Source\PSoC5/WaveDAC8_BuffAmp.c ****     /* Disable power to buffer in alternative active mode template */
 124:Generated_Source\PSoC5/WaveDAC8_BuffAmp.c ****     WaveDAC8_BuffAmp_PM_STBY_CFG_REG &= (uint8)(~WaveDAC8_BuffAmp_STBY_PWR_EN);
  75              		.loc 1 124 0
  76 000a 0849     		ldr	r1, .L6+4
  77 000c 0A78     		ldrb	r2, [r1]	@ zero_extendqisi2
  78 000e 02F0F702 		and	r2, r2, #247
  79 0012 0A70     		strb	r2, [r1]
 125:Generated_Source\PSoC5/WaveDAC8_BuffAmp.c ****     
 126:Generated_Source\PSoC5/WaveDAC8_BuffAmp.c ****     /* Disable negative charge pumps for ANIF only if all ABuf is turned OFF */
 127:Generated_Source\PSoC5/WaveDAC8_BuffAmp.c ****     if(WaveDAC8_BuffAmp_PM_ACT_CFG_REG == 0u)
  80              		.loc 1 127 0
  81 0014 1B78     		ldrb	r3, [r3]	@ zero_extendqisi2
  82 0016 13F0FF0F 		tst	r3, #255
  83 001a 04D1     		bne	.L4
 128:Generated_Source\PSoC5/WaveDAC8_BuffAmp.c ****     {
 129:Generated_Source\PSoC5/WaveDAC8_BuffAmp.c ****         WaveDAC8_BuffAmp_PUMP_CR1_REG &= (uint8)(~(WaveDAC8_BuffAmp_PUMP_CR1_CLKSEL | WaveDAC8_Buff
  84              		.loc 1 129 0
  85 001c 044A     		ldr	r2, .L6+8
  86 001e 1378     		ldrb	r3, [r2]	@ zero_extendqisi2
  87 0020 03F09F03 		and	r3, r3, #159
  88 0024 1370     		strb	r3, [r2]
  89              	.L4:
  90 0026 7047     		bx	lr
  91              	.L7:
  92              		.align	2
  93              	.L6:
  94 0028 A4430040 		.word	1073759140
  95 002c B4430040 		.word	1073759156
  96 0030 77580040 		.word	1073764471
  97              		.cfi_endproc
  98              	.LFE3:
  99              		.size	WaveDAC8_BuffAmp_Stop, .-WaveDAC8_BuffAmp_Stop
ARM GAS  C:\Users\vboxuser\AppData\Local\Temp\ccioFMK3.s 			page 5


 100              		.section	.text.WaveDAC8_BuffAmp_SetPower,"ax",%progbits
 101              		.align	2
 102              		.global	WaveDAC8_BuffAmp_SetPower
 103              		.thumb
 104              		.thumb_func
 105              		.type	WaveDAC8_BuffAmp_SetPower, %function
 106              	WaveDAC8_BuffAmp_SetPower:
 107              	.LFB4:
 130:Generated_Source\PSoC5/WaveDAC8_BuffAmp.c ****     }
 131:Generated_Source\PSoC5/WaveDAC8_BuffAmp.c **** }
 132:Generated_Source\PSoC5/WaveDAC8_BuffAmp.c **** 
 133:Generated_Source\PSoC5/WaveDAC8_BuffAmp.c **** 
 134:Generated_Source\PSoC5/WaveDAC8_BuffAmp.c **** /*******************************************************************************
 135:Generated_Source\PSoC5/WaveDAC8_BuffAmp.c **** * Function Name: WaveDAC8_BuffAmp_SetPower
 136:Generated_Source\PSoC5/WaveDAC8_BuffAmp.c **** ********************************************************************************
 137:Generated_Source\PSoC5/WaveDAC8_BuffAmp.c **** *
 138:Generated_Source\PSoC5/WaveDAC8_BuffAmp.c **** * Summary:
 139:Generated_Source\PSoC5/WaveDAC8_BuffAmp.c **** *  Sets power level of Analog buffer.
 140:Generated_Source\PSoC5/WaveDAC8_BuffAmp.c **** *
 141:Generated_Source\PSoC5/WaveDAC8_BuffAmp.c **** * Parameters: 
 142:Generated_Source\PSoC5/WaveDAC8_BuffAmp.c **** *  power: PSoC3: Sets power level between low (1) and high power (3).
 143:Generated_Source\PSoC5/WaveDAC8_BuffAmp.c **** *         PSoC5: Sets power level High (0)
 144:Generated_Source\PSoC5/WaveDAC8_BuffAmp.c **** *
 145:Generated_Source\PSoC5/WaveDAC8_BuffAmp.c **** * Return:
 146:Generated_Source\PSoC5/WaveDAC8_BuffAmp.c **** *  void
 147:Generated_Source\PSoC5/WaveDAC8_BuffAmp.c **** *
 148:Generated_Source\PSoC5/WaveDAC8_BuffAmp.c **** **********************************************************************************/
 149:Generated_Source\PSoC5/WaveDAC8_BuffAmp.c **** void WaveDAC8_BuffAmp_SetPower(uint8 power) 
 150:Generated_Source\PSoC5/WaveDAC8_BuffAmp.c **** {
 108              		.loc 1 150 0
 109              		.cfi_startproc
 110              		@ args = 0, pretend = 0, frame = 0
 111              		@ frame_needed = 0, uses_anonymous_args = 0
 112              		@ link register save eliminated.
 113              	.LVL0:
 151:Generated_Source\PSoC5/WaveDAC8_BuffAmp.c ****     #if (CY_PSOC3 || CY_PSOC5LP)
 152:Generated_Source\PSoC5/WaveDAC8_BuffAmp.c ****         WaveDAC8_BuffAmp_CR_REG &= (uint8)(~WaveDAC8_BuffAmp_PWR_MASK);
 114              		.loc 1 152 0
 115 0000 054B     		ldr	r3, .L9
 116 0002 1A78     		ldrb	r2, [r3]	@ zero_extendqisi2
 117 0004 02F0FC02 		and	r2, r2, #252
 118 0008 1A70     		strb	r2, [r3]
 153:Generated_Source\PSoC5/WaveDAC8_BuffAmp.c ****         WaveDAC8_BuffAmp_CR_REG |= power & WaveDAC8_BuffAmp_PWR_MASK;      /* Set device power */
 119              		.loc 1 153 0
 120 000a 1A78     		ldrb	r2, [r3]	@ zero_extendqisi2
 121 000c 00F00300 		and	r0, r0, #3
 122              	.LVL1:
 123 0010 1043     		orrs	r0, r0, r2
 124 0012 1870     		strb	r0, [r3]
 125 0014 7047     		bx	lr
 126              	.L10:
 127 0016 00BF     		.align	2
 128              	.L9:
 129 0018 5E580040 		.word	1073764446
 130              		.cfi_endproc
 131              	.LFE4:
 132              		.size	WaveDAC8_BuffAmp_SetPower, .-WaveDAC8_BuffAmp_SetPower
ARM GAS  C:\Users\vboxuser\AppData\Local\Temp\ccioFMK3.s 			page 6


 133              		.section	.text.WaveDAC8_BuffAmp_Init,"ax",%progbits
 134              		.align	2
 135              		.global	WaveDAC8_BuffAmp_Init
 136              		.thumb
 137              		.thumb_func
 138              		.type	WaveDAC8_BuffAmp_Init, %function
 139              	WaveDAC8_BuffAmp_Init:
 140              	.LFB0:
  40:Generated_Source\PSoC5/WaveDAC8_BuffAmp.c ****     WaveDAC8_BuffAmp_SetPower(WaveDAC8_BuffAmp_DEFAULT_POWER);
 141              		.loc 1 40 0
 142              		.cfi_startproc
 143              		@ args = 0, pretend = 0, frame = 0
 144              		@ frame_needed = 0, uses_anonymous_args = 0
 145 0000 08B5     		push	{r3, lr}
 146              		.cfi_def_cfa_offset 8
 147              		.cfi_offset 3, -8
 148              		.cfi_offset 14, -4
  41:Generated_Source\PSoC5/WaveDAC8_BuffAmp.c **** }
 149              		.loc 1 41 0
 150 0002 0220     		movs	r0, #2
 151 0004 FFF7FEFF 		bl	WaveDAC8_BuffAmp_SetPower
 152              	.LVL2:
 153 0008 08BD     		pop	{r3, pc}
 154              		.cfi_endproc
 155              	.LFE0:
 156              		.size	WaveDAC8_BuffAmp_Init, .-WaveDAC8_BuffAmp_Init
 157 000a 00BF     		.section	.text.WaveDAC8_BuffAmp_Start,"ax",%progbits
 158              		.align	2
 159              		.global	WaveDAC8_BuffAmp_Start
 160              		.thumb
 161              		.thumb_func
 162              		.type	WaveDAC8_BuffAmp_Start, %function
 163              	WaveDAC8_BuffAmp_Start:
 164              	.LFB2:
  93:Generated_Source\PSoC5/WaveDAC8_BuffAmp.c ****     if(WaveDAC8_BuffAmp_initVar == 0u)
 165              		.loc 1 93 0
 166              		.cfi_startproc
 167              		@ args = 0, pretend = 0, frame = 0
 168              		@ frame_needed = 0, uses_anonymous_args = 0
 169 0000 08B5     		push	{r3, lr}
 170              		.cfi_def_cfa_offset 8
 171              		.cfi_offset 3, -8
 172              		.cfi_offset 14, -4
  94:Generated_Source\PSoC5/WaveDAC8_BuffAmp.c ****     {
 173              		.loc 1 94 0
 174 0002 054B     		ldr	r3, .L16
 175 0004 1B78     		ldrb	r3, [r3]	@ zero_extendqisi2
 176 0006 23B9     		cbnz	r3, .L14
  96:Generated_Source\PSoC5/WaveDAC8_BuffAmp.c ****         WaveDAC8_BuffAmp_Init();
 177              		.loc 1 96 0
 178 0008 0122     		movs	r2, #1
 179 000a 034B     		ldr	r3, .L16
 180 000c 1A70     		strb	r2, [r3]
  97:Generated_Source\PSoC5/WaveDAC8_BuffAmp.c ****     }
 181              		.loc 1 97 0
 182 000e FFF7FEFF 		bl	WaveDAC8_BuffAmp_Init
 183              	.LVL3:
ARM GAS  C:\Users\vboxuser\AppData\Local\Temp\ccioFMK3.s 			page 7


 184              	.L14:
 100:Generated_Source\PSoC5/WaveDAC8_BuffAmp.c **** }
 185              		.loc 1 100 0
 186 0012 FFF7FEFF 		bl	WaveDAC8_BuffAmp_Enable
 187              	.LVL4:
 188 0016 08BD     		pop	{r3, pc}
 189              	.L17:
 190              		.align	2
 191              	.L16:
 192 0018 00000000 		.word	.LANCHOR0
 193              		.cfi_endproc
 194              	.LFE2:
 195              		.size	WaveDAC8_BuffAmp_Start, .-WaveDAC8_BuffAmp_Start
 196              		.global	WaveDAC8_BuffAmp_initVar
 197              		.bss
 198              		.set	.LANCHOR0,. + 0
 199              		.type	WaveDAC8_BuffAmp_initVar, %object
 200              		.size	WaveDAC8_BuffAmp_initVar, 1
 201              	WaveDAC8_BuffAmp_initVar:
 202 0000 00       		.space	1
 203              		.text
 204              	.Letext0:
 205              		.file 2 "Generated_Source\\PSoC5\\cytypes.h"
 206              		.section	.debug_info,"",%progbits
 207              	.Ldebug_info0:
 208 0000 4D010000 		.4byte	0x14d
 209 0004 0400     		.2byte	0x4
 210 0006 00000000 		.4byte	.Ldebug_abbrev0
 211 000a 04       		.byte	0x4
 212 000b 01       		.uleb128 0x1
 213 000c 5B000000 		.4byte	.LASF21
 214 0010 0C       		.byte	0xc
 215 0011 31000000 		.4byte	.LASF22
 216 0015 D5010000 		.4byte	.LASF23
 217 0019 00000000 		.4byte	.Ldebug_ranges0+0
 218 001d 00000000 		.4byte	0
 219 0021 00000000 		.4byte	.Ldebug_line0
 220 0025 02       		.uleb128 0x2
 221 0026 01       		.byte	0x1
 222 0027 06       		.byte	0x6
 223 0028 8B010000 		.4byte	.LASF0
 224 002c 02       		.uleb128 0x2
 225 002d 01       		.byte	0x1
 226 002e 08       		.byte	0x8
 227 002f 35010000 		.4byte	.LASF1
 228 0033 02       		.uleb128 0x2
 229 0034 02       		.byte	0x2
 230 0035 05       		.byte	0x5
 231 0036 51010000 		.4byte	.LASF2
 232 003a 02       		.uleb128 0x2
 233 003b 02       		.byte	0x2
 234 003c 07       		.byte	0x7
 235 003d 78010000 		.4byte	.LASF3
 236 0041 02       		.uleb128 0x2
 237 0042 04       		.byte	0x4
 238 0043 05       		.byte	0x5
 239 0044 48010000 		.4byte	.LASF4
ARM GAS  C:\Users\vboxuser\AppData\Local\Temp\ccioFMK3.s 			page 8


 240 0048 02       		.uleb128 0x2
 241 0049 04       		.byte	0x4
 242 004a 07       		.byte	0x7
 243 004b EF000000 		.4byte	.LASF5
 244 004f 02       		.uleb128 0x2
 245 0050 08       		.byte	0x8
 246 0051 05       		.byte	0x5
 247 0052 00000000 		.4byte	.LASF6
 248 0056 02       		.uleb128 0x2
 249 0057 08       		.byte	0x8
 250 0058 07       		.byte	0x7
 251 0059 01010000 		.4byte	.LASF7
 252 005d 03       		.uleb128 0x3
 253 005e 04       		.byte	0x4
 254 005f 05       		.byte	0x5
 255 0060 696E7400 		.ascii	"int\000"
 256 0064 02       		.uleb128 0x2
 257 0065 04       		.byte	0x4
 258 0066 07       		.byte	0x7
 259 0067 0E000000 		.4byte	.LASF8
 260 006b 04       		.uleb128 0x4
 261 006c E9000000 		.4byte	.LASF12
 262 0070 02       		.byte	0x2
 263 0071 E901     		.2byte	0x1e9
 264 0073 2C000000 		.4byte	0x2c
 265 0077 02       		.uleb128 0x2
 266 0078 04       		.byte	0x4
 267 0079 04       		.byte	0x4
 268 007a 18010000 		.4byte	.LASF9
 269 007e 02       		.uleb128 0x2
 270 007f 08       		.byte	0x8
 271 0080 04       		.byte	0x4
 272 0081 5B010000 		.4byte	.LASF10
 273 0085 02       		.uleb128 0x2
 274 0086 01       		.byte	0x1
 275 0087 08       		.byte	0x8
 276 0088 43010000 		.4byte	.LASF11
 277 008c 04       		.uleb128 0x4
 278 008d 1E020000 		.4byte	.LASF13
 279 0091 02       		.byte	0x2
 280 0092 9302     		.2byte	0x293
 281 0094 98000000 		.4byte	0x98
 282 0098 05       		.uleb128 0x5
 283 0099 6B000000 		.4byte	0x6b
 284 009d 02       		.uleb128 0x2
 285 009e 08       		.byte	0x8
 286 009f 04       		.byte	0x4
 287 00a0 C9010000 		.4byte	.LASF14
 288 00a4 02       		.uleb128 0x2
 289 00a5 04       		.byte	0x4
 290 00a6 07       		.byte	0x7
 291 00a7 3C020000 		.4byte	.LASF15
 292 00ab 06       		.uleb128 0x6
 293 00ac B1010000 		.4byte	.LASF16
 294 00b0 01       		.byte	0x1
 295 00b1 3B       		.byte	0x3b
 296 00b2 00000000 		.4byte	.LFB1
ARM GAS  C:\Users\vboxuser\AppData\Local\Temp\ccioFMK3.s 			page 9


 297 00b6 28000000 		.4byte	.LFE1-.LFB1
 298 00ba 01       		.uleb128 0x1
 299 00bb 9C       		.byte	0x9c
 300 00bc 06       		.uleb128 0x6
 301 00bd 62010000 		.4byte	.LASF17
 302 00c1 01       		.byte	0x1
 303 00c2 76       		.byte	0x76
 304 00c3 00000000 		.4byte	.LFB3
 305 00c7 34000000 		.4byte	.LFE3-.LFB3
 306 00cb 01       		.uleb128 0x1
 307 00cc 9C       		.byte	0x9c
 308 00cd 07       		.uleb128 0x7
 309 00ce 97010000 		.4byte	.LASF18
 310 00d2 01       		.byte	0x1
 311 00d3 95       		.byte	0x95
 312 00d4 00000000 		.4byte	.LFB4
 313 00d8 1C000000 		.4byte	.LFE4-.LFB4
 314 00dc 01       		.uleb128 0x1
 315 00dd 9C       		.byte	0x9c
 316 00de F2000000 		.4byte	0xf2
 317 00e2 08       		.uleb128 0x8
 318 00e3 45020000 		.4byte	.LASF24
 319 00e7 01       		.byte	0x1
 320 00e8 95       		.byte	0x95
 321 00e9 6B000000 		.4byte	0x6b
 322 00ed 00000000 		.4byte	.LLST0
 323 00f1 00       		.byte	0
 324 00f2 07       		.uleb128 0x7
 325 00f3 1B000000 		.4byte	.LASF19
 326 00f7 01       		.byte	0x1
 327 00f8 27       		.byte	0x27
 328 00f9 00000000 		.4byte	.LFB0
 329 00fd 0A000000 		.4byte	.LFE0-.LFB0
 330 0101 01       		.uleb128 0x1
 331 0102 9C       		.byte	0x9c
 332 0103 17010000 		.4byte	0x117
 333 0107 09       		.uleb128 0x9
 334 0108 08000000 		.4byte	.LVL2
 335 010c CD000000 		.4byte	0xcd
 336 0110 0A       		.uleb128 0xa
 337 0111 01       		.uleb128 0x1
 338 0112 50       		.byte	0x50
 339 0113 01       		.uleb128 0x1
 340 0114 32       		.byte	0x32
 341 0115 00       		.byte	0
 342 0116 00       		.byte	0
 343 0117 07       		.uleb128 0x7
 344 0118 1E010000 		.4byte	.LASF20
 345 011c 01       		.byte	0x1
 346 011d 5C       		.byte	0x5c
 347 011e 00000000 		.4byte	.LFB2
 348 0122 1C000000 		.4byte	.LFE2-.LFB2
 349 0126 01       		.uleb128 0x1
 350 0127 9C       		.byte	0x9c
 351 0128 3F010000 		.4byte	0x13f
 352 012c 0B       		.uleb128 0xb
 353 012d 12000000 		.4byte	.LVL3
ARM GAS  C:\Users\vboxuser\AppData\Local\Temp\ccioFMK3.s 			page 10


 354 0131 F2000000 		.4byte	0xf2
 355 0135 0B       		.uleb128 0xb
 356 0136 16000000 		.4byte	.LVL4
 357 013a AB000000 		.4byte	0xab
 358 013e 00       		.byte	0
 359 013f 0C       		.uleb128 0xc
 360 0140 23020000 		.4byte	.LASF25
 361 0144 01       		.byte	0x1
 362 0145 14       		.byte	0x14
 363 0146 6B000000 		.4byte	0x6b
 364 014a 05       		.uleb128 0x5
 365 014b 03       		.byte	0x3
 366 014c 00000000 		.4byte	WaveDAC8_BuffAmp_initVar
 367 0150 00       		.byte	0
 368              		.section	.debug_abbrev,"",%progbits
 369              	.Ldebug_abbrev0:
 370 0000 01       		.uleb128 0x1
 371 0001 11       		.uleb128 0x11
 372 0002 01       		.byte	0x1
 373 0003 25       		.uleb128 0x25
 374 0004 0E       		.uleb128 0xe
 375 0005 13       		.uleb128 0x13
 376 0006 0B       		.uleb128 0xb
 377 0007 03       		.uleb128 0x3
 378 0008 0E       		.uleb128 0xe
 379 0009 1B       		.uleb128 0x1b
 380 000a 0E       		.uleb128 0xe
 381 000b 55       		.uleb128 0x55
 382 000c 17       		.uleb128 0x17
 383 000d 11       		.uleb128 0x11
 384 000e 01       		.uleb128 0x1
 385 000f 10       		.uleb128 0x10
 386 0010 17       		.uleb128 0x17
 387 0011 00       		.byte	0
 388 0012 00       		.byte	0
 389 0013 02       		.uleb128 0x2
 390 0014 24       		.uleb128 0x24
 391 0015 00       		.byte	0
 392 0016 0B       		.uleb128 0xb
 393 0017 0B       		.uleb128 0xb
 394 0018 3E       		.uleb128 0x3e
 395 0019 0B       		.uleb128 0xb
 396 001a 03       		.uleb128 0x3
 397 001b 0E       		.uleb128 0xe
 398 001c 00       		.byte	0
 399 001d 00       		.byte	0
 400 001e 03       		.uleb128 0x3
 401 001f 24       		.uleb128 0x24
 402 0020 00       		.byte	0
 403 0021 0B       		.uleb128 0xb
 404 0022 0B       		.uleb128 0xb
 405 0023 3E       		.uleb128 0x3e
 406 0024 0B       		.uleb128 0xb
 407 0025 03       		.uleb128 0x3
 408 0026 08       		.uleb128 0x8
 409 0027 00       		.byte	0
 410 0028 00       		.byte	0
ARM GAS  C:\Users\vboxuser\AppData\Local\Temp\ccioFMK3.s 			page 11


 411 0029 04       		.uleb128 0x4
 412 002a 16       		.uleb128 0x16
 413 002b 00       		.byte	0
 414 002c 03       		.uleb128 0x3
 415 002d 0E       		.uleb128 0xe
 416 002e 3A       		.uleb128 0x3a
 417 002f 0B       		.uleb128 0xb
 418 0030 3B       		.uleb128 0x3b
 419 0031 05       		.uleb128 0x5
 420 0032 49       		.uleb128 0x49
 421 0033 13       		.uleb128 0x13
 422 0034 00       		.byte	0
 423 0035 00       		.byte	0
 424 0036 05       		.uleb128 0x5
 425 0037 35       		.uleb128 0x35
 426 0038 00       		.byte	0
 427 0039 49       		.uleb128 0x49
 428 003a 13       		.uleb128 0x13
 429 003b 00       		.byte	0
 430 003c 00       		.byte	0
 431 003d 06       		.uleb128 0x6
 432 003e 2E       		.uleb128 0x2e
 433 003f 00       		.byte	0
 434 0040 3F       		.uleb128 0x3f
 435 0041 19       		.uleb128 0x19
 436 0042 03       		.uleb128 0x3
 437 0043 0E       		.uleb128 0xe
 438 0044 3A       		.uleb128 0x3a
 439 0045 0B       		.uleb128 0xb
 440 0046 3B       		.uleb128 0x3b
 441 0047 0B       		.uleb128 0xb
 442 0048 27       		.uleb128 0x27
 443 0049 19       		.uleb128 0x19
 444 004a 11       		.uleb128 0x11
 445 004b 01       		.uleb128 0x1
 446 004c 12       		.uleb128 0x12
 447 004d 06       		.uleb128 0x6
 448 004e 40       		.uleb128 0x40
 449 004f 18       		.uleb128 0x18
 450 0050 9742     		.uleb128 0x2117
 451 0052 19       		.uleb128 0x19
 452 0053 00       		.byte	0
 453 0054 00       		.byte	0
 454 0055 07       		.uleb128 0x7
 455 0056 2E       		.uleb128 0x2e
 456 0057 01       		.byte	0x1
 457 0058 3F       		.uleb128 0x3f
 458 0059 19       		.uleb128 0x19
 459 005a 03       		.uleb128 0x3
 460 005b 0E       		.uleb128 0xe
 461 005c 3A       		.uleb128 0x3a
 462 005d 0B       		.uleb128 0xb
 463 005e 3B       		.uleb128 0x3b
 464 005f 0B       		.uleb128 0xb
 465 0060 27       		.uleb128 0x27
 466 0061 19       		.uleb128 0x19
 467 0062 11       		.uleb128 0x11
ARM GAS  C:\Users\vboxuser\AppData\Local\Temp\ccioFMK3.s 			page 12


 468 0063 01       		.uleb128 0x1
 469 0064 12       		.uleb128 0x12
 470 0065 06       		.uleb128 0x6
 471 0066 40       		.uleb128 0x40
 472 0067 18       		.uleb128 0x18
 473 0068 9742     		.uleb128 0x2117
 474 006a 19       		.uleb128 0x19
 475 006b 01       		.uleb128 0x1
 476 006c 13       		.uleb128 0x13
 477 006d 00       		.byte	0
 478 006e 00       		.byte	0
 479 006f 08       		.uleb128 0x8
 480 0070 05       		.uleb128 0x5
 481 0071 00       		.byte	0
 482 0072 03       		.uleb128 0x3
 483 0073 0E       		.uleb128 0xe
 484 0074 3A       		.uleb128 0x3a
 485 0075 0B       		.uleb128 0xb
 486 0076 3B       		.uleb128 0x3b
 487 0077 0B       		.uleb128 0xb
 488 0078 49       		.uleb128 0x49
 489 0079 13       		.uleb128 0x13
 490 007a 02       		.uleb128 0x2
 491 007b 17       		.uleb128 0x17
 492 007c 00       		.byte	0
 493 007d 00       		.byte	0
 494 007e 09       		.uleb128 0x9
 495 007f 898201   		.uleb128 0x4109
 496 0082 01       		.byte	0x1
 497 0083 11       		.uleb128 0x11
 498 0084 01       		.uleb128 0x1
 499 0085 31       		.uleb128 0x31
 500 0086 13       		.uleb128 0x13
 501 0087 00       		.byte	0
 502 0088 00       		.byte	0
 503 0089 0A       		.uleb128 0xa
 504 008a 8A8201   		.uleb128 0x410a
 505 008d 00       		.byte	0
 506 008e 02       		.uleb128 0x2
 507 008f 18       		.uleb128 0x18
 508 0090 9142     		.uleb128 0x2111
 509 0092 18       		.uleb128 0x18
 510 0093 00       		.byte	0
 511 0094 00       		.byte	0
 512 0095 0B       		.uleb128 0xb
 513 0096 898201   		.uleb128 0x4109
 514 0099 00       		.byte	0
 515 009a 11       		.uleb128 0x11
 516 009b 01       		.uleb128 0x1
 517 009c 31       		.uleb128 0x31
 518 009d 13       		.uleb128 0x13
 519 009e 00       		.byte	0
 520 009f 00       		.byte	0
 521 00a0 0C       		.uleb128 0xc
 522 00a1 34       		.uleb128 0x34
 523 00a2 00       		.byte	0
 524 00a3 03       		.uleb128 0x3
ARM GAS  C:\Users\vboxuser\AppData\Local\Temp\ccioFMK3.s 			page 13


 525 00a4 0E       		.uleb128 0xe
 526 00a5 3A       		.uleb128 0x3a
 527 00a6 0B       		.uleb128 0xb
 528 00a7 3B       		.uleb128 0x3b
 529 00a8 0B       		.uleb128 0xb
 530 00a9 49       		.uleb128 0x49
 531 00aa 13       		.uleb128 0x13
 532 00ab 3F       		.uleb128 0x3f
 533 00ac 19       		.uleb128 0x19
 534 00ad 02       		.uleb128 0x2
 535 00ae 18       		.uleb128 0x18
 536 00af 00       		.byte	0
 537 00b0 00       		.byte	0
 538 00b1 00       		.byte	0
 539              		.section	.debug_loc,"",%progbits
 540              	.Ldebug_loc0:
 541              	.LLST0:
 542 0000 00000000 		.4byte	.LVL0
 543 0004 10000000 		.4byte	.LVL1
 544 0008 0100     		.2byte	0x1
 545 000a 50       		.byte	0x50
 546 000b 10000000 		.4byte	.LVL1
 547 000f 1C000000 		.4byte	.LFE4
 548 0013 0400     		.2byte	0x4
 549 0015 F3       		.byte	0xf3
 550 0016 01       		.uleb128 0x1
 551 0017 50       		.byte	0x50
 552 0018 9F       		.byte	0x9f
 553 0019 00000000 		.4byte	0
 554 001d 00000000 		.4byte	0
 555              		.section	.debug_aranges,"",%progbits
 556 0000 3C000000 		.4byte	0x3c
 557 0004 0200     		.2byte	0x2
 558 0006 00000000 		.4byte	.Ldebug_info0
 559 000a 04       		.byte	0x4
 560 000b 00       		.byte	0
 561 000c 0000     		.2byte	0
 562 000e 0000     		.2byte	0
 563 0010 00000000 		.4byte	.LFB1
 564 0014 28000000 		.4byte	.LFE1-.LFB1
 565 0018 00000000 		.4byte	.LFB3
 566 001c 34000000 		.4byte	.LFE3-.LFB3
 567 0020 00000000 		.4byte	.LFB4
 568 0024 1C000000 		.4byte	.LFE4-.LFB4
 569 0028 00000000 		.4byte	.LFB0
 570 002c 0A000000 		.4byte	.LFE0-.LFB0
 571 0030 00000000 		.4byte	.LFB2
 572 0034 1C000000 		.4byte	.LFE2-.LFB2
 573 0038 00000000 		.4byte	0
 574 003c 00000000 		.4byte	0
 575              		.section	.debug_ranges,"",%progbits
 576              	.Ldebug_ranges0:
 577 0000 00000000 		.4byte	.LFB1
 578 0004 28000000 		.4byte	.LFE1
 579 0008 00000000 		.4byte	.LFB3
 580 000c 34000000 		.4byte	.LFE3
 581 0010 00000000 		.4byte	.LFB4
ARM GAS  C:\Users\vboxuser\AppData\Local\Temp\ccioFMK3.s 			page 14


 582 0014 1C000000 		.4byte	.LFE4
 583 0018 00000000 		.4byte	.LFB0
 584 001c 0A000000 		.4byte	.LFE0
 585 0020 00000000 		.4byte	.LFB2
 586 0024 1C000000 		.4byte	.LFE2
 587 0028 00000000 		.4byte	0
 588 002c 00000000 		.4byte	0
 589              		.section	.debug_line,"",%progbits
 590              	.Ldebug_line0:
 591 0000 AF000000 		.section	.debug_str,"MS",%progbits,1
 591      02004D00 
 591      00000201 
 591      FB0E0D00 
 591      01010101 
 592              	.LASF6:
 593 0000 6C6F6E67 		.ascii	"long long int\000"
 593      206C6F6E 
 593      6720696E 
 593      7400
 594              	.LASF8:
 595 000e 756E7369 		.ascii	"unsigned int\000"
 595      676E6564 
 595      20696E74 
 595      00
 596              	.LASF19:
 597 001b 57617665 		.ascii	"WaveDAC8_BuffAmp_Init\000"
 597      44414338 
 597      5F427566 
 597      66416D70 
 597      5F496E69 
 598              	.LASF22:
 599 0031 47656E65 		.ascii	"Generated_Source\\PSoC5\\WaveDAC8_BuffAmp.c\000"
 599      72617465 
 599      645F536F 
 599      75726365 
 599      5C50536F 
 600              	.LASF21:
 601 005b 474E5520 		.ascii	"GNU C11 5.4.1 20160609 (release) [ARM/embedded-5-br"
 601      43313120 
 601      352E342E 
 601      31203230 
 601      31363036 
 602 008e 616E6368 		.ascii	"anch revision 237715] -mcpu=cortex-m3 -mthumb -g -O"
 602      20726576 
 602      6973696F 
 602      6E203233 
 602      37373135 
 603 00c1 67202D66 		.ascii	"g -ffunction-sections -ffat-lto-objects\000"
 603      66756E63 
 603      74696F6E 
 603      2D736563 
 603      74696F6E 
 604              	.LASF12:
 605 00e9 75696E74 		.ascii	"uint8\000"
 605      3800
 606              	.LASF5:
 607 00ef 6C6F6E67 		.ascii	"long unsigned int\000"
ARM GAS  C:\Users\vboxuser\AppData\Local\Temp\ccioFMK3.s 			page 15


 607      20756E73 
 607      69676E65 
 607      6420696E 
 607      7400
 608              	.LASF7:
 609 0101 6C6F6E67 		.ascii	"long long unsigned int\000"
 609      206C6F6E 
 609      6720756E 
 609      7369676E 
 609      65642069 
 610              	.LASF9:
 611 0118 666C6F61 		.ascii	"float\000"
 611      7400
 612              	.LASF20:
 613 011e 57617665 		.ascii	"WaveDAC8_BuffAmp_Start\000"
 613      44414338 
 613      5F427566 
 613      66416D70 
 613      5F537461 
 614              	.LASF1:
 615 0135 756E7369 		.ascii	"unsigned char\000"
 615      676E6564 
 615      20636861 
 615      7200
 616              	.LASF11:
 617 0143 63686172 		.ascii	"char\000"
 617      00
 618              	.LASF4:
 619 0148 6C6F6E67 		.ascii	"long int\000"
 619      20696E74 
 619      00
 620              	.LASF2:
 621 0151 73686F72 		.ascii	"short int\000"
 621      7420696E 
 621      7400
 622              	.LASF10:
 623 015b 646F7562 		.ascii	"double\000"
 623      6C6500
 624              	.LASF17:
 625 0162 57617665 		.ascii	"WaveDAC8_BuffAmp_Stop\000"
 625      44414338 
 625      5F427566 
 625      66416D70 
 625      5F53746F 
 626              	.LASF3:
 627 0178 73686F72 		.ascii	"short unsigned int\000"
 627      7420756E 
 627      7369676E 
 627      65642069 
 627      6E7400
 628              	.LASF0:
 629 018b 7369676E 		.ascii	"signed char\000"
 629      65642063 
 629      68617200 
 630              	.LASF18:
 631 0197 57617665 		.ascii	"WaveDAC8_BuffAmp_SetPower\000"
 631      44414338 
ARM GAS  C:\Users\vboxuser\AppData\Local\Temp\ccioFMK3.s 			page 16


 631      5F427566 
 631      66416D70 
 631      5F536574 
 632              	.LASF16:
 633 01b1 57617665 		.ascii	"WaveDAC8_BuffAmp_Enable\000"
 633      44414338 
 633      5F427566 
 633      66416D70 
 633      5F456E61 
 634              	.LASF14:
 635 01c9 6C6F6E67 		.ascii	"long double\000"
 635      20646F75 
 635      626C6500 
 636              	.LASF23:
 637 01d5 433A5C55 		.ascii	"C:\\Users\\vboxuser\\Documents\\GitHub\\SDHD_Design"
 637      73657273 
 637      5C76626F 
 637      78757365 
 637      725C446F 
 638 0203 5C534448 		.ascii	"\\SDHD_Lab\\Matlab_FFT.cydsn\000"
 638      445F4C61 
 638      625C4D61 
 638      746C6162 
 638      5F464654 
 639              	.LASF13:
 640 021e 72656738 		.ascii	"reg8\000"
 640      00
 641              	.LASF25:
 642 0223 57617665 		.ascii	"WaveDAC8_BuffAmp_initVar\000"
 642      44414338 
 642      5F427566 
 642      66416D70 
 642      5F696E69 
 643              	.LASF15:
 644 023c 73697A65 		.ascii	"sizetype\000"
 644      74797065 
 644      00
 645              	.LASF24:
 646 0245 706F7765 		.ascii	"power\000"
 646      7200
 647              		.ident	"GCC: (GNU Tools for ARM Embedded Processors) 5.4.1 20160609 (release) [ARM/embedded-5-bran
